04:27:36 **** Incremental Build of configuration Debug for project Simple_Project ****
make -j16 all 
Building target: Simple_Project.elf
Executing target #22 Simple_Project.elf
Invoking: Standard S32DS C Linker
arm-none-eabi-gcc -o "Simple_Project.elf" "@Simple_Project.args"   
Finished building target: Simple_Project.elf
 
Executing target #23 Simple_Project.siz
Invoking: Standard S32DS Print Size
arm-none-eabi-size --format=berkeley  Simple_Project.elf 
   text	   data	    bss	    dec	    hex	filename
   8916	      0	   3640	  12556	   310c	Simple_Project.elf
Finished building: Simple_Project.siz
 
