06:58:26 **** Incremental Build of configuration Debug for project Simple_Project ****
make -j16 all 
Building file: ../src/main.c
Executing target #21 ../src/main.c
Invoking: Standard S32DS C Compiler
arm-none-eabi-gcc "@src/main.args" -MMD -MP -MF"src/main.d" -MT"src/main.o" -o "src/main.o" "../src/main.c"
Finished building: ../src/main.c
 
Building target: Simple_Project.elf
Executing target #23 Simple_Project.elf
Invoking: Standard S32DS C Linker
arm-none-eabi-gcc -o "Simple_Project.elf" "@Simple_Project.args"   
Finished building target: Simple_Project.elf
 
Executing target #24 Simple_Project.siz
Invoking: Standard S32DS Print Size
arm-none-eabi-size --format=berkeley  Simple_Project.elf 
   text	   data	    bss	    dec	    hex	filename
  20040	      0	   4768	  24808	   60e8	Simple_Project.elf
Finished building: Simple_Project.siz
 

06:58:26 Build Finished (took 716ms)

