"FreeRTOS Task Aware Debugger for GDB" version 1.0.1 (201610061345)
(c) 2016 NXP Semiconductors, Inc.
==================================
18:51:05.470 INFO: [TadModel] DSF session ID 0 has started.
18:51:13.102 INFO: [TadModel] DSF session ID 1 has started.
18:51:16.170 INFO: [TadState] TAD state changed:  DEBUG_STARTED -> DEBUG_INIT_0 (SUSPENDED, USER_REQUEST)
18:51:19.556 INFO: [TadState] TAD state changed:  DEBUG_INIT_0 -> DEBUG_INIT_1 (RESUMED, USER_REQUEST)
18:51:19.590 INFO: [TadState] TAD state changed:  DEBUG_INIT_1 -> DEBUG_SUSPENDED (SUSPENDED, BREAKPOINT)
18:51:24.20 INFO: [TadState] TAD state changed:  DEBUG_SUSPENDED -> DEBUG_RESUMED (RESUMED, USER_REQUEST)
18:54:15.619 INFO: [TadModel] DSF session ID 2 has started.
18:54:17.150 INFO: [TadState] TAD state changed:  DEBUG_STARTED -> DEBUG_INIT_0 (SUSPENDED, SIGNAL)
18:54:24.677 INFO: [TadState] TAD state changed:  DEBUG_INIT_0 -> DEBUG_INIT_1 (SUSPENDED, USER_REQUEST)
18:54:26.477 INFO: [TadState] TAD state changed:  DEBUG_INIT_1 -> DEBUG_SUSPENDED (RESUMED, USER_REQUEST)
18:54:26.509 INFO: [TadState] TAD state changed:  DEBUG_SUSPENDED -> DEBUG_RESUMED (SUSPENDED, BREAKPOINT)
18:54:29.377 INFO: [TadState] TAD state changed:  DEBUG_RESUMED -> READY (RESUMED, USER_REQUEST)
18:56:37.201 INFO: [TadModel] DSF session ID 3 has started.
18:56:38.419 INFO: [TadState] TAD state changed:  DEBUG_STARTED -> DEBUG_INIT_0 (SUSPENDED, SIGNAL)
18:56:42.125 INFO: [TadState] TAD state changed:  DEBUG_INIT_0 -> DEBUG_INIT_1 (SUSPENDED, USER_REQUEST)
18:56:44.898 INFO: [TadState] TAD state changed:  DEBUG_INIT_1 -> DEBUG_SUSPENDED (RESUMED, USER_REQUEST)
18:56:44.932 INFO: [TadState] TAD state changed:  DEBUG_SUSPENDED -> DEBUG_RESUMED (SUSPENDED, BREAKPOINT)
18:56:45.945 INFO: [TadState] TAD state changed:  DEBUG_RESUMED -> READY (RESUMED, USER_REQUEST)
18:59:51.42 INFO: [TadState] TAD state changed:  READY -> DEBUG_RESUMED (SUSPENDED, SIGNAL)
18:59:52.457 INFO: [TadModel] DSF session ID 3 has ended.
