(20:44:45.182) INFO: [TadState] TAD state init (NONE)
(20:56:03.585) INFO: [TadModel] DSF session ID 0 has started
(20:56:09.529) INFO: [TadState] TAD state changed from DEBUG_STARTED to DEBUG_INIT_0 (Suspended, USER_REQUEST)
(20:56:12.151) INFO: [TadState] TAD state changed from DEBUG_INIT_0 to DEBUG_INIT_1 (Resumed, USER_REQUEST)
(20:56:12.183) INFO: [TadState] TAD state changed from DEBUG_INIT_1 to DEBUG_SUSPENDED (Suspended, BREAKPOINT)
(20:56:13.343) INFO: [TadState] TAD state changed from DEBUG_SUSPENDED to DEBUG_RESUMED (Resumed, USER_REQUEST)
(20:56:40.417) INFO: [TadState] TAD state changed from DEBUG_RESUMED to READY (Suspended, SIGNAL)
(20:56:40.928) ReadingException: com.freescale.mqx.gdb.tad.model.globalstatus.TadGlobalStatusFactory.isMqxDataValid() at 60.line "readLongVariableSafely(_mqx_kernel_data)"
(20:56:40.928) ERROR: [TadGlobalStatusFactory] Kernel Data NOT valid (pointer: 0x0000)
(20:56:40.928) ERROR: [TadGlobalStatusFactory] MQX data not valid!
(20:56:40.928) INFO: [TadModel$3] Loading of TAD Global Status took 504 ms
(20:56:40.929) INFO: [TadGlobalStatusController] TAD global status data is ready!
(20:56:41.859) INFO: [TadModel] DSF session ID 0 has ended
(21:02:20.789) INFO: [TadModel] DSF session ID 1 has started
(21:02:22.904) INFO: [TadState] TAD state changed from DEBUG_STARTED to DEBUG_INIT_0 (Suspended, USER_REQUEST)
(21:02:25.118) INFO: [TadState] TAD state changed from DEBUG_INIT_0 to DEBUG_INIT_1 (Resumed, USER_REQUEST)
(21:02:25.146) INFO: [TadState] TAD state changed from DEBUG_INIT_1 to DEBUG_SUSPENDED (Suspended, BREAKPOINT)
(21:02:27.089) INFO: [TadState] TAD state changed from DEBUG_SUSPENDED to DEBUG_RESUMED (Resumed, USER_REQUEST)
(21:03:36.818) INFO: [TadState] TAD state changed from DEBUG_RESUMED to READY (Suspended, SIGNAL)
(21:03:37.335) ReadingException: com.freescale.mqx.gdb.tad.model.globalstatus.TadGlobalStatusFactory.isMqxDataValid() at 60.line "readLongVariableSafely(_mqx_kernel_data)"
(21:03:37.335) ERROR: [TadGlobalStatusFactory] Kernel Data NOT valid (pointer: 0x0000)
(21:03:37.335) ERROR: [TadGlobalStatusFactory] MQX data not valid!
(21:03:37.335) INFO: [TadModel$3] Loading of TAD Global Status took 513 ms
(21:03:37.337) INFO: [TadGlobalStatusController] TAD global status data is ready!
(21:03:38.234) INFO: [TadModel] DSF session ID 1 has ended
(21:04:05.750) INFO: [TadModel] DSF session ID 2 has started
(21:04:07.853) INFO: [TadState] TAD state changed from DEBUG_STARTED to DEBUG_INIT_0 (Suspended, USER_REQUEST)
(21:04:10.086) INFO: [TadState] TAD state changed from DEBUG_INIT_0 to DEBUG_INIT_1 (Resumed, USER_REQUEST)
(21:04:10.118) INFO: [TadState] TAD state changed from DEBUG_INIT_1 to DEBUG_SUSPENDED (Suspended, BREAKPOINT)
(21:04:15.980) INFO: [TadState] TAD state changed from DEBUG_SUSPENDED to DEBUG_RESUMED (Resumed, USER_REQUEST)
(21:04:41.237) INFO: [TadState] TAD state changed from DEBUG_RESUMED to READY (Suspended, SIGNAL)
(21:04:41.754) ReadingException: com.freescale.mqx.gdb.tad.model.globalstatus.TadGlobalStatusFactory.isMqxDataValid() at 60.line "readLongVariableSafely(_mqx_kernel_data)"
(21:04:41.754) ERROR: [TadGlobalStatusFactory] Kernel Data NOT valid (pointer: 0x0000)
(21:04:41.754) ERROR: [TadGlobalStatusFactory] MQX data not valid!
(21:04:41.754) INFO: [TadModel$3] Loading of TAD Global Status took 514 ms
(21:04:41.755) INFO: [TadGlobalStatusController] TAD global status data is ready!
(21:04:42.623) INFO: [TadModel] DSF session ID 2 has ended
(21:17:22.012) INFO: [TadModel] DSF session ID 3 has started
(21:17:24.761) INFO: [TadState] TAD state changed from DEBUG_STARTED to DEBUG_INIT_0 (Suspended, USER_REQUEST)
(21:17:27.000) INFO: [TadState] TAD state changed from DEBUG_INIT_0 to DEBUG_INIT_1 (Resumed, USER_REQUEST)
(21:17:27.030) INFO: [TadState] TAD state changed from DEBUG_INIT_1 to DEBUG_SUSPENDED (Suspended, BREAKPOINT)
(21:17:27.562) INFO: [TadState] TAD state changed from DEBUG_SUSPENDED to DEBUG_RESUMED (Resumed, USER_REQUEST)
(21:18:11.475) INFO: [TadState] TAD state changed from DEBUG_RESUMED to READY (Suspended, SIGNAL)
(21:18:11.980) ReadingException: com.freescale.mqx.gdb.tad.model.globalstatus.TadGlobalStatusFactory.isMqxDataValid() at 60.line "readLongVariableSafely(_mqx_kernel_data)"
(21:18:11.980) ERROR: [TadGlobalStatusFactory] Kernel Data NOT valid (pointer: 0x0000)
(21:18:11.980) ERROR: [TadGlobalStatusFactory] MQX data not valid!
(21:18:11.980) INFO: [TadModel$3] Loading of TAD Global Status took 503 ms
(21:18:11.980) INFO: [TadGlobalStatusController] TAD global status data is ready!
(21:18:12.879) INFO: [TadModel] DSF session ID 3 has ended
(21:24:58.869) INFO: [TadModel] DSF session ID 4 has started
(21:25:00.951) INFO: [TadState] TAD state changed from DEBUG_STARTED to DEBUG_INIT_0 (Suspended, USER_REQUEST)
(21:25:03.312) INFO: [TadState] TAD state changed from DEBUG_INIT_0 to DEBUG_INIT_1 (Resumed, USER_REQUEST)
(21:25:03.349) INFO: [TadState] TAD state changed from DEBUG_INIT_1 to DEBUG_SUSPENDED (Suspended, BREAKPOINT)
(21:25:04.847) INFO: [TadState] TAD state changed from DEBUG_SUSPENDED to DEBUG_RESUMED (Resumed, USER_REQUEST)
(21:26:58.288) INFO: [TadState] TAD state changed from DEBUG_RESUMED to READY (Suspended, SIGNAL)
(21:26:58.806) ReadingException: com.freescale.mqx.gdb.tad.model.globalstatus.TadGlobalStatusFactory.isMqxDataValid() at 60.line "readLongVariableSafely(_mqx_kernel_data)"
(21:26:58.806) ERROR: [TadGlobalStatusFactory] Kernel Data NOT valid (pointer: 0x0000)
(21:26:58.806) ERROR: [TadGlobalStatusFactory] MQX data not valid!
(21:26:58.807) INFO: [TadModel$3] Loading of TAD Global Status took 515 ms
(21:26:58.807) INFO: [TadGlobalStatusController] TAD global status data is ready!
(21:26:59.262) INFO: [TadModel] DSF session ID 4 has ended
(21:29:03.998) INFO: [TadModel] DSF session ID 5 has started
(21:29:06.203) INFO: [TadState] TAD state changed from DEBUG_STARTED to DEBUG_INIT_0 (Suspended, USER_REQUEST)
(21:29:08.521) INFO: [TadState] TAD state changed from DEBUG_INIT_0 to DEBUG_INIT_1 (Resumed, USER_REQUEST)
(21:29:08.552) INFO: [TadState] TAD state changed from DEBUG_INIT_1 to DEBUG_SUSPENDED (Suspended, BREAKPOINT)
(21:29:11.015) INFO: [TadState] TAD state changed from DEBUG_SUSPENDED to DEBUG_RESUMED (Resumed, USER_REQUEST)
(21:29:51.563) INFO: [TadState] TAD state changed from DEBUG_RESUMED to READY (Suspended, SIGNAL)
(21:29:52.072) ReadingException: com.freescale.mqx.gdb.tad.model.globalstatus.TadGlobalStatusFactory.isMqxDataValid() at 60.line "readLongVariableSafely(_mqx_kernel_data)"
(21:29:52.072) ERROR: [TadGlobalStatusFactory] Kernel Data NOT valid (pointer: 0x0000)
(21:29:52.072) ERROR: [TadGlobalStatusFactory] MQX data not valid!
(21:29:52.072) INFO: [TadModel$3] Loading of TAD Global Status took 507 ms
(21:29:52.072) INFO: [TadGlobalStatusController] TAD global status data is ready!
(21:29:52.939) INFO: [TadModel] DSF session ID 5 has ended
(21:34:01.242) INFO: [TadModel] DSF session ID 6 has started
(21:34:03.833) INFO: [TadState] TAD state changed from DEBUG_STARTED to DEBUG_INIT_0 (Suspended, USER_REQUEST)
(21:34:06.219) INFO: [TadState] TAD state changed from DEBUG_INIT_0 to DEBUG_INIT_1 (Resumed, USER_REQUEST)
(21:34:06.250) INFO: [TadState] TAD state changed from DEBUG_INIT_1 to DEBUG_SUSPENDED (Suspended, BREAKPOINT)
(21:34:07.338) INFO: [TadState] TAD state changed from DEBUG_SUSPENDED to DEBUG_RESUMED (Resumed, USER_REQUEST)
(21:34:31.978) INFO: [TadState] TAD state changed from DEBUG_RESUMED to READY (Suspended, SIGNAL)
(21:34:32.491) ReadingException: com.freescale.mqx.gdb.tad.model.globalstatus.TadGlobalStatusFactory.isMqxDataValid() at 60.line "readLongVariableSafely(_mqx_kernel_data)"
(21:34:32.491) ERROR: [TadGlobalStatusFactory] Kernel Data NOT valid (pointer: 0x0000)
(21:34:32.491) ERROR: [TadGlobalStatusFactory] MQX data not valid!
(21:34:32.491) INFO: [TadModel$3] Loading of TAD Global Status took 510 ms
(21:34:32.492) INFO: [TadGlobalStatusController] TAD global status data is ready!
(21:34:33.361) INFO: [TadModel] DSF session ID 6 has ended
(21:35:48.633) INFO: [TadModel] DSF session ID 7 has started
(21:35:50.982) INFO: [TadState] TAD state changed from DEBUG_STARTED to DEBUG_INIT_0 (Suspended, USER_REQUEST)
(21:35:53.371) INFO: [TadState] TAD state changed from DEBUG_INIT_0 to DEBUG_INIT_1 (Resumed, USER_REQUEST)
(21:35:53.404) INFO: [TadState] TAD state changed from DEBUG_INIT_1 to DEBUG_SUSPENDED (Suspended, BREAKPOINT)
(21:35:56.842) INFO: [TadState] TAD state changed from DEBUG_SUSPENDED to DEBUG_RESUMED (Resumed, USER_REQUEST)
(21:36:17.867) INFO: [TadState] TAD state changed from DEBUG_RESUMED to READY (Suspended, SIGNAL)
(21:36:18.382) ReadingException: com.freescale.mqx.gdb.tad.model.globalstatus.TadGlobalStatusFactory.isMqxDataValid() at 60.line "readLongVariableSafely(_mqx_kernel_data)"
(21:36:18.382) ERROR: [TadGlobalStatusFactory] Kernel Data NOT valid (pointer: 0x0000)
(21:36:18.383) ERROR: [TadGlobalStatusFactory] MQX data not valid!
(21:36:18.383) INFO: [TadModel$3] Loading of TAD Global Status took 514 ms
(21:36:18.383) INFO: [TadGlobalStatusController] TAD global status data is ready!
(21:36:19.268) INFO: [TadModel] DSF session ID 7 has ended
(21:38:08.162) INFO: [TadModel] DSF session ID 8 has started
(21:38:10.324) INFO: [TadState] TAD state changed from DEBUG_STARTED to DEBUG_INIT_0 (Suspended, USER_REQUEST)
(21:38:12.721) INFO: [TadState] TAD state changed from DEBUG_INIT_0 to DEBUG_INIT_1 (Resumed, USER_REQUEST)
(21:38:12.752) INFO: [TadState] TAD state changed from DEBUG_INIT_1 to DEBUG_SUSPENDED (Suspended, BREAKPOINT)
(21:38:14.206) INFO: [TadState] TAD state changed from DEBUG_SUSPENDED to DEBUG_RESUMED (Resumed, USER_REQUEST)
(21:38:28.294) INFO: [TadState] TAD state changed from DEBUG_RESUMED to READY (Suspended, SIGNAL)
(21:38:28.807) ReadingException: com.freescale.mqx.gdb.tad.model.globalstatus.TadGlobalStatusFactory.isMqxDataValid() at 60.line "readLongVariableSafely(_mqx_kernel_data)"
(21:38:28.807) ERROR: [TadGlobalStatusFactory] Kernel Data NOT valid (pointer: 0x0000)
(21:38:28.807) ERROR: [TadGlobalStatusFactory] MQX data not valid!
(21:38:28.807) INFO: [TadModel$3] Loading of TAD Global Status took 511 ms
(21:38:28.807) INFO: [TadGlobalStatusController] TAD global status data is ready!
(21:38:29.730) INFO: [TadModel] DSF session ID 8 has ended
(21:39:13.318) INFO: [TadModel] DSF session ID 9 has started
(21:39:15.417) INFO: [TadState] TAD state changed from DEBUG_STARTED to DEBUG_INIT_0 (Suspended, USER_REQUEST)
(21:39:16.966) INFO: [TadState] TAD state changed from DEBUG_INIT_0 to DEBUG_INIT_1 (Resumed, USER_REQUEST)
(21:39:16.996) INFO: [TadState] TAD state changed from DEBUG_INIT_1 to DEBUG_SUSPENDED (Suspended, BREAKPOINT)
(21:39:23.799) INFO: [TadState] TAD state changed from DEBUG_SUSPENDED to DEBUG_RESUMED (Resumed, USER_REQUEST)
(21:39:34.052) INFO: [TadState] TAD state changed from DEBUG_RESUMED to READY (Suspended, SIGNAL)
(21:39:34.563) ReadingException: com.freescale.mqx.gdb.tad.model.globalstatus.TadGlobalStatusFactory.isMqxDataValid() at 60.line "readLongVariableSafely(_mqx_kernel_data)"
(21:39:34.563) ERROR: [TadGlobalStatusFactory] Kernel Data NOT valid (pointer: 0x0000)
(21:39:34.563) ERROR: [TadGlobalStatusFactory] MQX data not valid!
(21:39:34.563) INFO: [TadModel$3] Loading of TAD Global Status took 508 ms
(21:39:34.563) INFO: [TadGlobalStatusController] TAD global status data is ready!
(21:39:35.433) INFO: [TadModel] DSF session ID 9 has ended
(21:42:17.062) INFO: [TadModel] DSF session ID 10 has started
(21:42:19.318) INFO: [TadState] TAD state changed from DEBUG_STARTED to DEBUG_INIT_0 (Suspended, USER_REQUEST)
(21:42:20.850) INFO: [TadState] TAD state changed from DEBUG_INIT_0 to DEBUG_INIT_1 (Resumed, USER_REQUEST)
(21:42:20.880) INFO: [TadState] TAD state changed from DEBUG_INIT_1 to DEBUG_SUSPENDED (Suspended, BREAKPOINT)
(21:42:22.849) INFO: [TadState] TAD state changed from DEBUG_SUSPENDED to DEBUG_RESUMED (Resumed, USER_REQUEST)
(21:42:32.534) INFO: [TadState] TAD state changed from DEBUG_RESUMED to READY (Suspended, SIGNAL)
(21:42:33.046) ReadingException: com.freescale.mqx.gdb.tad.model.globalstatus.TadGlobalStatusFactory.isMqxDataValid() at 60.line "readLongVariableSafely(_mqx_kernel_data)"
(21:42:33.047) ERROR: [TadGlobalStatusFactory] Kernel Data NOT valid (pointer: 0x0000)
(21:42:33.047) ERROR: [TadGlobalStatusFactory] MQX data not valid!
(21:42:33.047) INFO: [TadModel$3] Loading of TAD Global Status took 509 ms
(21:42:33.048) INFO: [TadGlobalStatusController] TAD global status data is ready!
(21:42:33.913) INFO: [TadModel] DSF session ID 10 has ended
(04:18:45.703) INFO: [TadModel] DSF session ID 11 has started
(04:18:48.478) INFO: [TadState] TAD state changed from DEBUG_STARTED to DEBUG_INIT_0 (Suspended, USER_REQUEST)
(04:18:50.951) INFO: [TadState] TAD state changed from DEBUG_INIT_0 to DEBUG_INIT_1 (Resumed, USER_REQUEST)
(04:18:50.982) INFO: [TadState] TAD state changed from DEBUG_INIT_1 to DEBUG_SUSPENDED (Suspended, BREAKPOINT)
(04:19:00.025) INFO: [TadState] TAD state changed from DEBUG_SUSPENDED to DEBUG_RESUMED (Resumed, USER_REQUEST)
(04:19:42.754) INFO: [TadState] TAD state changed from DEBUG_RESUMED to READY (Suspended, SIGNAL)
(04:19:43.259) ReadingException: com.freescale.mqx.gdb.tad.model.globalstatus.TadGlobalStatusFactory.isMqxDataValid() at 60.line "readLongVariableSafely(_mqx_kernel_data)"
(04:19:43.259) ERROR: [TadGlobalStatusFactory] Kernel Data NOT valid (pointer: 0x0000)
(04:19:43.259) ERROR: [TadGlobalStatusFactory] MQX data not valid!
(04:19:43.259) INFO: [TadModel$3] Loading of TAD Global Status took 502 ms
(04:19:43.260) INFO: [TadGlobalStatusController] TAD global status data is ready!
(04:19:44.149) INFO: [TadModel] DSF session ID 11 has ended
(04:22:19.000) INFO: [TadModel] DSF session ID 12 has started
(04:22:21.593) INFO: [TadState] TAD state changed from DEBUG_STARTED to DEBUG_INIT_0 (Suspended, USER_REQUEST)
(04:22:23.880) INFO: [TadState] TAD state changed from DEBUG_INIT_0 to DEBUG_INIT_1 (Resumed, USER_REQUEST)
(04:22:23.911) INFO: [TadState] TAD state changed from DEBUG_INIT_1 to DEBUG_SUSPENDED (Suspended, BREAKPOINT)
(04:22:24.988) INFO: [TadState] TAD state changed from DEBUG_SUSPENDED to DEBUG_RESUMED (Resumed, USER_REQUEST)
(04:22:37.889) INFO: [TadState] TAD state changed from DEBUG_RESUMED to READY (Suspended, SIGNAL)
(04:22:38.406) ReadingException: com.freescale.mqx.gdb.tad.model.globalstatus.TadGlobalStatusFactory.isMqxDataValid() at 60.line "readLongVariableSafely(_mqx_kernel_data)"
(04:22:38.406) ERROR: [TadGlobalStatusFactory] Kernel Data NOT valid (pointer: 0x0000)
(04:22:38.406) ERROR: [TadGlobalStatusFactory] MQX data not valid!
(04:22:38.406) INFO: [TadModel$3] Loading of TAD Global Status took 514 ms
(04:22:38.406) INFO: [TadGlobalStatusController] TAD global status data is ready!
(04:22:39.267) INFO: [TadModel] DSF session ID 12 has ended
(04:23:06.982) INFO: [TadModel] DSF session ID 13 has started
(04:23:09.467) INFO: [TadState] TAD state changed from DEBUG_STARTED to DEBUG_INIT_0 (Suspended, USER_REQUEST)
(04:23:10.962) INFO: [TadState] TAD state changed from DEBUG_INIT_0 to DEBUG_INIT_1 (Resumed, USER_REQUEST)
(04:23:10.993) INFO: [TadState] TAD state changed from DEBUG_INIT_1 to DEBUG_SUSPENDED (Suspended, BREAKPOINT)
(04:23:11.815) INFO: [TadState] TAD state changed from DEBUG_SUSPENDED to DEBUG_RESUMED (Resumed, USER_REQUEST)
(04:23:26.151) INFO: [TadState] TAD state changed from DEBUG_RESUMED to READY (Suspended, SIGNAL)
(04:23:26.658) ReadingException: com.freescale.mqx.gdb.tad.model.globalstatus.TadGlobalStatusFactory.isMqxDataValid() at 60.line "readLongVariableSafely(_mqx_kernel_data)"
(04:23:26.658) ERROR: [TadGlobalStatusFactory] Kernel Data NOT valid (pointer: 0x0000)
(04:23:26.658) ERROR: [TadGlobalStatusFactory] MQX data not valid!
(04:23:26.658) INFO: [TadModel$3] Loading of TAD Global Status took 504 ms
(04:23:26.658) INFO: [TadGlobalStatusController] TAD global status data is ready!
(04:23:27.574) INFO: [TadModel] DSF session ID 13 has ended
(04:23:46.133) INFO: [TadModel] DSF session ID 14 has started
(04:23:48.535) INFO: [TadState] TAD state changed from DEBUG_STARTED to DEBUG_INIT_0 (Suspended, USER_REQUEST)
(04:23:50.926) INFO: [TadState] TAD state changed from DEBUG_INIT_0 to DEBUG_INIT_1 (Resumed, USER_REQUEST)
(04:23:50.957) INFO: [TadState] TAD state changed from DEBUG_INIT_1 to DEBUG_SUSPENDED (Suspended, BREAKPOINT)
(04:23:55.557) INFO: [TadState] TAD state changed from DEBUG_SUSPENDED to DEBUG_RESUMED (Resumed, USER_REQUEST)
(04:24:05.804) INFO: [TadState] TAD state changed from DEBUG_RESUMED to READY (Suspended, SIGNAL)
(04:24:06.310) ReadingException: com.freescale.mqx.gdb.tad.model.globalstatus.TadGlobalStatusFactory.isMqxDataValid() at 60.line "readLongVariableSafely(_mqx_kernel_data)"
(04:24:06.310) ERROR: [TadGlobalStatusFactory] Kernel Data NOT valid (pointer: 0x0000)
(04:24:06.310) ERROR: [TadGlobalStatusFactory] MQX data not valid!
(04:24:06.311) INFO: [TadModel$3] Loading of TAD Global Status took 504 ms
(04:24:06.311) INFO: [TadGlobalStatusController] TAD global status data is ready!
(04:24:07.231) INFO: [TadModel] DSF session ID 14 has ended
(04:34:26.440) INFO: [TadModel] DSF session ID 15 has started
(04:34:28.719) INFO: [TadState] TAD state changed from DEBUG_STARTED to DEBUG_INIT_0 (Suspended, USER_REQUEST)
(04:34:31.092) INFO: [TadState] TAD state changed from DEBUG_INIT_0 to DEBUG_INIT_1 (Resumed, USER_REQUEST)
(04:34:31.122) INFO: [TadState] TAD state changed from DEBUG_INIT_1 to DEBUG_SUSPENDED (Suspended, BREAKPOINT)
(04:34:32.729) INFO: [TadState] TAD state changed from DEBUG_SUSPENDED to DEBUG_RESUMED (Resumed, USER_REQUEST)
(04:34:32.767) INFO: [TadState] TAD state changed from DEBUG_RESUMED to READY (Suspended, BREAKPOINT)
(04:34:33.271) ReadingException: com.freescale.mqx.gdb.tad.model.globalstatus.TadGlobalStatusFactory.isMqxDataValid() at 60.line "readLongVariableSafely(_mqx_kernel_data)"
(04:34:33.271) ERROR: [TadGlobalStatusFactory] Kernel Data NOT valid (pointer: 0x0000)
(04:34:33.271) ERROR: [TadGlobalStatusFactory] MQX data not valid!
(04:34:33.271) INFO: [TadModel$3] Loading of TAD Global Status took 501 ms
(04:34:33.271) INFO: [TadGlobalStatusController] TAD global status data is ready!
(04:35:06.756) INFO: [TadModel] DSF session ID 15 has ended
(04:36:50.462) INFO: [TadModel] DSF session ID 16 has started
(04:36:52.705) INFO: [TadState] TAD state changed from DEBUG_STARTED to DEBUG_INIT_0 (Suspended, USER_REQUEST)
(04:36:55.158) INFO: [TadState] TAD state changed from DEBUG_INIT_0 to DEBUG_INIT_1 (Resumed, USER_REQUEST)
(04:36:55.189) INFO: [TadState] TAD state changed from DEBUG_INIT_1 to DEBUG_SUSPENDED (Suspended, BREAKPOINT)
(04:36:57.071) INFO: [TadState] TAD state changed from DEBUG_SUSPENDED to DEBUG_RESUMED (Resumed, USER_REQUEST)
(04:36:57.115) INFO: [TadState] TAD state changed from DEBUG_RESUMED to READY (Suspended, BREAKPOINT)
(04:36:57.634) ReadingException: com.freescale.mqx.gdb.tad.model.globalstatus.TadGlobalStatusFactory.isMqxDataValid() at 60.line "readLongVariableSafely(_mqx_kernel_data)"
(04:36:57.634) ERROR: [TadGlobalStatusFactory] Kernel Data NOT valid (pointer: 0x0000)
(04:36:57.634) ERROR: [TadGlobalStatusFactory] MQX data not valid!
(04:36:57.634) INFO: [TadModel$3] Loading of TAD Global Status took 515 ms
(04:36:57.635) INFO: [TadGlobalStatusController] TAD global status data is ready!
(04:37:00.876) INFO: [TadState] TAD state changed from READY to DEBUG_RESUMED (Resumed, USER_REQUEST)
(04:37:48.350) INFO: [TadState] TAD state changed from DEBUG_RESUMED to READY (Suspended, SIGNAL)
(04:37:48.860) ReadingException: com.freescale.mqx.gdb.tad.model.globalstatus.TadGlobalStatusFactory.isMqxDataValid() at 60.line "readLongVariableSafely(_mqx_kernel_data)"
(04:37:48.860) ERROR: [TadGlobalStatusFactory] Kernel Data NOT valid (pointer: 0x0000)
(04:37:48.860) ERROR: [TadGlobalStatusFactory] MQX data not valid!
(04:37:48.860) INFO: [TadModel$3] Loading of TAD Global Status took 508 ms
(04:37:48.860) INFO: [TadGlobalStatusController] TAD global status data is ready!
(04:37:49.771) INFO: [TadModel] DSF session ID 16 has ended
(04:45:07.019) INFO: [TadModel] DSF session ID 17 has started
(04:45:10.005) INFO: [TadState] TAD state changed from DEBUG_STARTED to DEBUG_INIT_0 (Suspended, USER_REQUEST)
(04:45:12.415) INFO: [TadState] TAD state changed from DEBUG_INIT_0 to DEBUG_INIT_1 (Resumed, USER_REQUEST)
(04:45:12.453) INFO: [TadState] TAD state changed from DEBUG_INIT_1 to DEBUG_SUSPENDED (Suspended, BREAKPOINT)
(04:45:13.556) INFO: [TadState] TAD state changed from DEBUG_SUSPENDED to DEBUG_RESUMED (Resumed, USER_REQUEST)
(04:45:13.596) INFO: [TadState] TAD state changed from DEBUG_RESUMED to READY (Suspended, BREAKPOINT)
(04:45:14.115) ReadingException: com.freescale.mqx.gdb.tad.model.globalstatus.TadGlobalStatusFactory.isMqxDataValid() at 60.line "readLongVariableSafely(_mqx_kernel_data)"
(04:45:14.115) ERROR: [TadGlobalStatusFactory] Kernel Data NOT valid (pointer: 0x0000)
(04:45:14.115) ERROR: [TadGlobalStatusFactory] MQX data not valid!
(04:45:14.115) INFO: [TadModel$3] Loading of TAD Global Status took 515 ms
(04:45:14.115) INFO: [TadGlobalStatusController] TAD global status data is ready!
(04:45:32.066) INFO: [TadState] TAD state changed from READY to DEBUG_RESUMED (Resumed, USER_REQUEST)
(04:45:47.187) INFO: [TadState] TAD state changed from DEBUG_RESUMED to READY (Suspended, SIGNAL)
(04:45:47.698) ReadingException: com.freescale.mqx.gdb.tad.model.globalstatus.TadGlobalStatusFactory.isMqxDataValid() at 60.line "readLongVariableSafely(_mqx_kernel_data)"
(04:45:47.698) ERROR: [TadGlobalStatusFactory] Kernel Data NOT valid (pointer: 0x0000)
(04:45:47.698) ERROR: [TadGlobalStatusFactory] MQX data not valid!
(04:45:47.699) INFO: [TadModel$3] Loading of TAD Global Status took 507 ms
(04:45:47.699) INFO: [TadGlobalStatusController] TAD global status data is ready!
