(07:38:30.019) INFO: [TadState] TAD state init (NONE)
(07:39:46.578) INFO: [TadModel] DSF session ID 0 has started
(07:40:02.876) INFO: [TadState] TAD state changed from DEBUG_STARTED to DEBUG_INIT_0 (Suspended, USER_REQUEST)
(07:40:06.109) INFO: [TadState] TAD state changed from DEBUG_INIT_0 to DEBUG_INIT_1 (Resumed, USER_REQUEST)
(07:40:06.144) INFO: [TadState] TAD state changed from DEBUG_INIT_1 to DEBUG_SUSPENDED (Suspended, BREAKPOINT)
(07:41:31.593) INFO: [TadState] TAD state changed from DEBUG_SUSPENDED to DEBUG_RESUMED (Resumed, USER_REQUEST)
(07:42:58.592) INFO: [TadState] TAD state changed from DEBUG_RESUMED to READY (Suspended, SIGNAL)
(07:42:59.115) ReadingException: com.freescale.mqx.gdb.tad.model.globalstatus.TadGlobalStatusFactory.isMqxDataValid() at 60.line "readLongVariableSafely(_mqx_kernel_data)"
(07:42:59.115) ERROR: [TadGlobalStatusFactory] Kernel Data NOT valid (pointer: 0x0000)
(07:42:59.115) ERROR: [TadGlobalStatusFactory] MQX data not valid!
(07:42:59.115) INFO: [TadModel$3] Loading of TAD Global Status took 517 ms
(07:42:59.115) INFO: [TadGlobalStatusController] TAD global status data is ready!
(07:43:00.263) INFO: [TadModel] DSF session ID 0 has ended
(07:44:57.852) INFO: [TadModel] DSF session ID 1 has started
(07:45:02.091) INFO: [TadState] TAD state changed from DEBUG_STARTED to DEBUG_INIT_0 (Suspended, USER_REQUEST)
(07:45:04.735) INFO: [TadState] TAD state changed from DEBUG_INIT_0 to DEBUG_INIT_1 (Resumed, USER_REQUEST)
(07:45:04.771) INFO: [TadState] TAD state changed from DEBUG_INIT_1 to DEBUG_SUSPENDED (Suspended, BREAKPOINT)
(07:45:06.171) INFO: [TadState] TAD state changed from DEBUG_SUSPENDED to DEBUG_RESUMED (Resumed, USER_REQUEST)
(07:48:38.827) INFO: [TadState] TAD state changed from DEBUG_RESUMED to READY (Suspended, SIGNAL)
(07:48:39.351) ReadingException: com.freescale.mqx.gdb.tad.model.globalstatus.TadGlobalStatusFactory.isMqxDataValid() at 60.line "readLongVariableSafely(_mqx_kernel_data)"
(07:48:39.351) ERROR: [TadGlobalStatusFactory] Kernel Data NOT valid (pointer: 0x0000)
(07:48:39.351) ERROR: [TadGlobalStatusFactory] MQX data not valid!
(07:48:39.352) INFO: [TadModel$3] Loading of TAD Global Status took 510 ms
(07:48:39.352) INFO: [TadGlobalStatusController] TAD global status data is ready!
(07:48:40.241) INFO: [TadModel] DSF session ID 1 has ended
(07:48:41.354) INFO: [TadModel] DSF session ID 2 has started
(07:48:52.215) INFO: [TadState] TAD state changed from DEBUG_STARTED to DEBUG_INIT_0 (Suspended, USER_REQUEST)
(07:48:55.533) INFO: [TadState] TAD state changed from DEBUG_INIT_0 to DEBUG_INIT_1 (Resumed, USER_REQUEST)
(07:48:55.569) INFO: [TadState] TAD state changed from DEBUG_INIT_1 to DEBUG_SUSPENDED (Suspended, BREAKPOINT)
(07:48:56.398) INFO: [TadState] TAD state changed from DEBUG_SUSPENDED to DEBUG_RESUMED (Resumed, USER_REQUEST)
(07:50:19.132) INFO: [TadState] TAD state changed from DEBUG_RESUMED to READY (Suspended, SIGNAL)
(07:50:19.653) ReadingException: com.freescale.mqx.gdb.tad.model.globalstatus.TadGlobalStatusFactory.isMqxDataValid() at 60.line "readLongVariableSafely(_mqx_kernel_data)"
(07:50:19.653) ERROR: [TadGlobalStatusFactory] Kernel Data NOT valid (pointer: 0x0000)
(07:50:19.653) ERROR: [TadGlobalStatusFactory] MQX data not valid!
(07:50:19.654) INFO: [TadModel$3] Loading of TAD Global Status took 517 ms
(07:50:19.654) INFO: [TadGlobalStatusController] TAD global status data is ready!
(07:50:20.636) INFO: [TadModel] DSF session ID 2 has ended
(07:50:20.944) INFO: [TadModel] DSF session ID 3 has started
(07:50:27.032) INFO: [TadState] TAD state changed from DEBUG_STARTED to DEBUG_INIT_0 (Suspended, USER_REQUEST)
(07:50:29.716) INFO: [TadState] TAD state changed from DEBUG_INIT_0 to DEBUG_INIT_1 (Resumed, USER_REQUEST)
(07:50:29.751) INFO: [TadState] TAD state changed from DEBUG_INIT_1 to DEBUG_SUSPENDED (Suspended, BREAKPOINT)
(07:50:31.262) INFO: [TadState] TAD state changed from DEBUG_SUSPENDED to DEBUG_RESUMED (Resumed, USER_REQUEST)
(07:51:27.331) INFO: [TadState] TAD state changed from DEBUG_RESUMED to READY (Suspended, SIGNAL)
(07:51:27.840) ReadingException: com.freescale.mqx.gdb.tad.model.globalstatus.TadGlobalStatusFactory.isMqxDataValid() at 60.line "readLongVariableSafely(_mqx_kernel_data)"
(07:51:27.840) ERROR: [TadGlobalStatusFactory] Kernel Data NOT valid (pointer: 0x0000)
(07:51:27.841) ERROR: [TadGlobalStatusFactory] MQX data not valid!
(07:51:27.841) INFO: [TadModel$3] Loading of TAD Global Status took 503 ms
(07:51:27.841) INFO: [TadGlobalStatusController] TAD global status data is ready!
(07:51:28.950) INFO: [TadModel] DSF session ID 3 has ended
(07:51:43.386) INFO: [TadModel] DSF session ID 4 has started
(07:51:50.970) INFO: [TadState] TAD state changed from DEBUG_STARTED to DEBUG_INIT_0 (Suspended, USER_REQUEST)
(07:51:52.638) INFO: [TadState] TAD state changed from DEBUG_INIT_0 to DEBUG_INIT_1 (Resumed, USER_REQUEST)
(07:51:52.673) INFO: [TadState] TAD state changed from DEBUG_INIT_1 to DEBUG_SUSPENDED (Suspended, BREAKPOINT)
(07:51:57.048) INFO: [TadState] TAD state changed from DEBUG_SUSPENDED to DEBUG_RESUMED (Resumed, USER_REQUEST)
(07:54:27.301) INFO: [TadState] TAD state changed from DEBUG_RESUMED to READY (Suspended, SIGNAL)
(07:54:27.815) ReadingException: com.freescale.mqx.gdb.tad.model.globalstatus.TadGlobalStatusFactory.isMqxDataValid() at 60.line "readLongVariableSafely(_mqx_kernel_data)"
(07:54:27.815) ERROR: [TadGlobalStatusFactory] Kernel Data NOT valid (pointer: 0x0000)
(07:54:27.815) ERROR: [TadGlobalStatusFactory] MQX data not valid!
(07:54:27.816) INFO: [TadModel$3] Loading of TAD Global Status took 511 ms
(07:54:27.816) INFO: [TadGlobalStatusController] TAD global status data is ready!
(07:54:28.975) INFO: [TadModel] DSF session ID 4 has ended
(07:55:18.461) INFO: [TadModel] DSF session ID 5 has started
(07:55:20.608) INFO: [TadState] TAD state changed from DEBUG_STARTED to DEBUG_INIT_0 (Suspended, USER_REQUEST)
(07:55:23.143) INFO: [TadState] TAD state changed from DEBUG_INIT_0 to DEBUG_INIT_1 (Resumed, USER_REQUEST)
(07:55:23.175) INFO: [TadState] TAD state changed from DEBUG_INIT_1 to DEBUG_SUSPENDED (Suspended, BREAKPOINT)
(07:55:23.806) INFO: [TadState] TAD state changed from DEBUG_SUSPENDED to DEBUG_RESUMED (Resumed, USER_REQUEST)
(07:59:59.074) INFO: [TadModel] DSF session ID 6 has started
(08:00:00.281) INFO: [TadState] TAD state changed from DEBUG_STARTED to DEBUG_INIT_0 (Suspended, SIGNAL)
(08:00:02.054) INFO: [TadModel] DSF session ID 5 has ended
(08:00:03.297) INFO: [TadState] TAD state changed from NONE to DEBUG_INIT_0 (Suspended, USER_REQUEST)
(08:00:05.846) INFO: [TadState] TAD state changed from DEBUG_INIT_0 to DEBUG_INIT_1 (Resumed, USER_REQUEST)
(08:00:05.880) INFO: [TadState] TAD state changed from DEBUG_INIT_1 to DEBUG_SUSPENDED (Suspended, BREAKPOINT)
(08:00:05.919) INFO: [TadState] TAD state changed from DEBUG_SUSPENDED to DEBUG_RESUMED (Resumed, USER_REQUEST)
(08:06:52.433) INFO: [TadState] TAD state changed from DEBUG_RESUMED to READY (Suspended, SIGNAL)
(08:06:52.949) ReadingException: com.freescale.mqx.gdb.tad.model.globalstatus.TadGlobalStatusFactory.isMqxDataValid() at 60.line "readLongVariableSafely(_mqx_kernel_data)"
(08:06:52.949) ERROR: [TadGlobalStatusFactory] Kernel Data NOT valid (pointer: 0x0000)
(08:06:52.949) ERROR: [TadGlobalStatusFactory] MQX data not valid!
(08:06:52.949) INFO: [TadModel$3] Loading of TAD Global Status took 514 ms
(08:06:52.949) INFO: [TadGlobalStatusController] TAD global status data is ready!
(08:06:53.819) INFO: [TadModel] DSF session ID 6 has ended
(08:06:54.167) INFO: [TadModel] DSF session ID 7 has started
(08:06:57.454) INFO: [TadState] TAD state changed from DEBUG_STARTED to DEBUG_INIT_0 (Suspended, USER_REQUEST)
(08:07:00.033) INFO: [TadState] TAD state changed from DEBUG_INIT_0 to DEBUG_INIT_1 (Resumed, USER_REQUEST)
(08:07:00.067) INFO: [TadState] TAD state changed from DEBUG_INIT_1 to DEBUG_SUSPENDED (Suspended, BREAKPOINT)
(08:07:00.855) INFO: [TadState] TAD state changed from DEBUG_SUSPENDED to DEBUG_RESUMED (Resumed, USER_REQUEST)
(08:08:41.398) INFO: [TadState] TAD state changed from DEBUG_RESUMED to READY (Suspended, SIGNAL)
(08:08:41.907) ReadingException: com.freescale.mqx.gdb.tad.model.globalstatus.TadGlobalStatusFactory.isMqxDataValid() at 60.line "readLongVariableSafely(_mqx_kernel_data)"
(08:08:41.907) ERROR: [TadGlobalStatusFactory] Kernel Data NOT valid (pointer: 0x0000)
(08:08:41.907) ERROR: [TadGlobalStatusFactory] MQX data not valid!
(08:08:41.907) INFO: [TadModel$3] Loading of TAD Global Status took 506 ms
(08:08:41.908) INFO: [TadGlobalStatusController] TAD global status data is ready!
(08:08:42.787) INFO: [TadModel] DSF session ID 7 has ended
(08:08:43.081) INFO: [TadModel] DSF session ID 8 has started
(08:08:46.269) INFO: [TadState] TAD state changed from DEBUG_STARTED to DEBUG_INIT_0 (Suspended, USER_REQUEST)
(08:08:48.829) INFO: [TadState] TAD state changed from DEBUG_INIT_0 to DEBUG_INIT_1 (Resumed, USER_REQUEST)
(08:08:48.861) INFO: [TadState] TAD state changed from DEBUG_INIT_1 to DEBUG_SUSPENDED (Suspended, BREAKPOINT)
(08:08:50.209) INFO: [TadState] TAD state changed from DEBUG_SUSPENDED to DEBUG_RESUMED (Resumed, USER_REQUEST)
(08:18:47.658) INFO: [TadState] TAD state changed from DEBUG_RESUMED to READY (Suspended, SIGNAL)
(08:18:48.166) ReadingException: com.freescale.mqx.gdb.tad.model.globalstatus.TadGlobalStatusFactory.isMqxDataValid() at 60.line "readLongVariableSafely(_mqx_kernel_data)"
(08:18:48.166) ERROR: [TadGlobalStatusFactory] Kernel Data NOT valid (pointer: 0x0000)
(08:18:48.166) ERROR: [TadGlobalStatusFactory] MQX data not valid!
(08:18:48.166) INFO: [TadModel$3] Loading of TAD Global Status took 507 ms
(08:18:48.166) INFO: [TadGlobalStatusController] TAD global status data is ready!
(08:18:49.039) INFO: [TadModel] DSF session ID 8 has ended
(08:18:49.384) INFO: [TadModel] DSF session ID 9 has started
(08:18:52.505) INFO: [TadState] TAD state changed from DEBUG_STARTED to DEBUG_INIT_0 (Suspended, USER_REQUEST)
(08:18:55.092) INFO: [TadState] TAD state changed from DEBUG_INIT_0 to DEBUG_INIT_1 (Resumed, USER_REQUEST)
(08:18:55.124) INFO: [TadState] TAD state changed from DEBUG_INIT_1 to DEBUG_SUSPENDED (Suspended, BREAKPOINT)
(08:18:56.429) INFO: [TadState] TAD state changed from DEBUG_SUSPENDED to DEBUG_RESUMED (Resumed, USER_REQUEST)
(08:21:42.699) INFO: [TadState] TAD state changed from DEBUG_RESUMED to READY (Suspended, SIGNAL)
(08:21:43.203) ReadingException: com.freescale.mqx.gdb.tad.model.globalstatus.TadGlobalStatusFactory.isMqxDataValid() at 60.line "readLongVariableSafely(_mqx_kernel_data)"
(08:21:43.203) ERROR: [TadGlobalStatusFactory] Kernel Data NOT valid (pointer: 0x0000)
(08:21:43.203) ERROR: [TadGlobalStatusFactory] MQX data not valid!
(08:21:43.203) INFO: [TadModel$3] Loading of TAD Global Status took 502 ms
(08:21:43.203) INFO: [TadGlobalStatusController] TAD global status data is ready!
(08:21:44.070) INFO: [TadModel] DSF session ID 9 has ended
(08:21:59.343) INFO: [TadModel] DSF session ID 10 has started
(08:22:02.779) INFO: [TadState] TAD state changed from DEBUG_STARTED to DEBUG_INIT_0 (Suspended, USER_REQUEST)
(08:22:05.292) INFO: [TadState] TAD state changed from DEBUG_INIT_0 to DEBUG_INIT_1 (Resumed, USER_REQUEST)
(08:22:05.325) INFO: [TadState] TAD state changed from DEBUG_INIT_1 to DEBUG_SUSPENDED (Suspended, BREAKPOINT)
(08:22:05.981) INFO: [TadState] TAD state changed from DEBUG_SUSPENDED to DEBUG_RESUMED (Resumed, USER_REQUEST)
(08:22:32.559) INFO: [TadModel] DSF session ID 11 has started
(08:22:33.766) INFO: [TadState] TAD state changed from DEBUG_STARTED to DEBUG_INIT_0 (Suspended, SIGNAL)
(08:22:35.328) INFO: [TadModel] DSF session ID 10 has ended
(08:22:36.623) INFO: [TadState] TAD state changed from NONE to DEBUG_INIT_0 (Suspended, USER_REQUEST)
(08:22:39.157) INFO: [TadState] TAD state changed from DEBUG_INIT_0 to DEBUG_INIT_1 (Resumed, USER_REQUEST)
(08:22:39.190) INFO: [TadState] TAD state changed from DEBUG_INIT_1 to DEBUG_SUSPENDED (Suspended, BREAKPOINT)
(08:22:39.761) INFO: [TadState] TAD state changed from DEBUG_SUSPENDED to DEBUG_RESUMED (Resumed, USER_REQUEST)
(08:23:47.567) INFO: [TadState] TAD state changed from DEBUG_RESUMED to READY (Suspended, SIGNAL)
(08:23:48.080) ReadingException: com.freescale.mqx.gdb.tad.model.globalstatus.TadGlobalStatusFactory.isMqxDataValid() at 60.line "readLongVariableSafely(_mqx_kernel_data)"
(08:23:48.080) ERROR: [TadGlobalStatusFactory] Kernel Data NOT valid (pointer: 0x0000)
(08:23:48.080) ERROR: [TadGlobalStatusFactory] MQX data not valid!
(08:23:48.080) INFO: [TadModel$3] Loading of TAD Global Status took 511 ms
(08:23:48.080) INFO: [TadGlobalStatusController] TAD global status data is ready!
(08:23:48.804) INFO: [TadState] TAD state changed from READY to DEBUG_RESUMED (Resumed, USER_REQUEST)
(08:23:51.030) INFO: [TadState] TAD state changed from DEBUG_RESUMED to READY (Suspended, SIGNAL)
(08:23:51.542) ReadingException: com.freescale.mqx.gdb.tad.model.globalstatus.TadGlobalStatusFactory.isMqxDataValid() at 60.line "readLongVariableSafely(_mqx_kernel_data)"
(08:23:51.542) ERROR: [TadGlobalStatusFactory] Kernel Data NOT valid (pointer: 0x0000)
(08:23:51.542) ERROR: [TadGlobalStatusFactory] MQX data not valid!
(08:23:51.542) INFO: [TadModel$3] Loading of TAD Global Status took 511 ms
(08:23:51.542) INFO: [TadGlobalStatusController] TAD global status data is ready!
(08:23:52.203) INFO: [TadModel] DSF session ID 12 has started
(08:23:52.471) INFO: [TadModel] DSF session ID 11 has ended
(08:23:56.467) INFO: [TadState] TAD state changed from NONE to DEBUG_INIT_0 (Suspended, USER_REQUEST)
(08:23:58.874) INFO: [TadState] TAD state changed from DEBUG_INIT_0 to DEBUG_INIT_1 (Resumed, USER_REQUEST)
(08:26:32.591) INFO: [TadModel] DSF session ID 13 has started
(08:26:33.793) INFO: [TadState] TAD state changed from DEBUG_STARTED to DEBUG_INIT_0 (Suspended, SIGNAL)
(08:26:35.424) INFO: [TadModel] DSF session ID 12 has ended
(08:26:36.720) INFO: [TadState] TAD state changed from NONE to DEBUG_INIT_0 (Suspended, USER_REQUEST)
(08:26:39.347) INFO: [TadState] TAD state changed from DEBUG_INIT_0 to DEBUG_INIT_1 (Resumed, USER_REQUEST)
(08:26:39.380) INFO: [TadState] TAD state changed from DEBUG_INIT_1 to DEBUG_SUSPENDED (Suspended, BREAKPOINT)
(08:26:50.544) INFO: [TadState] TAD state changed from DEBUG_SUSPENDED to DEBUG_RESUMED (Resumed, USER_REQUEST)
(08:28:35.170) INFO: [TadState] TAD state changed from DEBUG_RESUMED to READY (Suspended, SIGNAL)
(08:28:35.682) ReadingException: com.freescale.mqx.gdb.tad.model.globalstatus.TadGlobalStatusFactory.isMqxDataValid() at 60.line "readLongVariableSafely(_mqx_kernel_data)"
(08:28:35.682) ERROR: [TadGlobalStatusFactory] Kernel Data NOT valid (pointer: 0x0000)
(08:28:35.682) ERROR: [TadGlobalStatusFactory] MQX data not valid!
(08:28:35.682) INFO: [TadModel$3] Loading of TAD Global Status took 510 ms
(08:28:35.682) INFO: [TadGlobalStatusController] TAD global status data is ready!
(08:28:36.569) INFO: [TadModel] DSF session ID 14 has started
(08:28:36.581) INFO: [TadModel] DSF session ID 13 has ended
(08:28:40.689) INFO: [TadState] TAD state changed from NONE to DEBUG_INIT_0 (Suspended, USER_REQUEST)
(08:28:43.232) INFO: [TadState] TAD state changed from DEBUG_INIT_0 to DEBUG_INIT_1 (Resumed, USER_REQUEST)
(08:28:43.266) INFO: [TadState] TAD state changed from DEBUG_INIT_1 to DEBUG_SUSPENDED (Suspended, BREAKPOINT)
(08:28:44.199) INFO: [TadState] TAD state changed from DEBUG_SUSPENDED to DEBUG_RESUMED (Resumed, USER_REQUEST)
(08:30:26.067) INFO: [TadModel] DSF session ID 15 has started
(08:30:27.504) INFO: [TadState] TAD state changed from DEBUG_STARTED to DEBUG_INIT_0 (Suspended, SIGNAL)
(08:30:29.209) INFO: [TadModel] DSF session ID 14 has ended
(08:30:30.476) INFO: [TadState] TAD state changed from NONE to DEBUG_INIT_0 (Suspended, USER_REQUEST)
(08:30:32.875) INFO: [TadState] TAD state changed from DEBUG_INIT_0 to DEBUG_INIT_1 (Resumed, USER_REQUEST)
(08:33:03.901) INFO: [TadModel] DSF session ID 16 has started
(08:33:05.164) INFO: [TadState] TAD state changed from DEBUG_STARTED to DEBUG_INIT_0 (Suspended, SIGNAL)
(08:33:06.701) INFO: [TadModel] DSF session ID 15 has ended
(08:33:07.974) INFO: [TadState] TAD state changed from NONE to DEBUG_INIT_0 (Suspended, USER_REQUEST)
(08:33:10.390) INFO: [TadState] TAD state changed from DEBUG_INIT_0 to DEBUG_INIT_1 (Resumed, USER_REQUEST)
(08:38:13.757) INFO: [TadModel] DSF session ID 17 has started
(08:38:16.143) INFO: [TadModel] DSF session ID 17 has ended
(08:38:34.217) INFO: [TadModel] DSF session ID 18 has started
(08:38:35.431) INFO: [TadState] TAD state changed from DEBUG_STARTED to DEBUG_INIT_0 (Suspended, SIGNAL)
(08:38:39.047) INFO: [TadModel] DSF session ID 16 has ended
(08:38:42.108) INFO: [TadState] TAD state changed from NONE to DEBUG_INIT_0 (Suspended, USER_REQUEST)
(08:38:44.881) INFO: [TadState] TAD state changed from DEBUG_INIT_0 to DEBUG_INIT_1 (Resumed, USER_REQUEST)
(08:41:18.265) INFO: [TadState] TAD state changed from DEBUG_INIT_1 to DEBUG_SUSPENDED (Suspended, SIGNAL)
(08:41:19.137) INFO: [TadModel] DSF session ID 18 has ended
(08:41:19.839) INFO: [TadModel] DSF session ID 19 has started
(08:41:22.899) INFO: [TadState] TAD state changed from DEBUG_STARTED to DEBUG_INIT_0 (Suspended, USER_REQUEST)
(08:41:25.406) INFO: [TadState] TAD state changed from DEBUG_INIT_0 to DEBUG_INIT_1 (Resumed, USER_REQUEST)
(08:41:25.440) INFO: [TadState] TAD state changed from DEBUG_INIT_1 to DEBUG_SUSPENDED (Suspended, BREAKPOINT)
(08:41:29.817) INFO: [TadState] TAD state changed from DEBUG_SUSPENDED to DEBUG_RESUMED (Resumed, USER_REQUEST)
(08:44:33.436) INFO: [TadState] TAD state changed from DEBUG_RESUMED to READY (Suspended, SIGNAL)
(08:44:33.942) ReadingException: com.freescale.mqx.gdb.tad.model.globalstatus.TadGlobalStatusFactory.isMqxDataValid() at 60.line "readLongVariableSafely(_mqx_kernel_data)"
(08:44:33.942) ERROR: [TadGlobalStatusFactory] Kernel Data NOT valid (pointer: 0x0000)
(08:44:33.942) ERROR: [TadGlobalStatusFactory] MQX data not valid!
(08:44:33.942) INFO: [TadModel$3] Loading of TAD Global Status took 503 ms
(08:44:33.942) INFO: [TadGlobalStatusController] TAD global status data is ready!
(08:44:34.867) INFO: [TadModel] DSF session ID 19 has ended
(08:44:35.763) INFO: [TadModel] DSF session ID 20 has started
(08:44:38.739) INFO: [TadState] TAD state changed from DEBUG_STARTED to DEBUG_INIT_0 (Suspended, USER_REQUEST)
(08:44:41.305) INFO: [TadState] TAD state changed from DEBUG_INIT_0 to DEBUG_INIT_1 (Resumed, USER_REQUEST)
(08:44:41.339) INFO: [TadState] TAD state changed from DEBUG_INIT_1 to DEBUG_SUSPENDED (Suspended, BREAKPOINT)
(08:44:42.462) INFO: [TadState] TAD state changed from DEBUG_SUSPENDED to DEBUG_RESUMED (Resumed, USER_REQUEST)
(08:45:25.092) INFO: [TadModel] DSF session ID 21 has started
(08:45:26.028) INFO: [TadState] TAD state changed from DEBUG_STARTED to DEBUG_INIT_0 (Suspended, SIGNAL)
(08:45:27.646) INFO: [TadModel] DSF session ID 20 has ended
(08:45:28.909) INFO: [TadState] TAD state changed from NONE to DEBUG_INIT_0 (Suspended, USER_REQUEST)
(08:45:31.371) INFO: [TadState] TAD state changed from DEBUG_INIT_0 to DEBUG_INIT_1 (Resumed, USER_REQUEST)
(08:50:14.628) INFO: [TadState] TAD state changed from DEBUG_INIT_1 to DEBUG_SUSPENDED (Suspended, SIGNAL)
(08:50:15.480) INFO: [TadModel] DSF session ID 22 has started
(08:50:15.976) INFO: [TadModel] DSF session ID 21 has ended
(08:50:21.333) INFO: [TadState] TAD state changed from NONE to DEBUG_INIT_0 (Suspended, USER_REQUEST)
(08:50:23.741) INFO: [TadState] TAD state changed from DEBUG_INIT_0 to DEBUG_INIT_1 (Resumed, USER_REQUEST)
(08:57:14.310) INFO: [TadModel] DSF session ID 23 has started
(08:57:15.584) INFO: [TadState] TAD state changed from DEBUG_STARTED to DEBUG_INIT_0 (Suspended, SIGNAL)
(08:57:17.201) INFO: [TadModel] DSF session ID 22 has ended
(08:57:18.525) INFO: [TadState] TAD state changed from NONE to DEBUG_INIT_0 (Suspended, USER_REQUEST)
(08:57:21.119) INFO: [TadState] TAD state changed from DEBUG_INIT_0 to DEBUG_INIT_1 (Resumed, USER_REQUEST)
(08:57:21.153) INFO: [TadState] TAD state changed from DEBUG_INIT_1 to DEBUG_SUSPENDED (Suspended, BREAKPOINT)
(08:57:22.502) INFO: [TadState] TAD state changed from DEBUG_SUSPENDED to DEBUG_RESUMED (Resumed, USER_REQUEST)
(09:06:34.035) INFO: [TadModel] DSF session ID 24 has started
(09:06:35.266) INFO: [TadState] TAD state changed from DEBUG_STARTED to DEBUG_INIT_0 (Suspended, SIGNAL)
(09:06:37.585) INFO: [TadModel] DSF session ID 23 has ended
(09:06:38.948) INFO: [TadState] TAD state changed from NONE to DEBUG_INIT_0 (Suspended, USER_REQUEST)
(09:06:41.355) INFO: [TadState] TAD state changed from DEBUG_INIT_0 to DEBUG_INIT_1 (Resumed, USER_REQUEST)
(09:07:49.408) INFO: [TadModel] DSF session ID 25 has started
(09:07:50.549) INFO: [TadState] TAD state changed from DEBUG_STARTED to DEBUG_INIT_0 (Suspended, SIGNAL)
(09:07:52.776) INFO: [TadModel] DSF session ID 24 has ended
(09:07:54.097) INFO: [TadState] TAD state changed from NONE to DEBUG_INIT_0 (Suspended, USER_REQUEST)
(09:07:56.471) INFO: [TadState] TAD state changed from DEBUG_INIT_0 to DEBUG_INIT_1 (Resumed, USER_REQUEST)
(09:10:33.950) INFO: [TadState] TAD state changed from DEBUG_INIT_1 to DEBUG_SUSPENDED (Suspended, SIGNAL)
(09:10:35.345) INFO: [TadModel] DSF session ID 25 has ended
(09:10:36.471) INFO: [TadModel] DSF session ID 26 has started
(09:10:39.417) INFO: [TadState] TAD state changed from DEBUG_STARTED to DEBUG_INIT_0 (Suspended, USER_REQUEST)
(09:10:41.976) INFO: [TadState] TAD state changed from DEBUG_INIT_0 to DEBUG_INIT_1 (Resumed, USER_REQUEST)
(09:10:42.009) INFO: [TadState] TAD state changed from DEBUG_INIT_1 to DEBUG_SUSPENDED (Suspended, BREAKPOINT)
(09:10:45.590) INFO: [TadState] TAD state changed from DEBUG_SUSPENDED to DEBUG_RESUMED (Resumed, USER_REQUEST)
(09:13:22.411) INFO: [TadState] TAD state changed from DEBUG_RESUMED to READY (Suspended, SIGNAL)
(09:13:22.917) ReadingException: com.freescale.mqx.gdb.tad.model.globalstatus.TadGlobalStatusFactory.isMqxDataValid() at 60.line "readLongVariableSafely(_mqx_kernel_data)"
(09:13:22.917) ERROR: [TadGlobalStatusFactory] Kernel Data NOT valid (pointer: 0x0000)
(09:13:22.917) ERROR: [TadGlobalStatusFactory] MQX data not valid!
(09:13:22.917) INFO: [TadModel$3] Loading of TAD Global Status took 503 ms
(09:13:22.917) INFO: [TadGlobalStatusController] TAD global status data is ready!
(09:13:23.903) INFO: [TadModel] DSF session ID 26 has ended
(09:13:37.222) INFO: [TadModel] DSF session ID 27 has started
(09:13:40.418) INFO: [TadState] TAD state changed from DEBUG_STARTED to DEBUG_INIT_0 (Suspended, USER_REQUEST)
(09:13:43.020) INFO: [TadState] TAD state changed from DEBUG_INIT_0 to DEBUG_INIT_1 (Resumed, USER_REQUEST)
(09:13:43.053) INFO: [TadState] TAD state changed from DEBUG_INIT_1 to DEBUG_SUSPENDED (Suspended, BREAKPOINT)
(09:13:43.456) INFO: [TadState] TAD state changed from DEBUG_SUSPENDED to DEBUG_RESUMED (Resumed, USER_REQUEST)
(09:22:49.198) INFO: [TadModel] DSF session ID 28 has started
(09:22:50.770) INFO: [TadState] TAD state changed from DEBUG_STARTED to DEBUG_INIT_0 (Suspended, SIGNAL)
(09:22:52.196) INFO: [TadModel] DSF session ID 27 has ended
(09:22:53.422) INFO: [TadModel] DSF session ID 28 has ended
(09:24:03.399) INFO: [TadModel] DSF session ID 29 has started
(09:24:05.689) INFO: [TadState] TAD state changed from DEBUG_STARTED to DEBUG_INIT_0 (Suspended, USER_REQUEST)
(09:24:08.230) INFO: [TadState] TAD state changed from DEBUG_INIT_0 to DEBUG_INIT_1 (Resumed, USER_REQUEST)
(09:24:08.264) INFO: [TadState] TAD state changed from DEBUG_INIT_1 to DEBUG_SUSPENDED (Suspended, BREAKPOINT)
(09:24:08.931) INFO: [TadState] TAD state changed from DEBUG_SUSPENDED to DEBUG_RESUMED (Resumed, USER_REQUEST)
(09:27:29.717) INFO: [TadModel] DSF session ID 30 has started
(09:27:30.954) INFO: [TadState] TAD state changed from DEBUG_STARTED to DEBUG_INIT_0 (Suspended, SIGNAL)
(09:27:32.455) INFO: [TadModel] DSF session ID 29 has ended
(09:27:33.754) INFO: [TadState] TAD state changed from NONE to DEBUG_INIT_0 (Suspended, USER_REQUEST)
(09:27:36.327) INFO: [TadState] TAD state changed from DEBUG_INIT_0 to DEBUG_INIT_1 (Resumed, USER_REQUEST)
(09:27:36.359) INFO: [TadState] TAD state changed from DEBUG_INIT_1 to DEBUG_SUSPENDED (Suspended, BREAKPOINT)
(09:27:36.908) INFO: [TadState] TAD state changed from DEBUG_SUSPENDED to DEBUG_RESUMED (Resumed, USER_REQUEST)
(09:28:06.968) INFO: [TadModel] DSF session ID 31 has started
(09:28:08.131) INFO: [TadState] TAD state changed from DEBUG_STARTED to DEBUG_INIT_0 (Suspended, SIGNAL)
(09:28:09.882) INFO: [TadModel] DSF session ID 30 has ended
(09:28:11.163) INFO: [TadState] TAD state changed from NONE to DEBUG_INIT_0 (Suspended, USER_REQUEST)
(09:28:13.607) INFO: [TadState] TAD state changed from DEBUG_INIT_0 to DEBUG_INIT_1 (Resumed, USER_REQUEST)
(09:34:05.674) INFO: [TadModel] DSF session ID 32 has started
(09:34:06.748) INFO: [TadState] TAD state changed from DEBUG_STARTED to DEBUG_INIT_0 (Suspended, SIGNAL)
(09:34:08.396) INFO: [TadModel] DSF session ID 31 has ended
(09:34:09.642) INFO: [TadState] TAD state changed from NONE to DEBUG_INIT_0 (Suspended, USER_REQUEST)
(09:34:12.047) INFO: [TadState] TAD state changed from DEBUG_INIT_0 to DEBUG_INIT_1 (Resumed, USER_REQUEST)
(09:55:24.681) INFO: [TadModel] DSF session ID 33 has started
(09:55:25.917) INFO: [TadState] TAD state changed from DEBUG_STARTED to DEBUG_INIT_0 (Suspended, SIGNAL)
(09:55:28.110) INFO: [TadModel] DSF session ID 32 has ended
(09:55:29.539) INFO: [TadState] TAD state changed from NONE to DEBUG_INIT_0 (Suspended, USER_REQUEST)
(09:55:31.919) INFO: [TadState] TAD state changed from DEBUG_INIT_0 to DEBUG_INIT_1 (Resumed, USER_REQUEST)
(09:57:46.410) INFO: [TadModel] DSF session ID 34 has started
(09:57:47.707) INFO: [TadState] TAD state changed from DEBUG_STARTED to DEBUG_INIT_0 (Suspended, SIGNAL)
(09:57:49.683) INFO: [TadModel] DSF session ID 33 has ended
(09:57:51.014) INFO: [TadState] TAD state changed from NONE to DEBUG_INIT_0 (Suspended, USER_REQUEST)
(09:57:53.560) INFO: [TadState] TAD state changed from DEBUG_INIT_0 to DEBUG_INIT_1 (Resumed, USER_REQUEST)
(09:57:53.594) INFO: [TadState] TAD state changed from DEBUG_INIT_1 to DEBUG_SUSPENDED (Suspended, BREAKPOINT)
(09:57:55.117) INFO: [TadState] TAD state changed from DEBUG_SUSPENDED to DEBUG_RESUMED (Resumed, USER_REQUEST)
(09:58:52.742) INFO: [TadState] TAD state changed from DEBUG_RESUMED to READY (Suspended, SIGNAL)
(09:58:53.257) ReadingException: com.freescale.mqx.gdb.tad.model.globalstatus.TadGlobalStatusFactory.isMqxDataValid() at 60.line "readLongVariableSafely(_mqx_kernel_data)"
(09:58:53.257) ERROR: [TadGlobalStatusFactory] Kernel Data NOT valid (pointer: 0x0000)
(09:58:53.258) ERROR: [TadGlobalStatusFactory] MQX data not valid!
(09:58:53.258) INFO: [TadModel$3] Loading of TAD Global Status took 514 ms
(09:58:53.258) INFO: [TadGlobalStatusController] TAD global status data is ready!
(09:58:54.033) INFO: [TadModel] DSF session ID 35 has started
(09:58:54.197) INFO: [TadModel] DSF session ID 34 has ended
(09:58:58.533) INFO: [TadState] TAD state changed from NONE to DEBUG_INIT_0 (Suspended, USER_REQUEST)
(09:59:01.053) INFO: [TadState] TAD state changed from DEBUG_INIT_0 to DEBUG_INIT_1 (Resumed, USER_REQUEST)
(09:59:01.088) INFO: [TadState] TAD state changed from DEBUG_INIT_1 to DEBUG_SUSPENDED (Suspended, BREAKPOINT)
(09:59:02.307) INFO: [TadState] TAD state changed from DEBUG_SUSPENDED to DEBUG_RESUMED (Resumed, USER_REQUEST)
(10:00:33.485) INFO: [TadState] TAD state changed from DEBUG_RESUMED to READY (Suspended, SIGNAL)
(10:00:33.994) ReadingException: com.freescale.mqx.gdb.tad.model.globalstatus.TadGlobalStatusFactory.isMqxDataValid() at 60.line "readLongVariableSafely(_mqx_kernel_data)"
(10:00:33.994) ERROR: [TadGlobalStatusFactory] Kernel Data NOT valid (pointer: 0x0000)
(10:00:33.995) ERROR: [TadGlobalStatusFactory] MQX data not valid!
(10:00:33.995) INFO: [TadModel$3] Loading of TAD Global Status took 508 ms
(10:00:33.995) INFO: [TadGlobalStatusController] TAD global status data is ready!
(10:00:34.893) INFO: [TadModel] DSF session ID 35 has ended
(10:00:35.320) INFO: [TadModel] DSF session ID 36 has started
(10:00:39.225) INFO: [TadState] TAD state changed from DEBUG_STARTED to DEBUG_INIT_0 (Suspended, USER_REQUEST)
(10:00:41.719) INFO: [TadState] TAD state changed from DEBUG_INIT_0 to DEBUG_INIT_1 (Resumed, USER_REQUEST)
(10:00:41.753) INFO: [TadState] TAD state changed from DEBUG_INIT_1 to DEBUG_SUSPENDED (Suspended, BREAKPOINT)
(10:00:42.533) INFO: [TadState] TAD state changed from DEBUG_SUSPENDED to DEBUG_RESUMED (Resumed, USER_REQUEST)
(10:02:35.780) INFO: [TadState] TAD state changed from DEBUG_RESUMED to READY (Suspended, SIGNAL)
(10:02:36.296) ReadingException: com.freescale.mqx.gdb.tad.model.globalstatus.TadGlobalStatusFactory.isMqxDataValid() at 60.line "readLongVariableSafely(_mqx_kernel_data)"
(10:02:36.296) ERROR: [TadGlobalStatusFactory] Kernel Data NOT valid (pointer: 0x0000)
(10:02:36.296) ERROR: [TadGlobalStatusFactory] MQX data not valid!
(10:02:36.296) INFO: [TadModel$3] Loading of TAD Global Status took 512 ms
(10:02:36.296) INFO: [TadGlobalStatusController] TAD global status data is ready!
