(18:50:49.078) INFO: [TadState] TAD state init (NONE)
(18:51:05.466) INFO: [TadModel] DSF session ID 0 has started
(18:51:13.102) INFO: [TadModel] DSF session ID 1 has started
(18:51:16.170) INFO: [TadState] TAD state changed from DEBUG_STARTED to DEBUG_INIT_0 (Suspended, USER_REQUEST)
(18:51:19.556) INFO: [TadState] TAD state changed from NONE to DEBUG_INIT_0 (Resumed, USER_REQUEST)
(18:51:19.590) INFO: [TadState] TAD state changed from DEBUG_INIT_0 to DEBUG_INIT_1 (Suspended, BREAKPOINT)
(18:51:24.020) INFO: [TadState] TAD state changed from DEBUG_INIT_1 to DEBUG_SUSPENDED (Resumed, USER_REQUEST)
(18:54:15.619) INFO: [TadModel] DSF session ID 2 has started
(18:54:17.150) INFO: [TadState] TAD state changed from DEBUG_STARTED to DEBUG_INIT_0 (Suspended, SIGNAL)
(18:54:24.676) INFO: [TadState] TAD state changed from NONE to DEBUG_INIT_0 (Suspended, USER_REQUEST)
(18:54:26.469) INFO: [TadState] TAD state changed from DEBUG_INIT_0 to DEBUG_INIT_1 (Resumed, USER_REQUEST)
(18:54:26.509) INFO: [TadState] TAD state changed from DEBUG_INIT_1 to DEBUG_SUSPENDED (Suspended, BREAKPOINT)
(18:54:29.377) INFO: [TadState] TAD state changed from DEBUG_SUSPENDED to DEBUG_RESUMED (Resumed, USER_REQUEST)
(18:56:37.201) INFO: [TadModel] DSF session ID 3 has started
(18:56:38.419) INFO: [TadState] TAD state changed from DEBUG_STARTED to DEBUG_INIT_0 (Suspended, SIGNAL)
(18:56:42.125) INFO: [TadState] TAD state changed from NONE to DEBUG_INIT_0 (Suspended, USER_REQUEST)
(18:56:44.898) INFO: [TadState] TAD state changed from DEBUG_INIT_0 to DEBUG_INIT_1 (Resumed, USER_REQUEST)
(18:56:44.932) INFO: [TadState] TAD state changed from DEBUG_INIT_1 to DEBUG_SUSPENDED (Suspended, BREAKPOINT)
(18:56:45.945) INFO: [TadState] TAD state changed from DEBUG_SUSPENDED to DEBUG_RESUMED (Resumed, USER_REQUEST)
(18:59:51.037) INFO: [TadState] TAD state changed from DEBUG_RESUMED to READY (Suspended, SIGNAL)
(18:59:51.559) ReadingException: com.freescale.mqx.gdb.tad.model.globalstatus.TadGlobalStatusFactory.isMqxDataValid() at 60.line "readLongVariableSafely(_mqx_kernel_data)"
(18:59:51.559) ERROR: [TadGlobalStatusFactory] Kernel Data NOT valid (pointer: 0x0000)
(18:59:51.559) ERROR: [TadGlobalStatusFactory] MQX data not valid!
(18:59:51.560) INFO: [TadModel$3] Loading of TAD Global Status took 517 ms
(18:59:51.560) INFO: [TadGlobalStatusController] TAD global status data is ready!
(18:59:52.457) INFO: [TadModel] DSF session ID 3 has ended
(18:59:55.424) INFO: [TadModel] DSF session ID 4 has started
(18:59:59.049) INFO: [TadState] TAD state changed from DEBUG_STARTED to DEBUG_INIT_0 (Suspended, USER_REQUEST)
(19:00:01.832) INFO: [TadState] TAD state changed from DEBUG_INIT_0 to DEBUG_INIT_1 (Resumed, USER_REQUEST)
(19:00:01.861) INFO: [TadState] TAD state changed from DEBUG_INIT_1 to DEBUG_SUSPENDED (Suspended, BREAKPOINT)
(19:00:02.548) INFO: [TadState] TAD state changed from DEBUG_SUSPENDED to DEBUG_RESUMED (Resumed, USER_REQUEST)
(19:43:31.955) INFO: [TadState] TAD state changed from DEBUG_RESUMED to READY (Suspended, SIGNAL)
(19:43:32.493) ReadingException: com.freescale.mqx.gdb.tad.model.globalstatus.TadGlobalStatusFactory.isMqxDataValid() at 60.line "readLongVariableSafely(_mqx_kernel_data)"
(19:43:32.493) ERROR: [TadGlobalStatusFactory] Kernel Data NOT valid (pointer: 0x0000)
(19:43:32.493) ERROR: [TadGlobalStatusFactory] MQX data not valid!
(19:43:32.493) INFO: [TadModel$3] Loading of TAD Global Status took 522 ms
(19:43:32.493) INFO: [TadGlobalStatusController] TAD global status data is ready!
