(02:26:10.770) INFO: [TadState] TAD state init (NONE)
(02:29:21.347) INFO: [TadModel] DSF session ID 0 has started
(02:29:31.596) INFO: [TadState] TAD state changed from DEBUG_STARTED to DEBUG_INIT_0 (Suspended, USER_REQUEST)
(02:29:33.819) INFO: [TadState] TAD state changed from DEBUG_INIT_0 to DEBUG_INIT_1 (Resumed, USER_REQUEST)
(02:29:33.848) INFO: [TadState] TAD state changed from DEBUG_INIT_1 to DEBUG_SUSPENDED (Suspended, BREAKPOINT)
(02:29:36.721) INFO: [TadState] TAD state changed from DEBUG_SUSPENDED to DEBUG_RESUMED (Resumed, USER_REQUEST)
(02:30:11.522) INFO: [TadState] TAD state changed from DEBUG_RESUMED to READY (Suspended, SIGNAL)
(02:30:12.037) ReadingException: com.freescale.mqx.gdb.tad.model.globalstatus.TadGlobalStatusFactory.isMqxDataValid() at 60.line "readLongVariableSafely(_mqx_kernel_data)"
(02:30:12.052) ERROR: [TadGlobalStatusFactory] Kernel Data NOT valid (pointer: 0x0000)
(02:30:12.052) ERROR: [TadGlobalStatusFactory] MQX data not valid!
(02:30:12.053) INFO: [TadModel$3] Loading of TAD Global Status took 527 ms
(02:30:12.053) INFO: [TadGlobalStatusController] TAD global status data is ready!
(02:30:12.381) INFO: [TadModel] DSF session ID 0 has ended
(02:53:50.468) INFO: [TadModel] DSF session ID 1 has started
(02:53:56.915) INFO: [TadState] TAD state changed from DEBUG_STARTED to DEBUG_INIT_0 (Suspended, USER_REQUEST)
(02:53:59.129) INFO: [TadState] TAD state changed from DEBUG_INIT_0 to DEBUG_INIT_1 (Resumed, USER_REQUEST)
(02:53:59.162) INFO: [TadState] TAD state changed from DEBUG_INIT_1 to DEBUG_SUSPENDED (Suspended, BREAKPOINT)
(02:54:00.263) INFO: [TadState] TAD state changed from DEBUG_SUSPENDED to DEBUG_RESUMED (Resumed, USER_REQUEST)
(02:54:10.215) INFO: [TadState] TAD state changed from DEBUG_RESUMED to READY (Suspended, SIGNAL)
(02:54:10.728) ReadingException: com.freescale.mqx.gdb.tad.model.globalstatus.TadGlobalStatusFactory.isMqxDataValid() at 60.line "readLongVariableSafely(_mqx_kernel_data)"
(02:54:10.728) ERROR: [TadGlobalStatusFactory] Kernel Data NOT valid (pointer: 0x0000)
(02:54:10.729) ERROR: [TadGlobalStatusFactory] MQX data not valid!
(02:54:10.729) INFO: [TadModel$3] Loading of TAD Global Status took 513 ms
(02:54:10.729) INFO: [TadGlobalStatusController] TAD global status data is ready!
(02:54:11.603) INFO: [TadModel] DSF session ID 1 has ended
(04:26:23.644) INFO: [TadModel] DSF session ID 2 has started
(04:26:35.905) INFO: [TadState] TAD state changed from DEBUG_STARTED to DEBUG_INIT_0 (Suspended, USER_REQUEST)
(04:26:38.340) INFO: [TadState] TAD state changed from DEBUG_INIT_0 to DEBUG_INIT_1 (Resumed, USER_REQUEST)
(04:26:38.367) INFO: [TadState] TAD state changed from DEBUG_INIT_1 to DEBUG_SUSPENDED (Suspended, BREAKPOINT)
(04:26:40.672) INFO: [TadState] TAD state changed from DEBUG_SUSPENDED to DEBUG_RESUMED (Resumed, USER_REQUEST)
(04:26:59.206) INFO: [TadState] TAD state changed from DEBUG_RESUMED to READY (Suspended, SIGNAL)
(04:26:59.720) ReadingException: com.freescale.mqx.gdb.tad.model.globalstatus.TadGlobalStatusFactory.isMqxDataValid() at 60.line "readLongVariableSafely(_mqx_kernel_data)"
(04:26:59.721) ERROR: [TadGlobalStatusFactory] Kernel Data NOT valid (pointer: 0x0000)
(04:26:59.722) ERROR: [TadGlobalStatusFactory] MQX data not valid!
(04:26:59.722) INFO: [TadModel$3] Loading of TAD Global Status took 514 ms
(04:26:59.722) INFO: [TadGlobalStatusController] TAD global status data is ready!
