(20:04:01.949) INFO: [TadState] TAD state init (NONE)
(20:06:24.504) INFO: [TadModel] DSF session ID 0 has started
(20:06:32.120) INFO: [TadState] TAD state changed from DEBUG_STARTED to DEBUG_INIT_0 (Suspended, USER_REQUEST)
(20:06:35.035) INFO: [TadState] TAD state changed from DEBUG_INIT_0 to DEBUG_INIT_1 (Resumed, USER_REQUEST)
(20:06:35.071) INFO: [TadState] TAD state changed from DEBUG_INIT_1 to DEBUG_SUSPENDED (Suspended, BREAKPOINT)
(20:06:42.831) INFO: [TadState] TAD state changed from DEBUG_SUSPENDED to DEBUG_RESUMED (Resumed, USER_REQUEST)
(20:08:23.985) INFO: [TadState] TAD state changed from DEBUG_RESUMED to READY (Suspended, SIGNAL)
(20:08:24.509) ReadingException: com.freescale.mqx.gdb.tad.model.globalstatus.TadGlobalStatusFactory.isMqxDataValid() at 60.line "readLongVariableSafely(_mqx_kernel_data)"
(20:08:24.509) ERROR: [TadGlobalStatusFactory] Kernel Data NOT valid (pointer: 0x0000)
(20:08:24.510) ERROR: [TadGlobalStatusFactory] MQX data not valid!
(20:08:24.510) INFO: [TadModel$3] Loading of TAD Global Status took 520 ms
(20:08:24.510) INFO: [TadGlobalStatusController] TAD global status data is ready!
(20:08:25.433) INFO: [TadModel] DSF session ID 0 has ended
(20:08:41.626) INFO: [TadModel] DSF session ID 1 has started
(20:08:44.234) INFO: [TadState] TAD state changed from DEBUG_STARTED to DEBUG_INIT_0 (Suspended, USER_REQUEST)
(20:08:45.767) INFO: [TadState] TAD state changed from DEBUG_INIT_0 to DEBUG_INIT_1 (Resumed, USER_REQUEST)
(20:08:45.803) INFO: [TadState] TAD state changed from DEBUG_INIT_1 to DEBUG_SUSPENDED (Suspended, BREAKPOINT)
(20:08:47.076) INFO: [TadState] TAD state changed from DEBUG_SUSPENDED to DEBUG_RESUMED (Resumed, USER_REQUEST)
(20:11:30.786) INFO: [TadModel] DSF session ID 2 has started
(20:11:32.325) INFO: [TadState] TAD state changed from DEBUG_STARTED to DEBUG_INIT_0 (Suspended, SIGNAL)
(20:11:35.586) INFO: [TadModel] DSF session ID 1 has ended
(20:11:39.239) INFO: [TadState] TAD state changed from NONE to DEBUG_INIT_0 (Suspended, USER_REQUEST)
(20:11:41.975) INFO: [TadState] TAD state changed from DEBUG_INIT_0 to DEBUG_INIT_1 (Resumed, USER_REQUEST)
(20:11:42.010) INFO: [TadState] TAD state changed from DEBUG_INIT_1 to DEBUG_SUSPENDED (Suspended, BREAKPOINT)
(20:11:43.006) INFO: [TadState] TAD state changed from DEBUG_SUSPENDED to DEBUG_RESUMED (Resumed, USER_REQUEST)
(20:14:17.562) INFO: [TadState] TAD state changed from DEBUG_RESUMED to READY (Suspended, SIGNAL)
(20:14:18.068) ReadingException: com.freescale.mqx.gdb.tad.model.globalstatus.TadGlobalStatusFactory.isMqxDataValid() at 60.line "readLongVariableSafely(_mqx_kernel_data)"
(20:14:18.068) ERROR: [TadGlobalStatusFactory] Kernel Data NOT valid (pointer: 0x0000)
(20:14:18.068) ERROR: [TadGlobalStatusFactory] MQX data not valid!
(20:14:18.069) INFO: [TadModel$3] Loading of TAD Global Status took 503 ms
(20:14:18.069) INFO: [TadGlobalStatusController] TAD global status data is ready!
(20:14:19.133) INFO: [TadModel] DSF session ID 2 has ended
(20:18:44.391) INFO: [TadModel] DSF session ID 3 has started
(20:18:47.807) INFO: [TadState] TAD state changed from DEBUG_STARTED to DEBUG_INIT_0 (Suspended, USER_REQUEST)
(20:18:50.239) INFO: [TadState] TAD state changed from DEBUG_INIT_0 to DEBUG_INIT_1 (Resumed, USER_REQUEST)
(20:18:50.272) INFO: [TadState] TAD state changed from DEBUG_INIT_1 to DEBUG_SUSPENDED (Suspended, BREAKPOINT)
(20:18:53.136) INFO: [TadState] TAD state changed from DEBUG_SUSPENDED to DEBUG_RESUMED (Resumed, USER_REQUEST)
(20:19:41.804) INFO: [TadState] TAD state changed from DEBUG_RESUMED to READY (Suspended, SIGNAL)
(20:19:42.308) ReadingException: com.freescale.mqx.gdb.tad.model.globalstatus.TadGlobalStatusFactory.isMqxDataValid() at 60.line "readLongVariableSafely(_mqx_kernel_data)"
(20:19:42.308) ERROR: [TadGlobalStatusFactory] Kernel Data NOT valid (pointer: 0x0000)
(20:19:42.308) ERROR: [TadGlobalStatusFactory] MQX data not valid!
(20:19:42.309) INFO: [TadModel$3] Loading of TAD Global Status took 502 ms
(20:19:42.309) INFO: [TadGlobalStatusController] TAD global status data is ready!
(20:19:43.209) INFO: [TadModel] DSF session ID 3 has ended
(20:19:43.559) INFO: [TadModel] DSF session ID 4 has started
(20:19:46.681) INFO: [TadState] TAD state changed from DEBUG_STARTED to DEBUG_INIT_0 (Suspended, USER_REQUEST)
(20:19:49.145) INFO: [TadState] TAD state changed from DEBUG_INIT_0 to DEBUG_INIT_1 (Resumed, USER_REQUEST)
(20:19:49.178) INFO: [TadState] TAD state changed from DEBUG_INIT_1 to DEBUG_SUSPENDED (Suspended, BREAKPOINT)
(20:19:51.731) INFO: [TadState] TAD state changed from DEBUG_SUSPENDED to DEBUG_RESUMED (Resumed, USER_REQUEST)
(20:23:14.490) INFO: [TadState] TAD state changed from DEBUG_RESUMED to READY (Suspended, SIGNAL)
(20:23:15.004) ReadingException: com.freescale.mqx.gdb.tad.model.globalstatus.TadGlobalStatusFactory.isMqxDataValid() at 60.line "readLongVariableSafely(_mqx_kernel_data)"
(20:23:15.004) ERROR: [TadGlobalStatusFactory] Kernel Data NOT valid (pointer: 0x0000)
(20:23:15.004) ERROR: [TadGlobalStatusFactory] MQX data not valid!
(20:23:15.005) INFO: [TadModel$3] Loading of TAD Global Status took 512 ms
(20:23:15.005) INFO: [TadGlobalStatusController] TAD global status data is ready!
(20:23:15.902) INFO: [TadModel] DSF session ID 4 has ended
(20:24:50.364) INFO: [TadModel] DSF session ID 5 has started
(20:24:52.910) INFO: [TadState] TAD state changed from DEBUG_STARTED to DEBUG_INIT_0 (Suspended, USER_REQUEST)
(20:24:55.327) INFO: [TadState] TAD state changed from DEBUG_INIT_0 to DEBUG_INIT_1 (Resumed, USER_REQUEST)
(20:24:55.360) INFO: [TadState] TAD state changed from DEBUG_INIT_1 to DEBUG_SUSPENDED (Suspended, BREAKPOINT)
(20:24:59.588) INFO: [TadState] TAD state changed from DEBUG_SUSPENDED to DEBUG_RESUMED (Resumed, USER_REQUEST)
(20:25:02.341) INFO: [TadState] TAD state changed from DEBUG_RESUMED to READY (Suspended, SIGNAL)
(20:25:02.857) ReadingException: com.freescale.mqx.gdb.tad.model.globalstatus.TadGlobalStatusFactory.isMqxDataValid() at 60.line "readLongVariableSafely(_mqx_kernel_data)"
(20:25:02.857) ERROR: [TadGlobalStatusFactory] Kernel Data NOT valid (pointer: 0x0000)
(20:25:02.858) ERROR: [TadGlobalStatusFactory] MQX data not valid!
(20:25:02.858) INFO: [TadModel$3] Loading of TAD Global Status took 514 ms
(20:25:02.858) INFO: [TadGlobalStatusController] TAD global status data is ready!
(20:25:03.731) INFO: [TadModel] DSF session ID 5 has ended
(20:25:23.034) INFO: [TadModel] DSF session ID 6 has started
(20:25:25.495) INFO: [TadState] TAD state changed from DEBUG_STARTED to DEBUG_INIT_0 (Suspended, USER_REQUEST)
(20:25:27.925) INFO: [TadState] TAD state changed from DEBUG_INIT_0 to DEBUG_INIT_1 (Resumed, USER_REQUEST)
(20:25:27.958) INFO: [TadState] TAD state changed from DEBUG_INIT_1 to DEBUG_SUSPENDED (Suspended, BREAKPOINT)
(20:25:28.697) INFO: [TadState] TAD state changed from DEBUG_SUSPENDED to DEBUG_RESUMED (Resumed, USER_REQUEST)
(20:25:32.126) INFO: [TadState] TAD state changed from DEBUG_RESUMED to READY (Suspended, SIGNAL)
(20:25:32.642) ReadingException: com.freescale.mqx.gdb.tad.model.globalstatus.TadGlobalStatusFactory.isMqxDataValid() at 60.line "readLongVariableSafely(_mqx_kernel_data)"
(20:25:32.642) ERROR: [TadGlobalStatusFactory] Kernel Data NOT valid (pointer: 0x0000)
(20:25:32.643) ERROR: [TadGlobalStatusFactory] MQX data not valid!
(20:25:32.643) INFO: [TadModel$3] Loading of TAD Global Status took 515 ms
(20:25:32.643) INFO: [TadGlobalStatusController] TAD global status data is ready!
(20:25:33.546) INFO: [TadModel] DSF session ID 6 has ended
(20:26:55.644) INFO: [TadModel] DSF session ID 7 has started
(20:26:59.008) INFO: [TadState] TAD state changed from DEBUG_STARTED to DEBUG_INIT_0 (Suspended, USER_REQUEST)
(20:27:01.525) INFO: [TadState] TAD state changed from DEBUG_INIT_0 to DEBUG_INIT_1 (Resumed, USER_REQUEST)
(20:27:01.560) INFO: [TadState] TAD state changed from DEBUG_INIT_1 to DEBUG_SUSPENDED (Suspended, BREAKPOINT)
(20:27:02.450) INFO: [TadState] TAD state changed from DEBUG_SUSPENDED to DEBUG_RESUMED (Resumed, USER_REQUEST)
(20:27:40.544) INFO: [TadState] TAD state changed from DEBUG_RESUMED to READY (Suspended, SIGNAL)
(20:27:41.052) ReadingException: com.freescale.mqx.gdb.tad.model.globalstatus.TadGlobalStatusFactory.isMqxDataValid() at 60.line "readLongVariableSafely(_mqx_kernel_data)"
(20:27:41.052) ERROR: [TadGlobalStatusFactory] Kernel Data NOT valid (pointer: 0x0000)
(20:27:41.052) ERROR: [TadGlobalStatusFactory] MQX data not valid!
(20:27:41.052) INFO: [TadModel$3] Loading of TAD Global Status took 505 ms
(20:27:41.052) INFO: [TadGlobalStatusController] TAD global status data is ready!
(20:27:41.958) INFO: [TadModel] DSF session ID 7 has ended
(20:27:43.381) INFO: [TadModel] DSF session ID 8 has started
(20:27:46.925) INFO: [TadState] TAD state changed from DEBUG_STARTED to DEBUG_INIT_0 (Suspended, USER_REQUEST)
(20:27:49.265) INFO: [TadState] TAD state changed from DEBUG_INIT_0 to DEBUG_INIT_1 (Resumed, USER_REQUEST)
(20:28:26.489) INFO: [TadState] TAD state changed from DEBUG_INIT_1 to DEBUG_SUSPENDED (Suspended, SIGNAL)
(20:28:27.880) INFO: [TadModel] DSF session ID 8 has ended
(20:28:30.423) INFO: [TadModel] DSF session ID 9 has started
(20:28:33.466) INFO: [TadState] TAD state changed from DEBUG_STARTED to DEBUG_INIT_0 (Suspended, USER_REQUEST)
(20:28:35.824) INFO: [TadState] TAD state changed from DEBUG_INIT_0 to DEBUG_INIT_1 (Resumed, USER_REQUEST)
(20:28:35.859) INFO: [TadState] TAD state changed from DEBUG_INIT_1 to DEBUG_SUSPENDED (Suspended, BREAKPOINT)
(20:28:37.464) INFO: [TadState] TAD state changed from DEBUG_SUSPENDED to DEBUG_RESUMED (Resumed, USER_REQUEST)
(20:29:00.063) INFO: [TadState] TAD state changed from DEBUG_RESUMED to READY (Suspended, SIGNAL)
(20:29:00.575) ReadingException: com.freescale.mqx.gdb.tad.model.globalstatus.TadGlobalStatusFactory.isMqxDataValid() at 60.line "readLongVariableSafely(_mqx_kernel_data)"
(20:29:00.575) ERROR: [TadGlobalStatusFactory] Kernel Data NOT valid (pointer: 0x0000)
(20:29:00.575) ERROR: [TadGlobalStatusFactory] MQX data not valid!
(20:29:00.575) INFO: [TadModel$3] Loading of TAD Global Status took 510 ms
(20:29:00.576) INFO: [TadGlobalStatusController] TAD global status data is ready!
(20:29:01.471) INFO: [TadModel] DSF session ID 9 has ended
(20:30:04.860) INFO: [TadModel] DSF session ID 10 has started
(20:30:08.030) INFO: [TadState] TAD state changed from DEBUG_STARTED to DEBUG_INIT_0 (Suspended, USER_REQUEST)
(20:30:10.426) INFO: [TadState] TAD state changed from DEBUG_INIT_0 to DEBUG_INIT_1 (Resumed, USER_REQUEST)
(20:30:10.462) INFO: [TadState] TAD state changed from DEBUG_INIT_1 to DEBUG_SUSPENDED (Suspended, BREAKPOINT)
(20:30:15.055) INFO: [TadState] TAD state changed from DEBUG_SUSPENDED to DEBUG_RESUMED (Resumed, USER_REQUEST)
(20:30:35.350) INFO: [TadState] TAD state changed from DEBUG_RESUMED to READY (Suspended, SIGNAL)
(20:30:35.866) ReadingException: com.freescale.mqx.gdb.tad.model.globalstatus.TadGlobalStatusFactory.isMqxDataValid() at 60.line "readLongVariableSafely(_mqx_kernel_data)"
(20:30:35.866) ERROR: [TadGlobalStatusFactory] Kernel Data NOT valid (pointer: 0x0000)
(20:30:35.866) ERROR: [TadGlobalStatusFactory] MQX data not valid!
(20:30:35.866) INFO: [TadModel$3] Loading of TAD Global Status took 514 ms
(20:30:35.866) INFO: [TadGlobalStatusController] TAD global status data is ready!
(20:30:36.780) INFO: [TadModel] DSF session ID 10 has ended
(20:32:56.231) INFO: [TadModel] DSF session ID 11 has started
(20:32:59.426) INFO: [TadState] TAD state changed from DEBUG_STARTED to DEBUG_INIT_0 (Suspended, USER_REQUEST)
(20:33:01.843) INFO: [TadState] TAD state changed from DEBUG_INIT_0 to DEBUG_INIT_1 (Resumed, USER_REQUEST)
(20:33:01.878) INFO: [TadState] TAD state changed from DEBUG_INIT_1 to DEBUG_SUSPENDED (Suspended, BREAKPOINT)
(20:33:04.831) INFO: [TadState] TAD state changed from DEBUG_SUSPENDED to DEBUG_RESUMED (Resumed, USER_REQUEST)
(20:33:55.059) INFO: [TadState] TAD state changed from DEBUG_RESUMED to READY (Suspended, SIGNAL)
(20:33:55.563) ReadingException: com.freescale.mqx.gdb.tad.model.globalstatus.TadGlobalStatusFactory.isMqxDataValid() at 60.line "readLongVariableSafely(_mqx_kernel_data)"
(20:33:55.563) ERROR: [TadGlobalStatusFactory] Kernel Data NOT valid (pointer: 0x0000)
(20:33:55.563) ERROR: [TadGlobalStatusFactory] MQX data not valid!
(20:33:55.563) INFO: [TadModel$3] Loading of TAD Global Status took 501 ms
(20:33:55.564) INFO: [TadGlobalStatusController] TAD global status data is ready!
(20:33:56.445) INFO: [TadModel] DSF session ID 11 has ended
(20:33:58.316) INFO: [TadModel] DSF session ID 12 has started
(20:34:01.533) INFO: [TadState] TAD state changed from DEBUG_STARTED to DEBUG_INIT_0 (Suspended, USER_REQUEST)
(20:34:03.958) INFO: [TadState] TAD state changed from DEBUG_INIT_0 to DEBUG_INIT_1 (Resumed, USER_REQUEST)
(20:34:03.992) INFO: [TadState] TAD state changed from DEBUG_INIT_1 to DEBUG_SUSPENDED (Suspended, BREAKPOINT)
(20:34:05.758) INFO: [TadState] TAD state changed from DEBUG_SUSPENDED to DEBUG_RESUMED (Resumed, USER_REQUEST)
(20:34:41.493) INFO: [TadState] TAD state changed from DEBUG_RESUMED to READY (Suspended, SIGNAL)
(20:34:41.999) ReadingException: com.freescale.mqx.gdb.tad.model.globalstatus.TadGlobalStatusFactory.isMqxDataValid() at 60.line "readLongVariableSafely(_mqx_kernel_data)"
(20:34:41.999) ERROR: [TadGlobalStatusFactory] Kernel Data NOT valid (pointer: 0x0000)
(20:34:41.999) ERROR: [TadGlobalStatusFactory] MQX data not valid!
(20:34:41.999) INFO: [TadModel$3] Loading of TAD Global Status took 503 ms
(20:34:41.999) INFO: [TadGlobalStatusController] TAD global status data is ready!
(20:34:42.876) INFO: [TadModel] DSF session ID 12 has ended
(20:34:43.481) INFO: [TadModel] DSF session ID 13 has started
(20:34:46.607) INFO: [TadState] TAD state changed from DEBUG_STARTED to DEBUG_INIT_0 (Suspended, USER_REQUEST)
(20:34:48.958) INFO: [TadState] TAD state changed from DEBUG_INIT_0 to DEBUG_INIT_1 (Resumed, USER_REQUEST)
(20:34:48.995) INFO: [TadState] TAD state changed from DEBUG_INIT_1 to DEBUG_SUSPENDED (Suspended, BREAKPOINT)
(20:34:50.622) INFO: [TadState] TAD state changed from DEBUG_SUSPENDED to DEBUG_RESUMED (Resumed, USER_REQUEST)
(20:39:35.911) INFO: [TadState] TAD state changed from DEBUG_RESUMED to READY (Suspended, SIGNAL)
(20:39:36.429) ReadingException: com.freescale.mqx.gdb.tad.model.globalstatus.TadGlobalStatusFactory.isMqxDataValid() at 60.line "readLongVariableSafely(_mqx_kernel_data)"
(20:39:36.429) ERROR: [TadGlobalStatusFactory] Kernel Data NOT valid (pointer: 0x0000)
(20:39:36.429) ERROR: [TadGlobalStatusFactory] MQX data not valid!
(20:39:36.430) INFO: [TadModel$3] Loading of TAD Global Status took 515 ms
(20:39:36.430) INFO: [TadGlobalStatusController] TAD global status data is ready!
(20:39:37.294) INFO: [TadModel] DSF session ID 13 has ended
(20:39:38.350) INFO: [TadModel] DSF session ID 14 has started
(20:39:41.601) INFO: [TadState] TAD state changed from DEBUG_STARTED to DEBUG_INIT_0 (Suspended, USER_REQUEST)
(20:39:44.046) INFO: [TadState] TAD state changed from DEBUG_INIT_0 to DEBUG_INIT_1 (Resumed, USER_REQUEST)
(20:39:44.081) INFO: [TadState] TAD state changed from DEBUG_INIT_1 to DEBUG_SUSPENDED (Suspended, BREAKPOINT)
(20:39:45.699) INFO: [TadState] TAD state changed from DEBUG_SUSPENDED to DEBUG_RESUMED (Resumed, USER_REQUEST)
(20:40:31.769) INFO: [TadState] TAD state changed from DEBUG_RESUMED to READY (Suspended, SIGNAL)
(20:40:32.281) ReadingException: com.freescale.mqx.gdb.tad.model.globalstatus.TadGlobalStatusFactory.isMqxDataValid() at 60.line "readLongVariableSafely(_mqx_kernel_data)"
(20:40:32.281) ERROR: [TadGlobalStatusFactory] Kernel Data NOT valid (pointer: 0x0000)
(20:40:32.281) ERROR: [TadGlobalStatusFactory] MQX data not valid!
(20:40:32.281) INFO: [TadModel$3] Loading of TAD Global Status took 509 ms
(20:40:32.281) INFO: [TadGlobalStatusController] TAD global status data is ready!
(20:40:33.155) INFO: [TadModel] DSF session ID 14 has ended
(20:44:08.490) INFO: [TadModel] DSF session ID 15 has started
(20:44:11.954) INFO: [TadState] TAD state changed from DEBUG_STARTED to DEBUG_INIT_0 (Suspended, USER_REQUEST)
(20:44:14.339) INFO: [TadState] TAD state changed from DEBUG_INIT_0 to DEBUG_INIT_1 (Resumed, USER_REQUEST)
(20:44:14.374) INFO: [TadState] TAD state changed from DEBUG_INIT_1 to DEBUG_SUSPENDED (Suspended, BREAKPOINT)
(20:44:16.881) INFO: [TadState] TAD state changed from DEBUG_SUSPENDED to DEBUG_RESUMED (Resumed, USER_REQUEST)
(20:44:39.837) INFO: [TadState] TAD state changed from DEBUG_RESUMED to READY (Suspended, SIGNAL)
(20:44:40.350) ReadingException: com.freescale.mqx.gdb.tad.model.globalstatus.TadGlobalStatusFactory.isMqxDataValid() at 60.line "readLongVariableSafely(_mqx_kernel_data)"
(20:44:40.350) ERROR: [TadGlobalStatusFactory] Kernel Data NOT valid (pointer: 0x0000)
(20:44:40.350) ERROR: [TadGlobalStatusFactory] MQX data not valid!
(20:44:40.350) INFO: [TadModel$3] Loading of TAD Global Status took 509 ms
(20:44:40.350) INFO: [TadGlobalStatusController] TAD global status data is ready!
(20:44:41.253) INFO: [TadModel] DSF session ID 15 has ended
(20:45:11.992) INFO: [TadModel] DSF session ID 16 has started
(20:45:15.163) INFO: [TadState] TAD state changed from DEBUG_STARTED to DEBUG_INIT_0 (Suspended, USER_REQUEST)
(20:45:17.492) INFO: [TadState] TAD state changed from DEBUG_INIT_0 to DEBUG_INIT_1 (Resumed, USER_REQUEST)
(20:45:17.526) INFO: [TadState] TAD state changed from DEBUG_INIT_1 to DEBUG_SUSPENDED (Suspended, BREAKPOINT)
(20:45:18.661) INFO: [TadState] TAD state changed from DEBUG_SUSPENDED to DEBUG_RESUMED (Resumed, USER_REQUEST)
(20:45:35.653) INFO: [TadState] TAD state changed from DEBUG_RESUMED to READY (Suspended, SIGNAL)
(20:45:36.157) ReadingException: com.freescale.mqx.gdb.tad.model.globalstatus.TadGlobalStatusFactory.isMqxDataValid() at 60.line "readLongVariableSafely(_mqx_kernel_data)"
(20:45:36.157) ERROR: [TadGlobalStatusFactory] Kernel Data NOT valid (pointer: 0x0000)
(20:45:36.157) ERROR: [TadGlobalStatusFactory] MQX data not valid!
(20:45:36.157) INFO: [TadModel$3] Loading of TAD Global Status took 501 ms
(20:45:36.157) INFO: [TadGlobalStatusController] TAD global status data is ready!
(20:45:37.065) INFO: [TadModel] DSF session ID 16 has ended
(20:45:38.190) INFO: [TadModel] DSF session ID 17 has started
(20:45:41.550) INFO: [TadState] TAD state changed from DEBUG_STARTED to DEBUG_INIT_0 (Suspended, USER_REQUEST)
(20:45:44.028) INFO: [TadState] TAD state changed from DEBUG_INIT_0 to DEBUG_INIT_1 (Resumed, USER_REQUEST)
(20:45:44.064) INFO: [TadState] TAD state changed from DEBUG_INIT_1 to DEBUG_SUSPENDED (Suspended, BREAKPOINT)
(20:45:44.913) INFO: [TadState] TAD state changed from DEBUG_SUSPENDED to DEBUG_RESUMED (Resumed, USER_REQUEST)
(20:46:38.191) INFO: [TadModel] DSF session ID 18 has started
(20:46:39.556) INFO: [TadState] TAD state changed from DEBUG_STARTED to DEBUG_INIT_0 (Suspended, SIGNAL)
(20:46:41.111) INFO: [TadModel] DSF session ID 17 has ended
(20:46:42.649) INFO: [TadState] TAD state changed from NONE to DEBUG_INIT_0 (Suspended, USER_REQUEST)
(20:46:45.112) INFO: [TadState] TAD state changed from DEBUG_INIT_0 to DEBUG_INIT_1 (Resumed, USER_REQUEST)
(20:46:45.145) INFO: [TadState] TAD state changed from DEBUG_INIT_1 to DEBUG_SUSPENDED (Suspended, BREAKPOINT)
(20:46:45.585) INFO: [TadState] TAD state changed from DEBUG_SUSPENDED to DEBUG_RESUMED (Resumed, USER_REQUEST)
(20:48:19.373) INFO: [TadModel] DSF session ID 19 has started
(20:48:21.101) INFO: [TadState] TAD state changed from DEBUG_STARTED to DEBUG_INIT_0 (Suspended, SIGNAL)
(20:48:22.743) INFO: [TadModel] DSF session ID 18 has ended
(20:48:24.131) INFO: [TadState] TAD state changed from NONE to DEBUG_INIT_0 (Suspended, USER_REQUEST)
(20:48:26.652) INFO: [TadState] TAD state changed from DEBUG_INIT_0 to DEBUG_INIT_1 (Resumed, USER_REQUEST)
(20:48:26.687) INFO: [TadState] TAD state changed from DEBUG_INIT_1 to DEBUG_SUSPENDED (Suspended, BREAKPOINT)
(20:48:28.786) INFO: [TadState] TAD state changed from DEBUG_SUSPENDED to DEBUG_RESUMED (Resumed, USER_REQUEST)
(20:49:51.299) INFO: [TadModel] DSF session ID 20 has started
(20:49:52.866) INFO: [TadState] TAD state changed from DEBUG_STARTED to DEBUG_INIT_0 (Suspended, SIGNAL)
(20:49:54.462) INFO: [TadModel] DSF session ID 19 has ended
(20:49:55.863) INFO: [TadState] TAD state changed from NONE to DEBUG_INIT_0 (Suspended, USER_REQUEST)
(20:49:58.329) INFO: [TadState] TAD state changed from DEBUG_INIT_0 to DEBUG_INIT_1 (Resumed, USER_REQUEST)
(20:49:58.352) INFO: [TadState] TAD state changed from DEBUG_INIT_1 to DEBUG_SUSPENDED (Suspended, BREAKPOINT)
(20:50:01.699) INFO: [TadState] TAD state changed from DEBUG_SUSPENDED to DEBUG_RESUMED (Resumed, USER_REQUEST)
(20:52:22.495) INFO: [TadState] TAD state changed from DEBUG_RESUMED to READY (Suspended, SIGNAL)
(20:52:23.009) ReadingException: com.freescale.mqx.gdb.tad.model.globalstatus.TadGlobalStatusFactory.isMqxDataValid() at 60.line "readLongVariableSafely(_mqx_kernel_data)"
(20:52:23.009) ERROR: [TadGlobalStatusFactory] Kernel Data NOT valid (pointer: 0x0000)
(20:52:23.009) ERROR: [TadGlobalStatusFactory] MQX data not valid!
(20:52:23.009) INFO: [TadModel$3] Loading of TAD Global Status took 509 ms
(20:52:23.009) INFO: [TadGlobalStatusController] TAD global status data is ready!
(20:52:23.893) INFO: [TadModel] DSF session ID 21 has started
(20:52:23.900) INFO: [TadModel] DSF session ID 20 has ended
(20:52:27.214) INFO: [TadState] TAD state changed from NONE to DEBUG_INIT_0 (Suspended, USER_REQUEST)
(20:52:29.544) INFO: [TadState] TAD state changed from DEBUG_INIT_0 to DEBUG_INIT_1 (Resumed, USER_REQUEST)
(20:52:29.578) INFO: [TadState] TAD state changed from DEBUG_INIT_1 to DEBUG_SUSPENDED (Suspended, BREAKPOINT)
(20:52:31.379) INFO: [TadState] TAD state changed from DEBUG_SUSPENDED to DEBUG_RESUMED (Resumed, USER_REQUEST)
(20:53:24.565) INFO: [TadState] TAD state changed from DEBUG_RESUMED to READY (Suspended, SIGNAL)
(20:53:25.070) ReadingException: com.freescale.mqx.gdb.tad.model.globalstatus.TadGlobalStatusFactory.isMqxDataValid() at 60.line "readLongVariableSafely(_mqx_kernel_data)"
(20:53:25.070) ERROR: [TadGlobalStatusFactory] Kernel Data NOT valid (pointer: 0x0000)
(20:53:25.070) ERROR: [TadGlobalStatusFactory] MQX data not valid!
(20:53:25.070) INFO: [TadModel$3] Loading of TAD Global Status took 502 ms
(20:53:25.070) INFO: [TadGlobalStatusController] TAD global status data is ready!
(20:53:25.832) INFO: [TadModel] DSF session ID 22 has started
(20:53:25.969) INFO: [TadModel] DSF session ID 21 has ended
(20:53:30.378) INFO: [TadState] TAD state changed from NONE to DEBUG_INIT_0 (Suspended, USER_REQUEST)
(20:53:32.830) INFO: [TadState] TAD state changed from DEBUG_INIT_0 to DEBUG_INIT_1 (Resumed, USER_REQUEST)
(20:53:32.866) INFO: [TadState] TAD state changed from DEBUG_INIT_1 to DEBUG_SUSPENDED (Suspended, BREAKPOINT)
(20:53:33.647) INFO: [TadState] TAD state changed from DEBUG_SUSPENDED to DEBUG_RESUMED (Resumed, USER_REQUEST)
(20:56:52.977) INFO: [TadState] TAD state changed from DEBUG_RESUMED to READY (Suspended, SIGNAL)
(20:56:53.490) ReadingException: com.freescale.mqx.gdb.tad.model.globalstatus.TadGlobalStatusFactory.isMqxDataValid() at 60.line "readLongVariableSafely(_mqx_kernel_data)"
(20:56:53.491) ERROR: [TadGlobalStatusFactory] Kernel Data NOT valid (pointer: 0x0000)
(20:56:53.491) ERROR: [TadGlobalStatusFactory] MQX data not valid!
(20:56:53.491) INFO: [TadModel$3] Loading of TAD Global Status took 511 ms
(20:56:53.491) INFO: [TadGlobalStatusController] TAD global status data is ready!
(20:56:54.388) INFO: [TadModel] DSF session ID 22 has ended
(20:56:56.406) INFO: [TadModel] DSF session ID 23 has started
(20:57:00.174) INFO: [TadState] TAD state changed from DEBUG_STARTED to DEBUG_INIT_0 (Suspended, USER_REQUEST)
(20:57:02.664) INFO: [TadState] TAD state changed from DEBUG_INIT_0 to DEBUG_INIT_1 (Resumed, USER_REQUEST)
(20:57:02.698) INFO: [TadState] TAD state changed from DEBUG_INIT_1 to DEBUG_SUSPENDED (Suspended, BREAKPOINT)
(20:57:03.623) INFO: [TadState] TAD state changed from DEBUG_SUSPENDED to DEBUG_RESUMED (Resumed, USER_REQUEST)
(20:57:41.104) INFO: [TadState] TAD state changed from DEBUG_RESUMED to READY (Suspended, SIGNAL)
(20:57:41.610) ReadingException: com.freescale.mqx.gdb.tad.model.globalstatus.TadGlobalStatusFactory.isMqxDataValid() at 60.line "readLongVariableSafely(_mqx_kernel_data)"
(20:57:41.610) ERROR: [TadGlobalStatusFactory] Kernel Data NOT valid (pointer: 0x0000)
(20:57:41.610) ERROR: [TadGlobalStatusFactory] MQX data not valid!
(20:57:41.610) INFO: [TadModel$3] Loading of TAD Global Status took 501 ms
(20:57:41.610) INFO: [TadGlobalStatusController] TAD global status data is ready!
(20:57:42.531) INFO: [TadModel] DSF session ID 23 has ended
(20:57:46.056) INFO: [TadModel] DSF session ID 24 has started
(20:57:49.599) INFO: [TadState] TAD state changed from DEBUG_STARTED to DEBUG_INIT_0 (Suspended, USER_REQUEST)
(20:57:52.011) INFO: [TadState] TAD state changed from DEBUG_INIT_0 to DEBUG_INIT_1 (Resumed, USER_REQUEST)
(20:57:52.045) INFO: [TadState] TAD state changed from DEBUG_INIT_1 to DEBUG_SUSPENDED (Suspended, BREAKPOINT)
(20:57:52.738) INFO: [TadState] TAD state changed from DEBUG_SUSPENDED to DEBUG_RESUMED (Resumed, USER_REQUEST)
(20:58:35.713) INFO: [TadModel] DSF session ID 25 has started
(20:58:37.507) INFO: [TadState] TAD state changed from DEBUG_STARTED to DEBUG_INIT_0 (Suspended, SIGNAL)
(20:58:39.424) INFO: [TadModel] DSF session ID 24 has ended
(20:58:40.807) INFO: [TadState] TAD state changed from NONE to DEBUG_INIT_0 (Suspended, USER_REQUEST)
(20:58:43.221) INFO: [TadState] TAD state changed from DEBUG_INIT_0 to DEBUG_INIT_1 (Resumed, USER_REQUEST)
(20:58:43.255) INFO: [TadState] TAD state changed from DEBUG_INIT_1 to DEBUG_SUSPENDED (Suspended, BREAKPOINT)
(20:58:44.984) INFO: [TadState] TAD state changed from DEBUG_SUSPENDED to DEBUG_RESUMED (Resumed, USER_REQUEST)
(21:00:02.646) INFO: [TadState] TAD state changed from DEBUG_RESUMED to READY (Suspended, SIGNAL)
(21:00:03.158) ReadingException: com.freescale.mqx.gdb.tad.model.globalstatus.TadGlobalStatusFactory.isMqxDataValid() at 60.line "readLongVariableSafely(_mqx_kernel_data)"
(21:00:03.159) ERROR: [TadGlobalStatusFactory] Kernel Data NOT valid (pointer: 0x0000)
(21:00:03.159) ERROR: [TadGlobalStatusFactory] MQX data not valid!
(21:00:03.159) INFO: [TadModel$3] Loading of TAD Global Status took 509 ms
(21:00:03.159) INFO: [TadGlobalStatusController] TAD global status data is ready!
(21:00:04.069) INFO: [TadModel] DSF session ID 25 has ended
(21:00:04.337) INFO: [TadModel] DSF session ID 26 has started
(21:00:07.948) INFO: [TadState] TAD state changed from DEBUG_STARTED to DEBUG_INIT_0 (Suspended, USER_REQUEST)
(21:00:10.365) INFO: [TadState] TAD state changed from DEBUG_INIT_0 to DEBUG_INIT_1 (Resumed, USER_REQUEST)
(21:00:10.400) INFO: [TadState] TAD state changed from DEBUG_INIT_1 to DEBUG_SUSPENDED (Suspended, BREAKPOINT)
(21:00:19.078) INFO: [TadState] TAD state changed from DEBUG_SUSPENDED to DEBUG_RESUMED (Resumed, USER_REQUEST)
(21:00:46.618) INFO: [TadModel] DSF session ID 27 has started
(21:00:48.542) INFO: [TadState] TAD state changed from DEBUG_STARTED to DEBUG_INIT_0 (Suspended, SIGNAL)
(21:00:50.273) INFO: [TadModel] DSF session ID 26 has ended
(21:00:51.861) INFO: [TadState] TAD state changed from NONE to DEBUG_INIT_0 (Suspended, USER_REQUEST)
(21:00:54.354) INFO: [TadState] TAD state changed from DEBUG_INIT_0 to DEBUG_INIT_1 (Resumed, USER_REQUEST)
(21:00:54.386) INFO: [TadState] TAD state changed from DEBUG_INIT_1 to DEBUG_SUSPENDED (Suspended, BREAKPOINT)
(21:00:54.686) INFO: [TadState] TAD state changed from DEBUG_SUSPENDED to DEBUG_RESUMED (Resumed, USER_REQUEST)
(21:01:19.234) INFO: [TadModel] DSF session ID 28 has started
(21:01:20.619) INFO: [TadState] TAD state changed from DEBUG_STARTED to DEBUG_INIT_0 (Suspended, SIGNAL)
(21:01:22.268) INFO: [TadModel] DSF session ID 27 has ended
(21:01:23.689) INFO: [TadState] TAD state changed from NONE to DEBUG_INIT_0 (Suspended, USER_REQUEST)
(21:01:26.110) INFO: [TadState] TAD state changed from DEBUG_INIT_0 to DEBUG_INIT_1 (Resumed, USER_REQUEST)
(21:01:26.146) INFO: [TadState] TAD state changed from DEBUG_INIT_1 to DEBUG_SUSPENDED (Suspended, BREAKPOINT)
(21:01:26.950) INFO: [TadState] TAD state changed from DEBUG_SUSPENDED to DEBUG_RESUMED (Resumed, USER_REQUEST)
(21:01:55.863) INFO: [TadModel] DSF session ID 29 has started
(21:01:57.400) INFO: [TadState] TAD state changed from DEBUG_STARTED to DEBUG_INIT_0 (Suspended, SIGNAL)
(21:01:59.154) INFO: [TadModel] DSF session ID 28 has ended
(21:02:00.539) INFO: [TadState] TAD state changed from NONE to DEBUG_INIT_0 (Suspended, USER_REQUEST)
(21:02:02.956) INFO: [TadState] TAD state changed from DEBUG_INIT_0 to DEBUG_INIT_1 (Resumed, USER_REQUEST)
(21:02:02.988) INFO: [TadState] TAD state changed from DEBUG_INIT_1 to DEBUG_SUSPENDED (Suspended, BREAKPOINT)
(21:02:03.737) INFO: [TadState] TAD state changed from DEBUG_SUSPENDED to DEBUG_RESUMED (Resumed, USER_REQUEST)
(21:03:18.652) INFO: [TadState] TAD state changed from DEBUG_RESUMED to READY (Suspended, SIGNAL)
(21:03:19.164) ReadingException: com.freescale.mqx.gdb.tad.model.globalstatus.TadGlobalStatusFactory.isMqxDataValid() at 60.line "readLongVariableSafely(_mqx_kernel_data)"
(21:03:19.164) ERROR: [TadGlobalStatusFactory] Kernel Data NOT valid (pointer: 0x0000)
(21:03:19.164) ERROR: [TadGlobalStatusFactory] MQX data not valid!
(21:03:19.164) INFO: [TadModel$3] Loading of TAD Global Status took 508 ms
(21:03:19.164) INFO: [TadGlobalStatusController] TAD global status data is ready!
(21:03:20.068) INFO: [TadModel] DSF session ID 29 has ended
(21:03:21.273) INFO: [TadModel] DSF session ID 30 has started
(21:03:25.084) INFO: [TadState] TAD state changed from DEBUG_STARTED to DEBUG_INIT_0 (Suspended, USER_REQUEST)
(21:03:27.413) INFO: [TadState] TAD state changed from DEBUG_INIT_0 to DEBUG_INIT_1 (Resumed, USER_REQUEST)
(21:03:27.448) INFO: [TadState] TAD state changed from DEBUG_INIT_1 to DEBUG_SUSPENDED (Suspended, BREAKPOINT)
(21:03:28.077) INFO: [TadState] TAD state changed from DEBUG_SUSPENDED to DEBUG_RESUMED (Resumed, USER_REQUEST)
(21:03:59.192) INFO: [TadModel] DSF session ID 31 has started
(21:04:00.487) INFO: [TadState] TAD state changed from DEBUG_STARTED to DEBUG_INIT_0 (Suspended, SIGNAL)
(21:04:02.143) INFO: [TadModel] DSF session ID 30 has ended
(21:04:03.523) INFO: [TadState] TAD state changed from NONE to DEBUG_INIT_0 (Suspended, USER_REQUEST)
(21:04:05.955) INFO: [TadState] TAD state changed from DEBUG_INIT_0 to DEBUG_INIT_1 (Resumed, USER_REQUEST)
(21:04:05.989) INFO: [TadState] TAD state changed from DEBUG_INIT_1 to DEBUG_SUSPENDED (Suspended, BREAKPOINT)
(21:04:08.403) INFO: [TadState] TAD state changed from DEBUG_SUSPENDED to DEBUG_RESUMED (Resumed, USER_REQUEST)
(21:04:52.052) INFO: [TadModel] DSF session ID 32 has started
(21:04:53.413) INFO: [TadState] TAD state changed from DEBUG_STARTED to DEBUG_INIT_0 (Suspended, SIGNAL)
(21:04:55.398) INFO: [TadModel] DSF session ID 31 has ended
(21:04:56.901) INFO: [TadState] TAD state changed from NONE to DEBUG_INIT_0 (Suspended, USER_REQUEST)
(21:04:59.465) INFO: [TadState] TAD state changed from DEBUG_INIT_0 to DEBUG_INIT_1 (Resumed, USER_REQUEST)
(21:04:59.500) INFO: [TadState] TAD state changed from DEBUG_INIT_1 to DEBUG_SUSPENDED (Suspended, BREAKPOINT)
(21:05:00.273) INFO: [TadState] TAD state changed from DEBUG_SUSPENDED to DEBUG_RESUMED (Resumed, USER_REQUEST)
(21:05:59.650) INFO: [TadState] TAD state changed from DEBUG_RESUMED to READY (Suspended, SIGNAL)
(21:06:00.168) ReadingException: com.freescale.mqx.gdb.tad.model.globalstatus.TadGlobalStatusFactory.isMqxDataValid() at 60.line "readLongVariableSafely(_mqx_kernel_data)"
(21:06:00.168) ERROR: [TadGlobalStatusFactory] Kernel Data NOT valid (pointer: 0x0000)
(21:06:00.168) ERROR: [TadGlobalStatusFactory] MQX data not valid!
(21:06:00.168) INFO: [TadModel$3] Loading of TAD Global Status took 514 ms
(21:06:00.169) INFO: [TadGlobalStatusController] TAD global status data is ready!
(21:06:01.216) INFO: [TadModel] DSF session ID 32 has ended
(21:06:02.187) INFO: [TadModel] DSF session ID 33 has started
(21:06:05.397) INFO: [TadState] TAD state changed from DEBUG_STARTED to DEBUG_INIT_0 (Suspended, USER_REQUEST)
(21:06:07.928) INFO: [TadState] TAD state changed from DEBUG_INIT_0 to DEBUG_INIT_1 (Resumed, USER_REQUEST)
(21:06:07.964) INFO: [TadState] TAD state changed from DEBUG_INIT_1 to DEBUG_SUSPENDED (Suspended, BREAKPOINT)
(21:06:09.292) INFO: [TadState] TAD state changed from DEBUG_SUSPENDED to DEBUG_RESUMED (Resumed, USER_REQUEST)
(21:07:33.466) INFO: [TadModel] DSF session ID 34 has started
(21:07:34.960) INFO: [TadState] TAD state changed from DEBUG_STARTED to DEBUG_INIT_0 (Suspended, SIGNAL)
(21:07:36.548) INFO: [TadModel] DSF session ID 33 has ended
(21:07:38.013) INFO: [TadState] TAD state changed from NONE to DEBUG_INIT_0 (Suspended, USER_REQUEST)
(21:07:40.498) INFO: [TadState] TAD state changed from DEBUG_INIT_0 to DEBUG_INIT_1 (Resumed, USER_REQUEST)
(21:07:40.532) INFO: [TadState] TAD state changed from DEBUG_INIT_1 to DEBUG_SUSPENDED (Suspended, BREAKPOINT)
(21:07:41.185) INFO: [TadState] TAD state changed from DEBUG_SUSPENDED to DEBUG_RESUMED (Resumed, USER_REQUEST)
(21:09:44.928) INFO: [TadModel] DSF session ID 35 has started
(21:09:46.327) INFO: [TadState] TAD state changed from DEBUG_STARTED to DEBUG_INIT_0 (Suspended, SIGNAL)
(21:09:48.240) INFO: [TadModel] DSF session ID 34 has ended
(21:09:49.641) INFO: [TadState] TAD state changed from NONE to DEBUG_INIT_0 (Suspended, USER_REQUEST)
(21:09:52.065) INFO: [TadState] TAD state changed from DEBUG_INIT_0 to DEBUG_INIT_1 (Resumed, USER_REQUEST)
(21:09:52.100) INFO: [TadState] TAD state changed from DEBUG_INIT_1 to DEBUG_SUSPENDED (Suspended, BREAKPOINT)
(21:09:52.823) INFO: [TadState] TAD state changed from DEBUG_SUSPENDED to DEBUG_RESUMED (Resumed, USER_REQUEST)
(21:10:48.413) INFO: [TadModel] DSF session ID 36 has started
(21:10:49.773) INFO: [TadState] TAD state changed from DEBUG_STARTED to DEBUG_INIT_0 (Suspended, SIGNAL)
(21:10:51.377) INFO: [TadModel] DSF session ID 35 has ended
(21:10:52.900) INFO: [TadState] TAD state changed from NONE to DEBUG_INIT_0 (Suspended, USER_REQUEST)
(21:10:55.384) INFO: [TadState] TAD state changed from DEBUG_INIT_0 to DEBUG_INIT_1 (Resumed, USER_REQUEST)
(21:10:55.418) INFO: [TadState] TAD state changed from DEBUG_INIT_1 to DEBUG_SUSPENDED (Suspended, BREAKPOINT)
(21:10:56.420) INFO: [TadState] TAD state changed from DEBUG_SUSPENDED to DEBUG_RESUMED (Resumed, USER_REQUEST)
(21:11:26.667) INFO: [TadModel] DSF session ID 37 has started
(21:11:27.928) INFO: [TadState] TAD state changed from DEBUG_STARTED to DEBUG_INIT_0 (Suspended, SIGNAL)
(21:11:29.609) INFO: [TadModel] DSF session ID 36 has ended
(21:11:31.042) INFO: [TadState] TAD state changed from NONE to DEBUG_INIT_0 (Suspended, USER_REQUEST)
(21:11:33.465) INFO: [TadState] TAD state changed from DEBUG_INIT_0 to DEBUG_INIT_1 (Resumed, USER_REQUEST)
(21:11:33.500) INFO: [TadState] TAD state changed from DEBUG_INIT_1 to DEBUG_SUSPENDED (Suspended, BREAKPOINT)
(21:11:34.211) INFO: [TadState] TAD state changed from DEBUG_SUSPENDED to DEBUG_RESUMED (Resumed, USER_REQUEST)
(21:12:18.630) INFO: [TadState] TAD state changed from DEBUG_RESUMED to READY (Suspended, SIGNAL)
(21:12:19.137) ReadingException: com.freescale.mqx.gdb.tad.model.globalstatus.TadGlobalStatusFactory.isMqxDataValid() at 60.line "readLongVariableSafely(_mqx_kernel_data)"
(21:12:19.137) ERROR: [TadGlobalStatusFactory] Kernel Data NOT valid (pointer: 0x0000)
(21:12:19.137) ERROR: [TadGlobalStatusFactory] MQX data not valid!
(21:12:19.138) INFO: [TadModel$3] Loading of TAD Global Status took 501 ms
(21:12:19.138) INFO: [TadGlobalStatusController] TAD global status data is ready!
(21:12:19.524) INFO: [TadModel] DSF session ID 37 has ended
(21:12:20.985) INFO: [TadModel] DSF session ID 38 has started
(21:12:24.660) INFO: [TadState] TAD state changed from DEBUG_STARTED to DEBUG_INIT_0 (Suspended, USER_REQUEST)
(21:12:27.138) INFO: [TadState] TAD state changed from DEBUG_INIT_0 to DEBUG_INIT_1 (Resumed, USER_REQUEST)
(21:12:27.162) INFO: [TadState] TAD state changed from DEBUG_INIT_1 to DEBUG_SUSPENDED (Suspended, BREAKPOINT)
(21:12:28.757) INFO: [TadState] TAD state changed from DEBUG_SUSPENDED to DEBUG_RESUMED (Resumed, USER_REQUEST)
(21:12:52.352) INFO: [TadModel] DSF session ID 39 has started
(21:12:53.584) INFO: [TadState] TAD state changed from DEBUG_STARTED to DEBUG_INIT_0 (Suspended, SIGNAL)
(21:12:55.263) INFO: [TadModel] DSF session ID 38 has ended
(21:12:56.646) INFO: [TadState] TAD state changed from NONE to DEBUG_INIT_0 (Suspended, USER_REQUEST)
(21:12:59.107) INFO: [TadState] TAD state changed from DEBUG_INIT_0 to DEBUG_INIT_1 (Resumed, USER_REQUEST)
(21:12:59.144) INFO: [TadState] TAD state changed from DEBUG_INIT_1 to DEBUG_SUSPENDED (Suspended, BREAKPOINT)
(21:13:00.297) INFO: [TadState] TAD state changed from DEBUG_SUSPENDED to DEBUG_RESUMED (Resumed, USER_REQUEST)
(21:13:35.035) INFO: [TadState] TAD state changed from DEBUG_RESUMED to READY (Suspended, SIGNAL)
(21:13:35.541) ReadingException: com.freescale.mqx.gdb.tad.model.globalstatus.TadGlobalStatusFactory.isMqxDataValid() at 60.line "readLongVariableSafely(_mqx_kernel_data)"
(21:13:35.541) ERROR: [TadGlobalStatusFactory] Kernel Data NOT valid (pointer: 0x0000)
(21:13:35.542) ERROR: [TadGlobalStatusFactory] MQX data not valid!
(21:13:35.542) INFO: [TadModel$3] Loading of TAD Global Status took 504 ms
(21:13:35.542) INFO: [TadGlobalStatusController] TAD global status data is ready!
(21:13:36.449) INFO: [TadModel] DSF session ID 39 has ended
(21:13:41.242) INFO: [TadModel] DSF session ID 40 has started
(21:13:45.196) INFO: [TadState] TAD state changed from DEBUG_STARTED to DEBUG_INIT_0 (Suspended, USER_REQUEST)
(21:13:47.515) INFO: [TadState] TAD state changed from DEBUG_INIT_0 to DEBUG_INIT_1 (Resumed, USER_REQUEST)
(21:14:00.913) INFO: [TadModel] DSF session ID 41 has started
(21:14:02.289) INFO: [TadState] TAD state changed from DEBUG_STARTED to DEBUG_INIT_0 (Suspended, SIGNAL)
(21:14:03.809) INFO: [TadModel] DSF session ID 40 has ended
(21:14:05.238) INFO: [TadState] TAD state changed from NONE to DEBUG_INIT_0 (Suspended, USER_REQUEST)
(21:14:07.759) INFO: [TadState] TAD state changed from DEBUG_INIT_0 to DEBUG_INIT_1 (Resumed, USER_REQUEST)
(21:14:07.794) INFO: [TadState] TAD state changed from DEBUG_INIT_1 to DEBUG_SUSPENDED (Suspended, BREAKPOINT)
(21:14:10.360) INFO: [TadState] TAD state changed from DEBUG_SUSPENDED to DEBUG_RESUMED (Resumed, USER_REQUEST)
(21:15:10.840) INFO: [TadState] TAD state changed from DEBUG_RESUMED to READY (Suspended, SIGNAL)
(21:15:11.360) ReadingException: com.freescale.mqx.gdb.tad.model.globalstatus.TadGlobalStatusFactory.isMqxDataValid() at 60.line "readLongVariableSafely(_mqx_kernel_data)"
(21:15:11.360) ERROR: [TadGlobalStatusFactory] Kernel Data NOT valid (pointer: 0x0000)
(21:15:11.360) ERROR: [TadGlobalStatusFactory] MQX data not valid!
(21:15:11.361) INFO: [TadModel$3] Loading of TAD Global Status took 516 ms
(21:15:11.361) INFO: [TadGlobalStatusController] TAD global status data is ready!
(21:15:12.247) INFO: [TadModel] DSF session ID 41 has ended
(21:15:16.262) INFO: [TadModel] DSF session ID 42 has started
(21:15:19.790) INFO: [TadState] TAD state changed from DEBUG_STARTED to DEBUG_INIT_0 (Suspended, USER_REQUEST)
(21:15:21.310) INFO: [TadState] TAD state changed from DEBUG_INIT_0 to DEBUG_INIT_1 (Resumed, USER_REQUEST)
(21:15:21.346) INFO: [TadState] TAD state changed from DEBUG_INIT_1 to DEBUG_SUSPENDED (Suspended, BREAKPOINT)
(21:15:22.780) INFO: [TadState] TAD state changed from DEBUG_SUSPENDED to DEBUG_RESUMED (Resumed, USER_REQUEST)
(21:15:59.266) INFO: [TadState] TAD state changed from DEBUG_RESUMED to READY (Suspended, SIGNAL)
(21:15:59.783) ReadingException: com.freescale.mqx.gdb.tad.model.globalstatus.TadGlobalStatusFactory.isMqxDataValid() at 60.line "readLongVariableSafely(_mqx_kernel_data)"
(21:15:59.783) ERROR: [TadGlobalStatusFactory] Kernel Data NOT valid (pointer: 0x0000)
(21:15:59.784) ERROR: [TadGlobalStatusFactory] MQX data not valid!
(21:15:59.784) INFO: [TadModel$3] Loading of TAD Global Status took 514 ms
(21:15:59.784) INFO: [TadGlobalStatusController] TAD global status data is ready!
(21:16:00.675) INFO: [TadModel] DSF session ID 42 has ended
(21:16:03.480) INFO: [TadModel] DSF session ID 43 has started
(21:16:07.329) INFO: [TadState] TAD state changed from DEBUG_STARTED to DEBUG_INIT_0 (Suspended, USER_REQUEST)
(21:16:09.829) INFO: [TadState] TAD state changed from DEBUG_INIT_0 to DEBUG_INIT_1 (Resumed, USER_REQUEST)
(21:16:09.864) INFO: [TadState] TAD state changed from DEBUG_INIT_1 to DEBUG_SUSPENDED (Suspended, BREAKPOINT)
(21:16:10.377) INFO: [TadState] TAD state changed from DEBUG_SUSPENDED to DEBUG_RESUMED (Resumed, USER_REQUEST)
(21:16:37.492) INFO: [TadState] TAD state changed from DEBUG_RESUMED to READY (Suspended, SIGNAL)
(21:16:38.003) ReadingException: com.freescale.mqx.gdb.tad.model.globalstatus.TadGlobalStatusFactory.isMqxDataValid() at 60.line "readLongVariableSafely(_mqx_kernel_data)"
(21:16:38.003) ERROR: [TadGlobalStatusFactory] Kernel Data NOT valid (pointer: 0x0000)
(21:16:38.003) ERROR: [TadGlobalStatusFactory] MQX data not valid!
(21:16:38.003) INFO: [TadModel$3] Loading of TAD Global Status took 507 ms
(21:16:38.003) INFO: [TadGlobalStatusController] TAD global status data is ready!
(21:16:38.902) INFO: [TadModel] DSF session ID 43 has ended
(21:16:40.114) INFO: [TadModel] DSF session ID 44 has started
(21:16:43.661) INFO: [TadState] TAD state changed from DEBUG_STARTED to DEBUG_INIT_0 (Suspended, USER_REQUEST)
(21:16:46.099) INFO: [TadState] TAD state changed from DEBUG_INIT_0 to DEBUG_INIT_1 (Resumed, USER_REQUEST)
(21:16:46.133) INFO: [TadState] TAD state changed from DEBUG_INIT_1 to DEBUG_SUSPENDED (Suspended, BREAKPOINT)
(21:16:47.136) INFO: [TadState] TAD state changed from DEBUG_SUSPENDED to DEBUG_RESUMED (Resumed, USER_REQUEST)
(21:19:22.420) INFO: [TadModel] DSF session ID 45 has started
(21:19:24.145) INFO: [TadState] TAD state changed from DEBUG_STARTED to DEBUG_INIT_0 (Suspended, SIGNAL)
(21:19:26.103) INFO: [TadModel] DSF session ID 44 has ended
(21:19:27.521) INFO: [TadState] TAD state changed from NONE to DEBUG_INIT_0 (Suspended, USER_REQUEST)
(21:19:29.857) INFO: [TadState] TAD state changed from DEBUG_INIT_0 to DEBUG_INIT_1 (Resumed, USER_REQUEST)
(21:19:59.583) INFO: [TadModel] DSF session ID 46 has started
(21:20:00.808) INFO: [TadState] TAD state changed from DEBUG_STARTED to DEBUG_INIT_0 (Suspended, SIGNAL)
(21:20:02.635) INFO: [TadModel] DSF session ID 45 has ended
(21:20:03.986) INFO: [TadState] TAD state changed from NONE to DEBUG_INIT_0 (Suspended, USER_REQUEST)
(21:20:06.427) INFO: [TadState] TAD state changed from DEBUG_INIT_0 to DEBUG_INIT_1 (Resumed, USER_REQUEST)
(21:20:06.461) INFO: [TadState] TAD state changed from DEBUG_INIT_1 to DEBUG_SUSPENDED (Suspended, BREAKPOINT)
(21:20:07.994) INFO: [TadState] TAD state changed from DEBUG_SUSPENDED to DEBUG_RESUMED (Resumed, USER_REQUEST)
(21:20:38.711) INFO: [TadModel] DSF session ID 47 has started
(21:20:39.973) INFO: [TadState] TAD state changed from DEBUG_STARTED to DEBUG_INIT_0 (Suspended, SIGNAL)
(21:20:41.612) INFO: [TadModel] DSF session ID 46 has ended
(21:20:42.923) INFO: [TadState] TAD state changed from NONE to DEBUG_INIT_0 (Suspended, USER_REQUEST)
(21:20:45.378) INFO: [TadState] TAD state changed from DEBUG_INIT_0 to DEBUG_INIT_1 (Resumed, USER_REQUEST)
(21:20:45.412) INFO: [TadState] TAD state changed from DEBUG_INIT_1 to DEBUG_SUSPENDED (Suspended, BREAKPOINT)
(21:20:45.927) INFO: [TadState] TAD state changed from DEBUG_SUSPENDED to DEBUG_RESUMED (Resumed, USER_REQUEST)
(21:21:17.800) INFO: [TadModel] DSF session ID 48 has started
(21:21:20.124) INFO: [TadState] TAD state changed from DEBUG_STARTED to DEBUG_INIT_0 (Suspended, SIGNAL)
(21:21:22.078) INFO: [TadModel] DSF session ID 47 has ended
(21:21:23.642) INFO: [TadState] TAD state changed from NONE to DEBUG_INIT_0 (Suspended, USER_REQUEST)
(21:21:26.080) INFO: [TadState] TAD state changed from DEBUG_INIT_0 to DEBUG_INIT_1 (Resumed, USER_REQUEST)
(21:21:26.113) INFO: [TadState] TAD state changed from DEBUG_INIT_1 to DEBUG_SUSPENDED (Suspended, BREAKPOINT)
(21:21:26.989) INFO: [TadState] TAD state changed from DEBUG_SUSPENDED to DEBUG_RESUMED (Resumed, USER_REQUEST)
(21:22:56.605) INFO: [TadModel] DSF session ID 49 has started
(21:22:57.834) INFO: [TadState] TAD state changed from DEBUG_STARTED to DEBUG_INIT_0 (Suspended, SIGNAL)
(21:22:59.788) INFO: [TadModel] DSF session ID 48 has ended
(21:23:01.266) INFO: [TadState] TAD state changed from NONE to DEBUG_INIT_0 (Suspended, USER_REQUEST)
(21:23:03.708) INFO: [TadState] TAD state changed from DEBUG_INIT_0 to DEBUG_INIT_1 (Resumed, USER_REQUEST)
(21:23:03.740) INFO: [TadState] TAD state changed from DEBUG_INIT_1 to DEBUG_SUSPENDED (Suspended, BREAKPOINT)
(21:23:04.260) INFO: [TadState] TAD state changed from DEBUG_SUSPENDED to DEBUG_RESUMED (Resumed, USER_REQUEST)
(21:23:45.700) INFO: [TadModel] DSF session ID 50 has started
(21:23:47.096) INFO: [TadState] TAD state changed from DEBUG_STARTED to DEBUG_INIT_0 (Suspended, SIGNAL)
(21:23:48.962) INFO: [TadModel] DSF session ID 49 has ended
(21:23:50.554) INFO: [TadState] TAD state changed from NONE to DEBUG_INIT_0 (Suspended, USER_REQUEST)
(21:23:53.021) INFO: [TadState] TAD state changed from DEBUG_INIT_0 to DEBUG_INIT_1 (Resumed, USER_REQUEST)
(21:23:53.059) INFO: [TadState] TAD state changed from DEBUG_INIT_1 to DEBUG_SUSPENDED (Suspended, BREAKPOINT)
(21:23:53.966) INFO: [TadState] TAD state changed from DEBUG_SUSPENDED to DEBUG_RESUMED (Resumed, USER_REQUEST)
(21:24:50.171) INFO: [TadModel] DSF session ID 51 has started
(21:24:51.351) INFO: [TadState] TAD state changed from DEBUG_STARTED to DEBUG_INIT_0 (Suspended, SIGNAL)
(21:24:53.084) INFO: [TadModel] DSF session ID 50 has ended
(21:24:54.525) INFO: [TadState] TAD state changed from NONE to DEBUG_INIT_0 (Suspended, USER_REQUEST)
(21:24:56.958) INFO: [TadState] TAD state changed from DEBUG_INIT_0 to DEBUG_INIT_1 (Resumed, USER_REQUEST)
(21:24:56.993) INFO: [TadState] TAD state changed from DEBUG_INIT_1 to DEBUG_SUSPENDED (Suspended, BREAKPOINT)
(21:24:57.695) INFO: [TadState] TAD state changed from DEBUG_SUSPENDED to DEBUG_RESUMED (Resumed, USER_REQUEST)
(21:25:51.887) INFO: [TadModel] DSF session ID 52 has started
(21:25:53.138) INFO: [TadState] TAD state changed from DEBUG_STARTED to DEBUG_INIT_0 (Suspended, SIGNAL)
(21:25:55.120) INFO: [TadModel] DSF session ID 51 has ended
(21:25:56.529) INFO: [TadState] TAD state changed from NONE to DEBUG_INIT_0 (Suspended, USER_REQUEST)
(21:25:59.056) INFO: [TadState] TAD state changed from DEBUG_INIT_0 to DEBUG_INIT_1 (Resumed, USER_REQUEST)
(21:25:59.091) INFO: [TadState] TAD state changed from DEBUG_INIT_1 to DEBUG_SUSPENDED (Suspended, BREAKPOINT)
(21:26:00.913) INFO: [TadState] TAD state changed from DEBUG_SUSPENDED to DEBUG_RESUMED (Resumed, USER_REQUEST)
(21:26:09.962) INFO: [TadModel] DSF session ID 53 has started
(21:26:11.160) INFO: [TadState] TAD state changed from DEBUG_STARTED to DEBUG_INIT_0 (Suspended, SIGNAL)
(21:26:13.066) INFO: [TadModel] DSF session ID 52 has ended
(21:26:14.429) INFO: [TadState] TAD state changed from NONE to DEBUG_INIT_0 (Suspended, USER_REQUEST)
(21:26:16.849) INFO: [TadState] TAD state changed from DEBUG_INIT_0 to DEBUG_INIT_1 (Resumed, USER_REQUEST)
(21:26:16.884) INFO: [TadState] TAD state changed from DEBUG_INIT_1 to DEBUG_SUSPENDED (Suspended, BREAKPOINT)
(21:26:18.643) INFO: [TadState] TAD state changed from DEBUG_SUSPENDED to DEBUG_RESUMED (Resumed, USER_REQUEST)
(21:27:07.223) INFO: [TadModel] DSF session ID 54 has started
(21:27:08.546) INFO: [TadState] TAD state changed from DEBUG_STARTED to DEBUG_INIT_0 (Suspended, SIGNAL)
(21:27:10.559) INFO: [TadModel] DSF session ID 53 has ended
(21:27:12.232) INFO: [TadState] TAD state changed from NONE to DEBUG_INIT_0 (Suspended, USER_REQUEST)
(21:27:14.749) INFO: [TadState] TAD state changed from DEBUG_INIT_0 to DEBUG_INIT_1 (Resumed, USER_REQUEST)
(21:27:14.784) INFO: [TadState] TAD state changed from DEBUG_INIT_1 to DEBUG_SUSPENDED (Suspended, BREAKPOINT)
(21:27:19.983) INFO: [TadState] TAD state changed from DEBUG_SUSPENDED to DEBUG_RESUMED (Resumed, USER_REQUEST)
(21:28:33.826) INFO: [TadModel] DSF session ID 55 has started
(21:28:35.482) INFO: [TadState] TAD state changed from DEBUG_STARTED to DEBUG_INIT_0 (Suspended, SIGNAL)
(21:28:40.340) INFO: [TadModel] DSF session ID 54 has ended
(21:28:43.531) INFO: [TadState] TAD state changed from NONE to DEBUG_INIT_0 (Suspended, USER_REQUEST)
(21:28:46.209) INFO: [TadState] TAD state changed from DEBUG_INIT_0 to DEBUG_INIT_1 (Resumed, USER_REQUEST)
(21:31:07.032) INFO: [TadModel] DSF session ID 56 has started
(21:31:08.157) INFO: [TadState] TAD state changed from DEBUG_STARTED to DEBUG_INIT_0 (Suspended, SIGNAL)
(21:31:09.774) INFO: [TadModel] DSF session ID 55 has ended
(21:31:10.997) INFO: [TadState] TAD state changed from NONE to DEBUG_INIT_0 (Suspended, USER_REQUEST)
(21:31:13.280) INFO: [TadState] TAD state changed from DEBUG_INIT_0 to DEBUG_INIT_1 (Resumed, USER_REQUEST)
(21:32:03.874) INFO: [TadModel] DSF session ID 57 has started
(21:32:05.354) INFO: [TadState] TAD state changed from DEBUG_STARTED to DEBUG_INIT_0 (Suspended, SIGNAL)
(21:32:06.716) INFO: [TadModel] DSF session ID 56 has ended
(21:32:07.940) INFO: [TadState] TAD state changed from NONE to DEBUG_INIT_0 (Suspended, USER_REQUEST)
(21:32:10.374) INFO: [TadState] TAD state changed from DEBUG_INIT_0 to DEBUG_INIT_1 (Resumed, USER_REQUEST)
(21:32:10.406) INFO: [TadState] TAD state changed from DEBUG_INIT_1 to DEBUG_SUSPENDED (Suspended, BREAKPOINT)
(21:32:12.461) INFO: [TadState] TAD state changed from DEBUG_SUSPENDED to DEBUG_RESUMED (Resumed, USER_REQUEST)
(21:33:35.502) INFO: [TadModel] DSF session ID 58 has started
(21:33:36.601) INFO: [TadState] TAD state changed from DEBUG_STARTED to DEBUG_INIT_0 (Suspended, SIGNAL)
(21:33:38.288) INFO: [TadModel] DSF session ID 57 has ended
(21:33:39.608) INFO: [TadState] TAD state changed from NONE to DEBUG_INIT_0 (Suspended, USER_REQUEST)
(21:33:41.869) INFO: [TadState] TAD state changed from DEBUG_INIT_0 to DEBUG_INIT_1 (Resumed, USER_REQUEST)
(21:34:06.963) INFO: [TadModel] DSF session ID 59 has started
(21:34:08.180) INFO: [TadState] TAD state changed from DEBUG_STARTED to DEBUG_INIT_0 (Suspended, SIGNAL)
(21:34:09.515) INFO: [TadModel] DSF session ID 58 has ended
(21:34:10.731) INFO: [TadState] TAD state changed from NONE to DEBUG_INIT_0 (Suspended, USER_REQUEST)
(21:34:13.137) INFO: [TadState] TAD state changed from DEBUG_INIT_0 to DEBUG_INIT_1 (Resumed, USER_REQUEST)
(21:34:13.170) INFO: [TadState] TAD state changed from DEBUG_INIT_1 to DEBUG_SUSPENDED (Suspended, BREAKPOINT)
(21:34:14.104) INFO: [TadState] TAD state changed from DEBUG_SUSPENDED to DEBUG_RESUMED (Resumed, USER_REQUEST)
(21:34:32.173) INFO: [TadModel] DSF session ID 60 has started
(21:34:33.858) INFO: [TadState] TAD state changed from DEBUG_STARTED to DEBUG_INIT_0 (Suspended, SIGNAL)
(21:34:35.335) INFO: [TadModel] DSF session ID 59 has ended
(21:34:36.582) INFO: [TadState] TAD state changed from NONE to DEBUG_INIT_0 (Suspended, USER_REQUEST)
(21:34:38.868) INFO: [TadState] TAD state changed from DEBUG_INIT_0 to DEBUG_INIT_1 (Resumed, USER_REQUEST)
(21:35:09.572) INFO: [TadModel] DSF session ID 61 has started
(21:35:11.017) INFO: [TadState] TAD state changed from DEBUG_STARTED to DEBUG_INIT_0 (Suspended, SIGNAL)
(21:35:12.416) INFO: [TadModel] DSF session ID 60 has ended
(21:35:13.643) INFO: [TadState] TAD state changed from NONE to DEBUG_INIT_0 (Suspended, USER_REQUEST)
(21:35:16.102) INFO: [TadState] TAD state changed from DEBUG_INIT_0 to DEBUG_INIT_1 (Resumed, USER_REQUEST)
(21:35:16.134) INFO: [TadState] TAD state changed from DEBUG_INIT_1 to DEBUG_SUSPENDED (Suspended, BREAKPOINT)
(21:35:18.571) INFO: [TadState] TAD state changed from DEBUG_SUSPENDED to DEBUG_RESUMED (Resumed, USER_REQUEST)
(21:35:37.744) INFO: [TadModel] DSF session ID 62 has started
(21:35:38.975) INFO: [TadState] TAD state changed from DEBUG_STARTED to DEBUG_INIT_0 (Suspended, SIGNAL)
(21:35:40.416) INFO: [TadModel] DSF session ID 61 has ended
(21:35:41.617) INFO: [TadState] TAD state changed from NONE to DEBUG_INIT_0 (Suspended, USER_REQUEST)
(21:35:44.055) INFO: [TadState] TAD state changed from DEBUG_INIT_0 to DEBUG_INIT_1 (Resumed, USER_REQUEST)
(21:35:44.088) INFO: [TadState] TAD state changed from DEBUG_INIT_1 to DEBUG_SUSPENDED (Suspended, BREAKPOINT)
(21:35:45.455) INFO: [TadState] TAD state changed from DEBUG_SUSPENDED to DEBUG_RESUMED (Resumed, USER_REQUEST)
(21:36:30.130) INFO: [TadModel] DSF session ID 63 has started
(21:36:31.318) INFO: [TadState] TAD state changed from DEBUG_STARTED to DEBUG_INIT_0 (Suspended, SIGNAL)
(21:36:32.766) INFO: [TadModel] DSF session ID 62 has ended
(21:36:33.898) INFO: [TadState] TAD state changed from NONE to DEBUG_INIT_0 (Suspended, USER_REQUEST)
(21:36:36.339) INFO: [TadState] TAD state changed from DEBUG_INIT_0 to DEBUG_INIT_1 (Resumed, USER_REQUEST)
(21:36:36.374) INFO: [TadState] TAD state changed from DEBUG_INIT_1 to DEBUG_SUSPENDED (Suspended, BREAKPOINT)
(21:36:37.316) INFO: [TadState] TAD state changed from DEBUG_SUSPENDED to DEBUG_RESUMED (Resumed, USER_REQUEST)
(21:37:08.470) INFO: [TadModel] DSF session ID 64 has started
(21:37:09.586) INFO: [TadState] TAD state changed from DEBUG_STARTED to DEBUG_INIT_0 (Suspended, SIGNAL)
(21:37:11.051) INFO: [TadModel] DSF session ID 63 has ended
(21:37:12.367) INFO: [TadState] TAD state changed from NONE to DEBUG_INIT_0 (Suspended, USER_REQUEST)
(21:37:14.663) INFO: [TadState] TAD state changed from DEBUG_INIT_0 to DEBUG_INIT_1 (Resumed, USER_REQUEST)
(21:37:33.638) INFO: [TadModel] DSF session ID 65 has started
(21:37:35.019) INFO: [TadState] TAD state changed from DEBUG_STARTED to DEBUG_INIT_0 (Suspended, SIGNAL)
(21:37:36.709) INFO: [TadModel] DSF session ID 64 has ended
(21:37:37.936) INFO: [TadState] TAD state changed from NONE to DEBUG_INIT_0 (Suspended, USER_REQUEST)
(21:37:40.444) INFO: [TadState] TAD state changed from DEBUG_INIT_0 to DEBUG_INIT_1 (Resumed, USER_REQUEST)
(21:37:40.477) INFO: [TadState] TAD state changed from DEBUG_INIT_1 to DEBUG_SUSPENDED (Suspended, BREAKPOINT)
(21:37:41.414) INFO: [TadState] TAD state changed from DEBUG_SUSPENDED to DEBUG_RESUMED (Resumed, USER_REQUEST)
(21:42:56.044) INFO: [TadModel] DSF session ID 66 has started
(21:42:57.343) INFO: [TadState] TAD state changed from DEBUG_STARTED to DEBUG_INIT_0 (Suspended, SIGNAL)
(21:42:58.812) INFO: [TadModel] DSF session ID 65 has ended
(21:43:00.153) INFO: [TadState] TAD state changed from NONE to DEBUG_INIT_0 (Suspended, USER_REQUEST)
(21:43:02.450) INFO: [TadState] TAD state changed from DEBUG_INIT_0 to DEBUG_INIT_1 (Resumed, USER_REQUEST)
(21:44:35.908) INFO: [TadModel] DSF session ID 67 has started
(21:44:37.282) INFO: [TadState] TAD state changed from DEBUG_STARTED to DEBUG_INIT_0 (Suspended, SIGNAL)
(21:44:39.061) INFO: [TadModel] DSF session ID 66 has ended
(21:44:40.298) INFO: [TadState] TAD state changed from NONE to DEBUG_INIT_0 (Suspended, USER_REQUEST)
(21:44:42.597) INFO: [TadState] TAD state changed from DEBUG_INIT_0 to DEBUG_INIT_1 (Resumed, USER_REQUEST)
(21:45:44.742) INFO: [TadModel] DSF session ID 68 has started
(21:45:45.865) INFO: [TadState] TAD state changed from DEBUG_STARTED to DEBUG_INIT_0 (Suspended, SIGNAL)
(21:45:47.297) INFO: [TadModel] DSF session ID 67 has ended
(21:45:48.538) INFO: [TadState] TAD state changed from NONE to DEBUG_INIT_0 (Suspended, USER_REQUEST)
(21:45:50.952) INFO: [TadState] TAD state changed from DEBUG_INIT_0 to DEBUG_INIT_1 (Resumed, USER_REQUEST)
(21:45:50.984) INFO: [TadState] TAD state changed from DEBUG_INIT_1 to DEBUG_SUSPENDED (Suspended, BREAKPOINT)
(21:45:52.714) INFO: [TadState] TAD state changed from DEBUG_SUSPENDED to DEBUG_RESUMED (Resumed, USER_REQUEST)
(21:47:24.211) INFO: [TadState] TAD state changed from DEBUG_RESUMED to READY (Suspended, SIGNAL)
(21:47:24.726) ReadingException: com.freescale.mqx.gdb.tad.model.globalstatus.TadGlobalStatusFactory.isMqxDataValid() at 60.line "readLongVariableSafely(_mqx_kernel_data)"
(21:47:24.726) ERROR: [TadGlobalStatusFactory] Kernel Data NOT valid (pointer: 0x0000)
(21:47:24.726) ERROR: [TadGlobalStatusFactory] MQX data not valid!
(21:47:24.726) INFO: [TadModel$3] Loading of TAD Global Status took 513 ms
(21:47:24.726) INFO: [TadGlobalStatusController] TAD global status data is ready!
(21:47:25.429) INFO: [TadModel] DSF session ID 69 has started
(21:47:25.608) INFO: [TadModel] DSF session ID 68 has ended
(21:47:29.540) INFO: [TadModel] DSF session ID 69 has ended
(21:47:58.622) INFO: [TadModel] DSF session ID 70 has started
(21:48:01.481) INFO: [TadState] TAD state changed from DEBUG_STARTED to DEBUG_INIT_0 (Suspended, USER_REQUEST)
(21:48:03.848) INFO: [TadState] TAD state changed from DEBUG_INIT_0 to DEBUG_INIT_1 (Resumed, USER_REQUEST)
(21:48:03.880) INFO: [TadState] TAD state changed from DEBUG_INIT_1 to DEBUG_SUSPENDED (Suspended, BREAKPOINT)
(21:48:04.535) INFO: [TadState] TAD state changed from DEBUG_SUSPENDED to DEBUG_RESUMED (Resumed, USER_REQUEST)
(21:48:39.213) INFO: [TadModel] DSF session ID 71 has started
(21:48:40.231) INFO: [TadState] TAD state changed from DEBUG_STARTED to DEBUG_INIT_0 (Suspended, SIGNAL)
(21:48:42.204) INFO: [TadModel] DSF session ID 70 has ended
(21:48:43.537) INFO: [TadState] TAD state changed from NONE to DEBUG_INIT_0 (Suspended, USER_REQUEST)
(21:48:46.014) INFO: [TadState] TAD state changed from DEBUG_INIT_0 to DEBUG_INIT_1 (Resumed, USER_REQUEST)
(21:48:46.048) INFO: [TadState] TAD state changed from DEBUG_INIT_1 to DEBUG_SUSPENDED (Suspended, BREAKPOINT)
(21:48:54.920) INFO: [TadState] TAD state changed from DEBUG_SUSPENDED to DEBUG_RESUMED (Resumed, USER_REQUEST)
(21:49:17.636) INFO: [TadState] TAD state changed from DEBUG_RESUMED to READY (Suspended, SIGNAL)
(21:49:18.144) ReadingException: com.freescale.mqx.gdb.tad.model.globalstatus.TadGlobalStatusFactory.isMqxDataValid() at 60.line "readLongVariableSafely(_mqx_kernel_data)"
(21:49:18.144) ERROR: [TadGlobalStatusFactory] Kernel Data NOT valid (pointer: 0x0000)
(21:49:18.144) ERROR: [TadGlobalStatusFactory] MQX data not valid!
(21:49:18.144) INFO: [TadModel$3] Loading of TAD Global Status took 505 ms
(21:49:18.144) INFO: [TadGlobalStatusController] TAD global status data is ready!
(21:49:19.018) INFO: [TadModel] DSF session ID 71 has ended
(21:49:21.453) INFO: [TadModel] DSF session ID 72 has started
(21:49:24.342) INFO: [TadState] TAD state changed from DEBUG_STARTED to DEBUG_INIT_0 (Suspended, USER_REQUEST)
(21:49:26.760) INFO: [TadState] TAD state changed from DEBUG_INIT_0 to DEBUG_INIT_1 (Resumed, USER_REQUEST)
(21:49:26.792) INFO: [TadState] TAD state changed from DEBUG_INIT_1 to DEBUG_SUSPENDED (Suspended, BREAKPOINT)
(21:49:28.917) INFO: [TadState] TAD state changed from DEBUG_SUSPENDED to DEBUG_RESUMED (Resumed, USER_REQUEST)
(21:49:46.561) INFO: [TadModel] DSF session ID 73 has started
(21:49:47.675) INFO: [TadState] TAD state changed from DEBUG_STARTED to DEBUG_INIT_0 (Suspended, SIGNAL)
(21:49:49.128) INFO: [TadModel] DSF session ID 72 has ended
(21:49:50.292) INFO: [TadState] TAD state changed from NONE to DEBUG_INIT_0 (Suspended, USER_REQUEST)
(21:49:52.702) INFO: [TadState] TAD state changed from DEBUG_INIT_0 to DEBUG_INIT_1 (Resumed, USER_REQUEST)
(21:49:52.734) INFO: [TadState] TAD state changed from DEBUG_INIT_1 to DEBUG_SUSPENDED (Suspended, BREAKPOINT)
(21:49:52.830) INFO: [TadState] TAD state changed from DEBUG_SUSPENDED to DEBUG_RESUMED (Resumed, USER_REQUEST)
(21:50:53.340) INFO: [TadState] TAD state changed from DEBUG_RESUMED to READY (Suspended, SIGNAL)
(21:50:53.843) ReadingException: com.freescale.mqx.gdb.tad.model.globalstatus.TadGlobalStatusFactory.isMqxDataValid() at 60.line "readLongVariableSafely(_mqx_kernel_data)"
(21:50:53.843) ERROR: [TadGlobalStatusFactory] Kernel Data NOT valid (pointer: 0x0000)
(21:50:53.843) ERROR: [TadGlobalStatusFactory] MQX data not valid!
(21:50:53.843) INFO: [TadModel$3] Loading of TAD Global Status took 500 ms
(21:50:53.843) INFO: [TadGlobalStatusController] TAD global status data is ready!
(21:50:54.755) INFO: [TadModel] DSF session ID 73 has ended
(21:50:55.057) INFO: [TadModel] DSF session ID 74 has started
(21:50:57.829) INFO: [TadState] TAD state changed from DEBUG_STARTED to DEBUG_INIT_0 (Suspended, USER_REQUEST)
(21:51:00.249) INFO: [TadState] TAD state changed from DEBUG_INIT_0 to DEBUG_INIT_1 (Resumed, USER_REQUEST)
(21:51:00.281) INFO: [TadState] TAD state changed from DEBUG_INIT_1 to DEBUG_SUSPENDED (Suspended, BREAKPOINT)
(21:51:01.259) INFO: [TadState] TAD state changed from DEBUG_SUSPENDED to DEBUG_RESUMED (Resumed, USER_REQUEST)
(21:51:32.250) INFO: [TadState] TAD state changed from DEBUG_RESUMED to READY (Suspended, SIGNAL)
(21:51:32.760) ReadingException: com.freescale.mqx.gdb.tad.model.globalstatus.TadGlobalStatusFactory.isMqxDataValid() at 60.line "readLongVariableSafely(_mqx_kernel_data)"
(21:51:32.760) ERROR: [TadGlobalStatusFactory] Kernel Data NOT valid (pointer: 0x0000)
(21:51:32.760) ERROR: [TadGlobalStatusFactory] MQX data not valid!
(21:51:32.760) INFO: [TadModel$3] Loading of TAD Global Status took 507 ms
(21:51:32.760) INFO: [TadGlobalStatusController] TAD global status data is ready!
(21:51:33.652) INFO: [TadModel] DSF session ID 74 has ended
(21:51:34.050) INFO: [TadModel] DSF session ID 75 has started
(21:51:37.231) INFO: [TadState] TAD state changed from DEBUG_STARTED to DEBUG_INIT_0 (Suspended, USER_REQUEST)
(21:51:39.710) INFO: [TadState] TAD state changed from DEBUG_INIT_0 to DEBUG_INIT_1 (Resumed, USER_REQUEST)
(21:51:39.742) INFO: [TadState] TAD state changed from DEBUG_INIT_1 to DEBUG_SUSPENDED (Suspended, BREAKPOINT)
(21:51:40.909) INFO: [TadState] TAD state changed from DEBUG_SUSPENDED to DEBUG_RESUMED (Resumed, USER_REQUEST)
(21:52:39.687) INFO: [TadState] TAD state changed from DEBUG_RESUMED to READY (Suspended, SIGNAL)
(21:52:40.191) ReadingException: com.freescale.mqx.gdb.tad.model.globalstatus.TadGlobalStatusFactory.isMqxDataValid() at 60.line "readLongVariableSafely(_mqx_kernel_data)"
(21:52:40.191) ERROR: [TadGlobalStatusFactory] Kernel Data NOT valid (pointer: 0x0000)
(21:52:40.191) ERROR: [TadGlobalStatusFactory] MQX data not valid!
(21:52:40.191) INFO: [TadModel$3] Loading of TAD Global Status took 502 ms
(21:52:40.191) INFO: [TadGlobalStatusController] TAD global status data is ready!
(21:52:41.081) INFO: [TadModel] DSF session ID 75 has ended
(21:52:41.700) INFO: [TadModel] DSF session ID 76 has started
(21:52:44.649) INFO: [TadState] TAD state changed from DEBUG_STARTED to DEBUG_INIT_0 (Suspended, USER_REQUEST)
(21:52:47.026) INFO: [TadState] TAD state changed from DEBUG_INIT_0 to DEBUG_INIT_1 (Resumed, USER_REQUEST)
(21:52:47.059) INFO: [TadState] TAD state changed from DEBUG_INIT_1 to DEBUG_SUSPENDED (Suspended, BREAKPOINT)
(21:52:47.351) INFO: [TadState] TAD state changed from DEBUG_SUSPENDED to DEBUG_RESUMED (Resumed, USER_REQUEST)
(21:53:21.187) INFO: [TadModel] DSF session ID 77 has started
(21:53:22.268) INFO: [TadState] TAD state changed from DEBUG_STARTED to DEBUG_INIT_0 (Suspended, SIGNAL)
(21:53:23.705) INFO: [TadModel] DSF session ID 76 has ended
(21:53:24.960) INFO: [TadState] TAD state changed from NONE to DEBUG_INIT_0 (Suspended, USER_REQUEST)
(21:53:27.367) INFO: [TadState] TAD state changed from DEBUG_INIT_0 to DEBUG_INIT_1 (Resumed, USER_REQUEST)
(21:53:27.400) INFO: [TadState] TAD state changed from DEBUG_INIT_1 to DEBUG_SUSPENDED (Suspended, BREAKPOINT)
(21:53:29.154) INFO: [TadState] TAD state changed from DEBUG_SUSPENDED to DEBUG_RESUMED (Resumed, USER_REQUEST)
(21:53:43.802) INFO: [TadModel] DSF session ID 78 has started
(21:53:44.996) INFO: [TadState] TAD state changed from DEBUG_STARTED to DEBUG_INIT_0 (Suspended, SIGNAL)
(21:53:46.593) INFO: [TadModel] DSF session ID 77 has ended
(21:53:47.950) INFO: [TadState] TAD state changed from NONE to DEBUG_INIT_0 (Suspended, USER_REQUEST)
(21:53:50.356) INFO: [TadState] TAD state changed from DEBUG_INIT_0 to DEBUG_INIT_1 (Resumed, USER_REQUEST)
(21:53:50.389) INFO: [TadState] TAD state changed from DEBUG_INIT_1 to DEBUG_SUSPENDED (Suspended, BREAKPOINT)
(21:53:51.151) INFO: [TadState] TAD state changed from DEBUG_SUSPENDED to DEBUG_RESUMED (Resumed, USER_REQUEST)
(21:54:24.166) INFO: [TadModel] DSF session ID 79 has started
(21:54:25.397) INFO: [TadState] TAD state changed from DEBUG_STARTED to DEBUG_INIT_0 (Suspended, SIGNAL)
(21:54:26.694) INFO: [TadModel] DSF session ID 78 has ended
(21:54:28.000) INFO: [TadState] TAD state changed from NONE to DEBUG_INIT_0 (Suspended, USER_REQUEST)
(21:54:30.433) INFO: [TadState] TAD state changed from DEBUG_INIT_0 to DEBUG_INIT_1 (Resumed, USER_REQUEST)
(21:54:30.465) INFO: [TadState] TAD state changed from DEBUG_INIT_1 to DEBUG_SUSPENDED (Suspended, BREAKPOINT)
(21:54:32.863) INFO: [TadState] TAD state changed from DEBUG_SUSPENDED to DEBUG_RESUMED (Resumed, USER_REQUEST)
(21:58:23.484) INFO: [TadState] TAD state changed from DEBUG_RESUMED to READY (Suspended, SIGNAL)
(21:58:23.989) ReadingException: com.freescale.mqx.gdb.tad.model.globalstatus.TadGlobalStatusFactory.isMqxDataValid() at 60.line "readLongVariableSafely(_mqx_kernel_data)"
(21:58:23.989) ERROR: [TadGlobalStatusFactory] Kernel Data NOT valid (pointer: 0x0000)
(21:58:23.989) ERROR: [TadGlobalStatusFactory] MQX data not valid!
(21:58:23.989) INFO: [TadModel$3] Loading of TAD Global Status took 503 ms
(21:58:23.990) INFO: [TadGlobalStatusController] TAD global status data is ready!
(21:58:24.901) INFO: [TadModel] DSF session ID 79 has ended
(21:58:25.505) INFO: [TadModel] DSF session ID 80 has started
(21:58:28.566) INFO: [TadState] TAD state changed from DEBUG_STARTED to DEBUG_INIT_0 (Suspended, USER_REQUEST)
(21:58:30.961) INFO: [TadState] TAD state changed from DEBUG_INIT_0 to DEBUG_INIT_1 (Resumed, USER_REQUEST)
(21:58:30.996) INFO: [TadState] TAD state changed from DEBUG_INIT_1 to DEBUG_SUSPENDED (Suspended, BREAKPOINT)
(21:58:31.526) INFO: [TadState] TAD state changed from DEBUG_SUSPENDED to DEBUG_RESUMED (Resumed, USER_REQUEST)
(21:59:59.498) INFO: [TadModel] DSF session ID 81 has started
(22:00:00.684) INFO: [TadState] TAD state changed from DEBUG_STARTED to DEBUG_INIT_0 (Suspended, SIGNAL)
(22:00:02.125) INFO: [TadModel] DSF session ID 80 has ended
(22:00:03.364) INFO: [TadState] TAD state changed from NONE to DEBUG_INIT_0 (Suspended, USER_REQUEST)
(22:00:05.661) INFO: [TadState] TAD state changed from DEBUG_INIT_0 to DEBUG_INIT_1 (Resumed, USER_REQUEST)
(22:02:21.335) INFO: [TadModel] DSF session ID 82 has started
(22:02:22.539) INFO: [TadState] TAD state changed from DEBUG_STARTED to DEBUG_INIT_0 (Suspended, SIGNAL)
(22:02:23.469) INFO: [TadModel] DSF session ID 81 has ended
(22:02:24.766) INFO: [TadState] TAD state changed from NONE to DEBUG_INIT_0 (Suspended, USER_REQUEST)
(22:02:26.269) INFO: [TadState] TAD state changed from DEBUG_INIT_0 to DEBUG_INIT_1 (Resumed, USER_REQUEST)
(22:02:26.302) INFO: [TadState] TAD state changed from DEBUG_INIT_1 to DEBUG_SUSPENDED (Suspended, BREAKPOINT)
(22:02:27.126) INFO: [TadState] TAD state changed from DEBUG_SUSPENDED to DEBUG_RESUMED (Resumed, USER_REQUEST)
(22:03:35.589) INFO: [TadState] TAD state changed from DEBUG_RESUMED to READY (Suspended, SIGNAL)
(22:03:36.101) ReadingException: com.freescale.mqx.gdb.tad.model.globalstatus.TadGlobalStatusFactory.isMqxDataValid() at 60.line "readLongVariableSafely(_mqx_kernel_data)"
(22:03:36.101) ERROR: [TadGlobalStatusFactory] Kernel Data NOT valid (pointer: 0x0000)
(22:03:36.101) ERROR: [TadGlobalStatusFactory] MQX data not valid!
(22:03:36.101) INFO: [TadModel$3] Loading of TAD Global Status took 510 ms
(22:03:36.101) INFO: [TadGlobalStatusController] TAD global status data is ready!
(22:03:36.982) INFO: [TadModel] DSF session ID 82 has ended
(22:03:37.571) INFO: [TadModel] DSF session ID 83 has started
(22:03:40.227) INFO: [TadState] TAD state changed from DEBUG_STARTED to DEBUG_INIT_0 (Suspended, USER_REQUEST)
(22:03:41.730) INFO: [TadState] TAD state changed from DEBUG_INIT_0 to DEBUG_INIT_1 (Resumed, USER_REQUEST)
(22:03:41.763) INFO: [TadState] TAD state changed from DEBUG_INIT_1 to DEBUG_SUSPENDED (Suspended, BREAKPOINT)
(22:03:43.594) INFO: [TadState] TAD state changed from DEBUG_SUSPENDED to DEBUG_RESUMED (Resumed, USER_REQUEST)
(22:04:25.612) INFO: [TadState] TAD state changed from DEBUG_RESUMED to READY (Suspended, SIGNAL)
(22:04:26.124) ReadingException: com.freescale.mqx.gdb.tad.model.globalstatus.TadGlobalStatusFactory.isMqxDataValid() at 60.line "readLongVariableSafely(_mqx_kernel_data)"
(22:04:26.124) ERROR: [TadGlobalStatusFactory] Kernel Data NOT valid (pointer: 0x0000)
(22:04:26.124) ERROR: [TadGlobalStatusFactory] MQX data not valid!
(22:04:26.124) INFO: [TadModel$3] Loading of TAD Global Status took 509 ms
(22:04:26.124) INFO: [TadGlobalStatusController] TAD global status data is ready!
