(14:56:48.813) INFO: [TadState] TAD state init (NONE)
(15:26:06.932) INFO: [TadModel] DSF session ID 0 has started
(15:26:13.071) INFO: [TadState] TAD state changed from DEBUG_STARTED to DEBUG_INIT_0 (Suspended, USER_REQUEST)
(15:26:15.948) INFO: [TadState] TAD state changed from DEBUG_INIT_0 to DEBUG_INIT_1 (Resumed, USER_REQUEST)
(15:26:15.982) INFO: [TadState] TAD state changed from DEBUG_INIT_1 to DEBUG_SUSPENDED (Suspended, BREAKPOINT)
(15:26:19.129) INFO: [TadState] TAD state changed from DEBUG_SUSPENDED to DEBUG_RESUMED (Resumed, USER_REQUEST)
(15:30:58.233) INFO: [TadState] TAD state changed from DEBUG_RESUMED to READY (Suspended, SIGNAL)
(15:30:58.745) ReadingException: com.freescale.mqx.gdb.tad.model.globalstatus.TadGlobalStatusFactory.isMqxDataValid() at 60.line "readLongVariableSafely(_mqx_kernel_data)"
(15:30:58.745) ERROR: [TadGlobalStatusFactory] Kernel Data NOT valid (pointer: 0x0000)
(15:30:58.745) ERROR: [TadGlobalStatusFactory] MQX data not valid!
(15:30:58.745) INFO: [TadModel$3] Loading of TAD Global Status took 508 ms
(15:30:58.746) INFO: [TadGlobalStatusController] TAD global status data is ready!
(15:30:59.690) INFO: [TadModel] DSF session ID 0 has ended
(15:34:09.453) INFO: [TadModel] DSF session ID 1 has started
(15:34:11.744) INFO: [TadState] TAD state changed from DEBUG_STARTED to DEBUG_INIT_0 (Suspended, USER_REQUEST)
(15:34:14.139) INFO: [TadState] TAD state changed from DEBUG_INIT_0 to DEBUG_INIT_1 (Resumed, USER_REQUEST)
(15:34:14.173) INFO: [TadState] TAD state changed from DEBUG_INIT_1 to DEBUG_SUSPENDED (Suspended, BREAKPOINT)
(15:34:17.752) INFO: [TadState] TAD state changed from DEBUG_SUSPENDED to DEBUG_RESUMED (Resumed, USER_REQUEST)
(15:34:44.205) INFO: [TadState] TAD state changed from DEBUG_RESUMED to READY (Suspended, SIGNAL)
(15:34:44.722) ReadingException: com.freescale.mqx.gdb.tad.model.globalstatus.TadGlobalStatusFactory.isMqxDataValid() at 60.line "readLongVariableSafely(_mqx_kernel_data)"
(15:34:44.723) ERROR: [TadGlobalStatusFactory] Kernel Data NOT valid (pointer: 0x0000)
(15:34:44.725) ERROR: [TadGlobalStatusFactory] MQX data not valid!
(15:34:44.725) INFO: [TadModel$3] Loading of TAD Global Status took 518 ms
(15:34:44.725) INFO: [TadGlobalStatusController] TAD global status data is ready!
(15:34:45.575) INFO: [TadModel] DSF session ID 1 has ended
(15:35:51.979) INFO: [TadModel] DSF session ID 2 has started
(15:35:54.039) INFO: [TadState] TAD state changed from DEBUG_STARTED to DEBUG_INIT_0 (Suspended, USER_REQUEST)
(15:35:56.463) INFO: [TadState] TAD state changed from DEBUG_INIT_0 to DEBUG_INIT_1 (Resumed, USER_REQUEST)
(15:35:56.501) INFO: [TadState] TAD state changed from DEBUG_INIT_1 to DEBUG_SUSPENDED (Suspended, BREAKPOINT)
(15:35:59.034) INFO: [TadState] TAD state changed from DEBUG_SUSPENDED to DEBUG_RESUMED (Resumed, USER_REQUEST)
(15:36:07.544) INFO: [TadState] TAD state changed from DEBUG_RESUMED to READY (Suspended, SIGNAL)
(15:36:08.052) ReadingException: com.freescale.mqx.gdb.tad.model.globalstatus.TadGlobalStatusFactory.isMqxDataValid() at 60.line "readLongVariableSafely(_mqx_kernel_data)"
(15:36:08.052) ERROR: [TadGlobalStatusFactory] Kernel Data NOT valid (pointer: 0x0000)
(15:36:08.052) ERROR: [TadGlobalStatusFactory] MQX data not valid!
(15:36:08.052) INFO: [TadModel$3] Loading of TAD Global Status took 506 ms
(15:36:08.052) INFO: [TadGlobalStatusController] TAD global status data is ready!
(15:36:08.924) INFO: [TadModel] DSF session ID 2 has ended
(15:36:14.896) INFO: [TadModel] DSF session ID 3 has started
(15:36:17.069) INFO: [TadState] TAD state changed from DEBUG_STARTED to DEBUG_INIT_0 (Suspended, USER_REQUEST)
(15:36:18.565) INFO: [TadState] TAD state changed from DEBUG_INIT_0 to DEBUG_INIT_1 (Resumed, USER_REQUEST)
(15:36:18.600) INFO: [TadState] TAD state changed from DEBUG_INIT_1 to DEBUG_SUSPENDED (Suspended, BREAKPOINT)
(15:36:19.377) INFO: [TadState] TAD state changed from DEBUG_SUSPENDED to DEBUG_RESUMED (Resumed, USER_REQUEST)
(15:37:28.793) INFO: [TadState] TAD state changed from DEBUG_RESUMED to READY (Suspended, SIGNAL)
(15:37:29.307) ReadingException: com.freescale.mqx.gdb.tad.model.globalstatus.TadGlobalStatusFactory.isMqxDataValid() at 60.line "readLongVariableSafely(_mqx_kernel_data)"
(15:37:29.307) ERROR: [TadGlobalStatusFactory] Kernel Data NOT valid (pointer: 0x0000)
(15:37:29.307) ERROR: [TadGlobalStatusFactory] MQX data not valid!
(15:37:29.307) INFO: [TadModel$3] Loading of TAD Global Status took 513 ms
(15:37:29.307) INFO: [TadGlobalStatusController] TAD global status data is ready!
(15:37:30.207) INFO: [TadModel] DSF session ID 3 has ended
(15:38:15.609) INFO: [TadModel] DSF session ID 4 has started
(15:38:17.689) INFO: [TadState] TAD state changed from DEBUG_STARTED to DEBUG_INIT_0 (Suspended, USER_REQUEST)
(15:38:19.203) INFO: [TadState] TAD state changed from DEBUG_INIT_0 to DEBUG_INIT_1 (Resumed, USER_REQUEST)
(15:38:19.239) INFO: [TadState] TAD state changed from DEBUG_INIT_1 to DEBUG_SUSPENDED (Suspended, BREAKPOINT)
(15:38:21.521) INFO: [TadState] TAD state changed from DEBUG_SUSPENDED to DEBUG_RESUMED (Resumed, USER_REQUEST)
(15:39:42.104) INFO: [TadState] TAD state changed from DEBUG_RESUMED to READY (Suspended, SIGNAL)
(15:39:42.618) ReadingException: com.freescale.mqx.gdb.tad.model.globalstatus.TadGlobalStatusFactory.isMqxDataValid() at 60.line "readLongVariableSafely(_mqx_kernel_data)"
(15:39:42.618) ERROR: [TadGlobalStatusFactory] Kernel Data NOT valid (pointer: 0x0000)
(15:39:42.618) ERROR: [TadGlobalStatusFactory] MQX data not valid!
(15:39:42.619) INFO: [TadModel$3] Loading of TAD Global Status took 510 ms
(15:39:42.619) INFO: [TadGlobalStatusController] TAD global status data is ready!
(15:39:43.514) INFO: [TadModel] DSF session ID 4 has ended
(15:39:44.454) INFO: [TadModel] DSF session ID 5 has started
(15:39:47.026) INFO: [TadState] TAD state changed from DEBUG_STARTED to DEBUG_INIT_0 (Suspended, USER_REQUEST)
(15:39:48.544) INFO: [TadState] TAD state changed from DEBUG_INIT_0 to DEBUG_INIT_1 (Resumed, USER_REQUEST)
(15:39:48.578) INFO: [TadState] TAD state changed from DEBUG_INIT_1 to DEBUG_SUSPENDED (Suspended, BREAKPOINT)
(15:39:50.008) INFO: [TadState] TAD state changed from DEBUG_SUSPENDED to DEBUG_RESUMED (Resumed, USER_REQUEST)
(15:42:02.625) INFO: [TadState] TAD state changed from DEBUG_RESUMED to READY (Suspended, SIGNAL)
(15:42:03.134) ReadingException: com.freescale.mqx.gdb.tad.model.globalstatus.TadGlobalStatusFactory.isMqxDataValid() at 60.line "readLongVariableSafely(_mqx_kernel_data)"
(15:42:03.134) ERROR: [TadGlobalStatusFactory] Kernel Data NOT valid (pointer: 0x0000)
(15:42:03.134) ERROR: [TadGlobalStatusFactory] MQX data not valid!
(15:42:03.134) INFO: [TadModel$3] Loading of TAD Global Status took 507 ms
(15:42:03.134) INFO: [TadGlobalStatusController] TAD global status data is ready!
