(06:57:28.080) INFO: [TadState] TAD state init (NONE)
(07:09:45.921) INFO: [TadModel] DSF session ID 0 has started
(07:09:52.173) INFO: [TadState] TAD state changed from DEBUG_STARTED to DEBUG_INIT_0 (Suspended, USER_REQUEST)
(07:09:55.105) INFO: [TadState] TAD state changed from DEBUG_INIT_0 to DEBUG_INIT_1 (Resumed, USER_REQUEST)
(07:09:55.142) INFO: [TadState] TAD state changed from DEBUG_INIT_1 to DEBUG_SUSPENDED (Suspended, BREAKPOINT)
(07:10:02.605) INFO: [TadState] TAD state changed from DEBUG_SUSPENDED to DEBUG_RESUMED (Resumed, USER_REQUEST)
(08:00:08.802) INFO: [TadState] TAD state changed from DEBUG_RESUMED to READY (Suspended, SIGNAL)
(08:00:09.312) ReadingException: com.freescale.mqx.gdb.tad.model.globalstatus.TadGlobalStatusFactory.isMqxDataValid() at 60.line "readLongVariableSafely(_mqx_kernel_data)"
(08:00:09.312) ERROR: [TadGlobalStatusFactory] Kernel Data NOT valid (pointer: 0x0000)
(08:00:09.312) ERROR: [TadGlobalStatusFactory] MQX data not valid!
(08:00:09.312) INFO: [TadModel$3] Loading of TAD Global Status took 507 ms
(08:00:09.312) INFO: [TadGlobalStatusController] TAD global status data is ready!
(08:00:09.712) INFO: [TadModel] DSF session ID 1 has started
(08:00:10.202) INFO: [TadModel] DSF session ID 0 has ended
(08:00:13.634) INFO: [TadState] TAD state changed from NONE to DEBUG_INIT_0 (Suspended, USER_REQUEST)
(08:00:16.152) INFO: [TadState] TAD state changed from DEBUG_INIT_0 to DEBUG_INIT_1 (Resumed, USER_REQUEST)
(08:28:13.278) INFO: [TadState] TAD state changed from DEBUG_INIT_1 to DEBUG_SUSPENDED (Suspended, SIGNAL)
(08:28:14.658) INFO: [TadModel] DSF session ID 1 has ended
(08:28:16.628) INFO: [TadModel] DSF session ID 2 has started
(08:28:19.308) INFO: [TadState] TAD state changed from DEBUG_STARTED to DEBUG_INIT_0 (Suspended, USER_REQUEST)
(08:28:21.988) INFO: [TadState] TAD state changed from DEBUG_INIT_0 to DEBUG_INIT_1 (Resumed, USER_REQUEST)
(08:28:22.025) INFO: [TadState] TAD state changed from DEBUG_INIT_1 to DEBUG_SUSPENDED (Suspended, BREAKPOINT)
(08:28:25.046) INFO: [TadState] TAD state changed from DEBUG_SUSPENDED to DEBUG_RESUMED (Resumed, USER_REQUEST)
(08:54:45.392) INFO: [TadState] TAD state changed from DEBUG_RESUMED to READY (Suspended, SIGNAL)
(08:54:45.914) ReadingException: com.freescale.mqx.gdb.tad.model.globalstatus.TadGlobalStatusFactory.isMqxDataValid() at 60.line "readLongVariableSafely(_mqx_kernel_data)"
(08:54:45.914) ERROR: [TadGlobalStatusFactory] Kernel Data NOT valid (pointer: 0x0000)
(08:54:45.914) ERROR: [TadGlobalStatusFactory] MQX data not valid!
(08:54:45.914) INFO: [TadModel$3] Loading of TAD Global Status took 512 ms
(08:54:45.914) INFO: [TadGlobalStatusController] TAD global status data is ready!
(08:54:46.756) INFO: [TadModel] DSF session ID 2 has ended
(08:54:46.962) INFO: [TadModel] DSF session ID 3 has started
(08:54:49.882) INFO: [TadState] TAD state changed from DEBUG_STARTED to DEBUG_INIT_0 (Suspended, USER_REQUEST)
(08:54:52.546) INFO: [TadState] TAD state changed from DEBUG_INIT_0 to DEBUG_INIT_1 (Resumed, USER_REQUEST)
(08:54:52.575) INFO: [TadState] TAD state changed from DEBUG_INIT_1 to DEBUG_SUSPENDED (Suspended, BREAKPOINT)
(08:54:53.848) INFO: [TadState] TAD state changed from DEBUG_SUSPENDED to DEBUG_RESUMED (Resumed, USER_REQUEST)
(09:01:15.221) INFO: [TadModel] DSF session ID 4 has started
(09:01:16.231) INFO: [TadState] TAD state changed from DEBUG_STARTED to DEBUG_INIT_0 (Suspended, SIGNAL)
(09:01:17.640) INFO: [TadModel] DSF session ID 3 has ended
(09:01:19.087) INFO: [TadModel] DSF session ID 4 has ended
(09:02:09.722) INFO: [TadModel] DSF session ID 5 has started
(09:02:11.774) INFO: [TadState] TAD state changed from DEBUG_STARTED to DEBUG_INIT_0 (Suspended, USER_REQUEST)
(09:02:14.421) INFO: [TadState] TAD state changed from DEBUG_INIT_0 to DEBUG_INIT_1 (Resumed, USER_REQUEST)
(09:02:14.451) INFO: [TadState] TAD state changed from DEBUG_INIT_1 to DEBUG_SUSPENDED (Suspended, BREAKPOINT)
(09:02:15.237) INFO: [TadState] TAD state changed from DEBUG_SUSPENDED to DEBUG_RESUMED (Resumed, USER_REQUEST)
(09:04:46.449) INFO: [TadModel] DSF session ID 6 has started
(09:04:47.425) INFO: [TadState] TAD state changed from DEBUG_STARTED to DEBUG_INIT_0 (Suspended, SIGNAL)
(09:04:48.829) INFO: [TadModel] DSF session ID 5 has ended
(09:04:49.939) INFO: [TadState] TAD state changed from NONE to DEBUG_INIT_0 (Suspended, USER_REQUEST)
(09:04:52.479) INFO: [TadState] TAD state changed from DEBUG_INIT_0 to DEBUG_INIT_1 (Resumed, USER_REQUEST)
(09:06:35.779) INFO: [TadState] TAD state changed from DEBUG_INIT_1 to DEBUG_SUSPENDED (Suspended, SIGNAL)
(09:06:37.109) INFO: [TadModel] DSF session ID 6 has ended
(09:06:38.103) INFO: [TadModel] DSF session ID 7 has started
(09:06:40.714) INFO: [TadState] TAD state changed from DEBUG_STARTED to DEBUG_INIT_0 (Suspended, USER_REQUEST)
(09:06:43.349) INFO: [TadState] TAD state changed from DEBUG_INIT_0 to DEBUG_INIT_1 (Resumed, USER_REQUEST)
(09:06:43.383) INFO: [TadState] TAD state changed from DEBUG_INIT_1 to DEBUG_SUSPENDED (Suspended, BREAKPOINT)
(09:06:44.065) INFO: [TadState] TAD state changed from DEBUG_SUSPENDED to DEBUG_RESUMED (Resumed, USER_REQUEST)
(09:08:22.394) INFO: [TadModel] DSF session ID 8 has started
(09:08:23.551) INFO: [TadState] TAD state changed from DEBUG_STARTED to DEBUG_INIT_0 (Suspended, SIGNAL)
(09:08:24.952) INFO: [TadModel] DSF session ID 7 has ended
(09:08:26.029) INFO: [TadState] TAD state changed from NONE to DEBUG_INIT_0 (Suspended, USER_REQUEST)
(09:08:28.531) INFO: [TadState] TAD state changed from DEBUG_INIT_0 to DEBUG_INIT_1 (Resumed, USER_REQUEST)
(09:09:20.749) INFO: [TadModel] DSF session ID 9 has started
(09:09:22.059) INFO: [TadState] TAD state changed from DEBUG_STARTED to DEBUG_INIT_0 (Suspended, SIGNAL)
(09:09:23.430) INFO: [TadModel] DSF session ID 8 has ended
(09:09:24.549) INFO: [TadState] TAD state changed from NONE to DEBUG_INIT_0 (Suspended, USER_REQUEST)
(09:09:26.985) INFO: [TadState] TAD state changed from DEBUG_INIT_0 to DEBUG_INIT_1 (Resumed, USER_REQUEST)
(09:18:28.844) INFO: [TadModel] DSF session ID 10 has started
(09:18:30.140) INFO: [TadState] TAD state changed from DEBUG_STARTED to DEBUG_INIT_0 (Suspended, SIGNAL)
(09:18:31.016) INFO: [TadModel] DSF session ID 9 has ended
(09:18:32.198) INFO: [TadState] TAD state changed from NONE to DEBUG_INIT_0 (Suspended, USER_REQUEST)
(09:18:33.704) INFO: [TadState] TAD state changed from DEBUG_INIT_0 to DEBUG_INIT_1 (Resumed, USER_REQUEST)
(09:18:33.736) INFO: [TadState] TAD state changed from DEBUG_INIT_1 to DEBUG_SUSPENDED (Suspended, BREAKPOINT)
(09:18:35.410) INFO: [TadState] TAD state changed from DEBUG_SUSPENDED to DEBUG_RESUMED (Resumed, USER_REQUEST)
(09:25:06.065) INFO: [TadModel] DSF session ID 11 has started
(09:25:07.198) INFO: [TadState] TAD state changed from DEBUG_STARTED to DEBUG_INIT_0 (Suspended, SIGNAL)
(09:25:08.595) INFO: [TadModel] DSF session ID 10 has ended
(09:25:09.735) INFO: [TadState] TAD state changed from NONE to DEBUG_INIT_0 (Suspended, USER_REQUEST)
(09:25:12.125) INFO: [TadState] TAD state changed from DEBUG_INIT_0 to DEBUG_INIT_1 (Resumed, USER_REQUEST)
(09:26:49.395) INFO: [TadModel] DSF session ID 12 has started
(09:26:50.565) INFO: [TadState] TAD state changed from DEBUG_STARTED to DEBUG_INIT_0 (Suspended, SIGNAL)
(09:26:51.938) INFO: [TadModel] DSF session ID 11 has ended
(09:26:53.145) INFO: [TadState] TAD state changed from NONE to DEBUG_INIT_0 (Suspended, USER_REQUEST)
(09:26:55.663) INFO: [TadState] TAD state changed from DEBUG_INIT_0 to DEBUG_INIT_1 (Resumed, USER_REQUEST)
(09:38:29.829) INFO: [TadModel] DSF session ID 13 has started
(09:38:30.923) INFO: [TadState] TAD state changed from DEBUG_STARTED to DEBUG_INIT_0 (Suspended, SIGNAL)
(09:38:32.369) INFO: [TadModel] DSF session ID 12 has ended
(09:38:33.569) INFO: [TadState] TAD state changed from NONE to DEBUG_INIT_0 (Suspended, USER_REQUEST)
(09:38:36.037) INFO: [TadState] TAD state changed from DEBUG_INIT_0 to DEBUG_INIT_1 (Resumed, USER_REQUEST)
(09:43:17.785) INFO: [TadModel] DSF session ID 13 has ended
(09:43:34.641) INFO: [TadModel] DSF session ID 14 has started
(09:43:37.309) INFO: [TadState] TAD state changed from DEBUG_STARTED to DEBUG_INIT_0 (Suspended, USER_REQUEST)
(09:43:38.668) INFO: [TadState] TAD state changed from DEBUG_INIT_0 to DEBUG_INIT_1 (Resumed, USER_REQUEST)
(09:44:03.629) INFO: [TadModel] DSF session ID 14 has ended
(09:44:34.078) INFO: [TadModel] DSF session ID 15 has started
(09:44:36.368) INFO: [TadState] TAD state changed from DEBUG_STARTED to DEBUG_INIT_0 (Suspended, USER_REQUEST)
(09:44:37.788) INFO: [TadState] TAD state changed from DEBUG_INIT_0 to DEBUG_INIT_1 (Resumed, USER_REQUEST)
(09:45:10.568) INFO: [TadModel] DSF session ID 15 has ended
(09:45:24.638) INFO: [TadModel] DSF session ID 16 has started
(09:45:26.833) INFO: [TadState] TAD state changed from DEBUG_STARTED to DEBUG_INIT_0 (Suspended, USER_REQUEST)
(09:45:28.183) INFO: [TadState] TAD state changed from DEBUG_INIT_0 to DEBUG_INIT_1 (Resumed, USER_REQUEST)
(09:50:52.833) INFO: [TadState] TAD state changed from DEBUG_INIT_1 to DEBUG_SUSPENDED (Suspended, SIGNAL)
(09:50:54.177) INFO: [TadModel] DSF session ID 16 has ended
(10:00:13.614) INFO: [TadModel] DSF session ID 17 has started
(10:00:15.845) INFO: [TadState] TAD state changed from DEBUG_STARTED to DEBUG_INIT_0 (Suspended, USER_REQUEST)
(10:00:17.365) INFO: [TadState] TAD state changed from DEBUG_INIT_0 to DEBUG_INIT_1 (Resumed, USER_REQUEST)
(10:00:17.402) INFO: [TadState] TAD state changed from DEBUG_INIT_1 to DEBUG_SUSPENDED (Suspended, BREAKPOINT)
(10:00:18.059) INFO: [TadState] TAD state changed from DEBUG_SUSPENDED to DEBUG_RESUMED (Resumed, USER_REQUEST)
(10:00:32.416) INFO: [TadModel] DSF session ID 18 has started
(10:00:33.515) INFO: [TadState] TAD state changed from DEBUG_STARTED to DEBUG_INIT_0 (Suspended, SIGNAL)
(10:00:34.935) INFO: [TadModel] DSF session ID 17 has ended
(10:00:36.085) INFO: [TadState] TAD state changed from NONE to DEBUG_INIT_0 (Suspended, USER_REQUEST)
(10:00:37.545) INFO: [TadState] TAD state changed from DEBUG_INIT_0 to DEBUG_INIT_1 (Resumed, USER_REQUEST)
(10:00:37.585) INFO: [TadState] TAD state changed from DEBUG_INIT_1 to DEBUG_SUSPENDED (Suspended, BREAKPOINT)
(10:00:38.399) INFO: [TadState] TAD state changed from DEBUG_SUSPENDED to DEBUG_RESUMED (Resumed, USER_REQUEST)
(10:03:45.568) INFO: [TadModel] DSF session ID 19 has started
(10:03:46.818) INFO: [TadState] TAD state changed from DEBUG_STARTED to DEBUG_INIT_0 (Suspended, SIGNAL)
(10:03:48.234) INFO: [TadModel] DSF session ID 18 has ended
(10:03:49.372) INFO: [TadState] TAD state changed from NONE to DEBUG_INIT_0 (Suspended, USER_REQUEST)
(10:03:50.872) INFO: [TadState] TAD state changed from DEBUG_INIT_0 to DEBUG_INIT_1 (Resumed, USER_REQUEST)
(10:03:50.914) INFO: [TadState] TAD state changed from DEBUG_INIT_1 to DEBUG_SUSPENDED (Suspended, BREAKPOINT)
(10:03:51.873) INFO: [TadState] TAD state changed from DEBUG_SUSPENDED to DEBUG_RESUMED (Resumed, USER_REQUEST)
(10:04:22.642) INFO: [TadModel] DSF session ID 20 has started
(10:04:23.751) INFO: [TadState] TAD state changed from DEBUG_STARTED to DEBUG_INIT_0 (Suspended, SIGNAL)
(10:04:25.155) INFO: [TadModel] DSF session ID 19 has ended
(10:04:26.395) INFO: [TadState] TAD state changed from NONE to DEBUG_INIT_0 (Suspended, USER_REQUEST)
(10:04:27.912) INFO: [TadState] TAD state changed from DEBUG_INIT_0 to DEBUG_INIT_1 (Resumed, USER_REQUEST)
(10:04:27.944) INFO: [TadState] TAD state changed from DEBUG_INIT_1 to DEBUG_SUSPENDED (Suspended, BREAKPOINT)
(10:04:28.335) INFO: [TadState] TAD state changed from DEBUG_SUSPENDED to DEBUG_RESUMED (Resumed, USER_REQUEST)
(10:23:01.621) INFO: [TadModel] DSF session ID 21 has started
(10:23:02.926) INFO: [TadState] TAD state changed from DEBUG_STARTED to DEBUG_INIT_0 (Suspended, SIGNAL)
(10:23:04.321) INFO: [TadModel] DSF session ID 20 has ended
(10:23:05.614) INFO: [TadState] TAD state changed from NONE to DEBUG_INIT_0 (Suspended, USER_REQUEST)
(10:23:07.101) INFO: [TadState] TAD state changed from DEBUG_INIT_0 to DEBUG_INIT_1 (Resumed, USER_REQUEST)
(10:23:07.135) INFO: [TadState] TAD state changed from DEBUG_INIT_1 to DEBUG_SUSPENDED (Suspended, BREAKPOINT)
(10:23:07.693) INFO: [TadState] TAD state changed from DEBUG_SUSPENDED to DEBUG_RESUMED (Resumed, USER_REQUEST)
(10:23:27.811) INFO: [TadModel] DSF session ID 22 has started
(10:23:29.131) INFO: [TadState] TAD state changed from DEBUG_STARTED to DEBUG_INIT_0 (Suspended, SIGNAL)
(10:23:30.012) INFO: [TadModel] DSF session ID 21 has ended
(10:23:31.228) INFO: [TadState] TAD state changed from NONE to DEBUG_INIT_0 (Suspended, USER_REQUEST)
(10:23:32.723) INFO: [TadState] TAD state changed from DEBUG_INIT_0 to DEBUG_INIT_1 (Resumed, USER_REQUEST)
(10:23:32.755) INFO: [TadState] TAD state changed from DEBUG_INIT_1 to DEBUG_SUSPENDED (Suspended, BREAKPOINT)
(10:23:33.204) INFO: [TadState] TAD state changed from DEBUG_SUSPENDED to DEBUG_RESUMED (Resumed, USER_REQUEST)
(10:24:52.298) INFO: [TadModel] DSF session ID 23 has started
(10:24:53.479) INFO: [TadState] TAD state changed from DEBUG_STARTED to DEBUG_INIT_0 (Suspended, SIGNAL)
(10:24:54.893) INFO: [TadModel] DSF session ID 22 has ended
(10:24:56.116) INFO: [TadState] TAD state changed from NONE to DEBUG_INIT_0 (Suspended, USER_REQUEST)
(10:24:57.628) INFO: [TadState] TAD state changed from DEBUG_INIT_0 to DEBUG_INIT_1 (Resumed, USER_REQUEST)
(10:24:57.665) INFO: [TadState] TAD state changed from DEBUG_INIT_1 to DEBUG_SUSPENDED (Suspended, BREAKPOINT)
(10:24:58.222) INFO: [TadState] TAD state changed from DEBUG_SUSPENDED to DEBUG_RESUMED (Resumed, USER_REQUEST)
(10:25:09.908) INFO: [TadState] TAD state changed from DEBUG_RESUMED to READY (Suspended, SIGNAL)
(10:25:10.432) ReadingException: com.freescale.mqx.gdb.tad.model.globalstatus.TadGlobalStatusFactory.isMqxDataValid() at 60.line "readLongVariableSafely(_mqx_kernel_data)"
(10:25:10.432) ERROR: [TadGlobalStatusFactory] Kernel Data NOT valid (pointer: 0x0000)
(10:25:10.432) ERROR: [TadGlobalStatusFactory] MQX data not valid!
(10:25:10.432) INFO: [TadModel$3] Loading of TAD Global Status took 517 ms
(10:25:10.432) INFO: [TadGlobalStatusController] TAD global status data is ready!
(10:25:11.328) INFO: [TadModel] DSF session ID 23 has ended
(10:44:13.161) INFO: [TadModel] DSF session ID 24 has started
(10:44:16.143) INFO: [TadState] TAD state changed from DEBUG_STARTED to DEBUG_INIT_0 (Suspended, USER_REQUEST)
(10:44:18.731) INFO: [TadState] TAD state changed from DEBUG_INIT_0 to DEBUG_INIT_1 (Resumed, USER_REQUEST)
(10:44:18.771) INFO: [TadState] TAD state changed from DEBUG_INIT_1 to DEBUG_SUSPENDED (Suspended, BREAKPOINT)
(10:44:19.664) INFO: [TadState] TAD state changed from DEBUG_SUSPENDED to DEBUG_RESUMED (Resumed, USER_REQUEST)
